Archive member included because of file (symbol)

.\CortexM3\ARM_GCC_493\Debug\ZumoBot.a(cyfitter_cfg.o)
                              .\CortexM3\ARM_GCC_493\Debug\Cm3Start.o (cyfitter_cfg)
.\CortexM3\ARM_GCC_493\Debug\ZumoBot.a(PWM.o)
                              .\CortexM3\ARM_GCC_493\Debug\Motor.o (PWM_Stop)
.\CortexM3\ARM_GCC_493\Debug\ZumoBot.a(I2C.o)
                              .\CortexM3\ARM_GCC_493\Debug\Nunchuk.o (I2C_Start)
.\CortexM3\ARM_GCC_493\Debug\ZumoBot.a(I2C_INT.o)
                              .\CortexM3\ARM_GCC_493\Debug\ZumoBot.a(I2C.o) (I2C_ISR)
.\CortexM3\ARM_GCC_493\Debug\ZumoBot.a(I2C_PM.o)
                              .\CortexM3\ARM_GCC_493\Debug\ZumoBot.a(I2C.o) (I2C_backup)
.\CortexM3\ARM_GCC_493\Debug\ZumoBot.a(I2C_MASTER.o)
                              .\CortexM3\ARM_GCC_493\Debug\I2C_made.o (I2C_MasterWriteBuf)
.\CortexM3\ARM_GCC_493\Debug\ZumoBot.a(CyLib.o)
                              .\CortexM3\ARM_GCC_493\Debug\Cm3Start.o (CyHalt)
.\CortexM3\ARM_GCC_493\Debug\ZumoBot.a(cyPm.o)
                              .\CortexM3\ARM_GCC_493\Debug\ZumoBot.a(CyLib.o) (CyPmReadStatus)
.\CortexM3\ARM_GCC_493\Debug\ZumoBot.a(MotorDirLeft.o)
                              .\CortexM3\ARM_GCC_493\Debug\Motor.o (MotorDirLeft_Write)
.\CortexM3\ARM_GCC_493\Debug\ZumoBot.a(MotorDirRight.o)
                              .\CortexM3\ARM_GCC_493\Debug\Motor.o (MotorDirRight_Write)
.\CortexM3\ARM_GCC_493\Debug\ZumoBot.a(IR_led.o)
                              .\CortexM3\ARM_GCC_493\Debug\main.o (IR_led_Write)
.\CortexM3\ARM_GCC_493\Debug\ZumoBot.a(sensor_isr.o)
                              .\CortexM3\ARM_GCC_493\Debug\main.o (sensor_isr_StartEx)
.\CortexM3\ARM_GCC_493\Debug\ZumoBot.a(UART_1.o)
                              .\CortexM3\ARM_GCC_493\Debug\main.o (UART_1_Start)
.\CortexM3\ARM_GCC_493\Debug\ZumoBot.a(IR_receiver.o)
                              .\CortexM3\ARM_GCC_493\Debug\IR.o (IR_receiver_Read)
.\CortexM3\ARM_GCC_493\Debug\ZumoBot.a(Trig.o)
                              .\CortexM3\ARM_GCC_493\Debug\Ultra.o (Trig_Write)
.\CortexM3\ARM_GCC_493\Debug\ZumoBot.a(Timer.o)
                              .\CortexM3\ARM_GCC_493\Debug\Ultra.o (Timer_Stop)
.\CortexM3\ARM_GCC_493\Debug\ZumoBot.a(Echo.o)
                              .\CortexM3\ARM_GCC_493\Debug\Ultra.o (Echo_Read)
.\CortexM3\ARM_GCC_493\Debug\ZumoBot.a(ultra_isr.o)
                              .\CortexM3\ARM_GCC_493\Debug\Ultra.o (ultra_isr_StartEx)
.\CortexM3\ARM_GCC_493\Debug\ZumoBot.a(UART_1_IntClock.o)
                              .\CortexM3\ARM_GCC_493\Debug\ZumoBot.a(UART_1.o) (UART_1_IntClock_Start)
.\CortexM3\ARM_GCC_493\Debug\ZumoBot.a(Buzzer_PWM.o)
                              .\CortexM3\ARM_GCC_493\Debug\Beep.o (Buzzer_PWM_Stop)
.\CortexM3\ARM_GCC_493\Debug\ZumoBot.a(L3.o)
                              .\CortexM3\ARM_GCC_493\Debug\Reflectance.o (L3_Write)
.\CortexM3\ARM_GCC_493\Debug\ZumoBot.a(Timer_L3.o)
                              .\CortexM3\ARM_GCC_493\Debug\Reflectance.o (Timer_L3_ReadStatusRegister)
.\CortexM3\ARM_GCC_493\Debug\ZumoBot.a(Timer_R3.o)
                              .\CortexM3\ARM_GCC_493\Debug\Reflectance.o (Timer_R3_ReadStatusRegister)
.\CortexM3\ARM_GCC_493\Debug\ZumoBot.a(Timer_R1.o)
                              .\CortexM3\ARM_GCC_493\Debug\Reflectance.o (Timer_R1_ReadStatusRegister)
.\CortexM3\ARM_GCC_493\Debug\ZumoBot.a(R1.o)
                              .\CortexM3\ARM_GCC_493\Debug\Reflectance.o (R1_Write)
.\CortexM3\ARM_GCC_493\Debug\ZumoBot.a(R3.o)
                              .\CortexM3\ARM_GCC_493\Debug\Reflectance.o (R3_Write)
.\CortexM3\ARM_GCC_493\Debug\ZumoBot.a(Timer_L1.o)
                              .\CortexM3\ARM_GCC_493\Debug\Reflectance.o (Timer_L1_ReadStatusRegister)
.\CortexM3\ARM_GCC_493\Debug\ZumoBot.a(L1.o)
                              .\CortexM3\ARM_GCC_493\Debug\Reflectance.o (L1_Write)
.\CortexM3\ARM_GCC_493\Debug\ZumoBot.a(CyBootAsmGnu.o)
                              .\CortexM3\ARM_GCC_493\Debug\ZumoBot.a(cyfitter_cfg.o) (CyDelayCycles)
.\CortexM3\ARM_GCC_493\Debug\ZumoBot.a(CyFlash.o)
                              .\CortexM3\ARM_GCC_493\Debug\ZumoBot.a(cyPm.o) (CyFlash_SetWaitCycles)
.\CortexM3\ARM_GCC_493\Debug\ZumoBot.a(CySpc.o)
                              .\CortexM3\ARM_GCC_493\Debug\ZumoBot.a(CyFlash.o) (CySpcStart)
c:/program files (x86)/cypress/psoc creator/4.0/psoc creator/import/gnu/arm/4.9.3/bin/../lib/gcc/arm-none-eabi/4.9.3/../../../../arm-none-eabi/lib/armv7-m\libm.a(lib_a-w_atan2.o)
                              .\CortexM3\ARM_GCC_493\Debug\Accel.o (atan2)
c:/program files (x86)/cypress/psoc creator/4.0/psoc creator/import/gnu/arm/4.9.3/bin/../lib/gcc/arm-none-eabi/4.9.3/../../../../arm-none-eabi/lib/armv7-m\libm.a(lib_a-w_pow.o)
                              .\CortexM3\ARM_GCC_493\Debug\Ambient.o (pow)
[...]
Memory Configuration

Name             Origin             Length             Attributes
rom              0x00000000         0x00040000         xr
ram              0x1fff8000         0x00010000         xrw
*default*        0x00000000         0xffffffff

Linker script and memory map

LOAD c:/program files (x86)/cypress/psoc creator/4.0/psoc creator/import/gnu/arm/4.9.3/bin/../lib/gcc/arm-none-eabi/4.9.3/armv7-m/crti.o
LOAD c:/program files (x86)/cypress/psoc creator/4.0/psoc creator/import/gnu/arm/4.9.3/bin/../lib/gcc/arm-none-eabi/4.9.3/armv7-m/crtbegin.o
LOAD c:/program files (x86)/cypress/psoc creator/4.0/psoc creator/import/gnu/arm/4.9.3/bin/../lib/gcc/arm-none-eabi/4.9.3/../../../../arm-none-eabi/lib/armv7-m/crt0.o
START GROUP
LOAD .\CortexM3\ARM_GCC_493\Debug\main.o
LOAD .\CortexM3\ARM_GCC_493\Debug\Accel.o
LOAD .\CortexM3\ARM_GCC_493\Debug\Ambient.o
LOAD .\CortexM3\ARM_GCC_493\Debug\Gyro.o
LOAD .\CortexM3\ARM_GCC_493\Debug\I2C_made.o
LOAD .\CortexM3\ARM_GCC_493\Debug\IR.o
LOAD .\CortexM3\ARM_GCC_493\Debug\Magnet.o
LOAD .\CortexM3\ARM_GCC_493\Debug\Motor.o
LOAD .\CortexM3\ARM_GCC_493\Debug\Nunchuk.o
LOAD .\CortexM3\ARM_GCC_493\Debug\Reflectance.o
LOAD .\CortexM3\ARM_GCC_493\Debug\Ultra.o
LOAD .\CortexM3\ARM_GCC_493\Debug\Beep.o
LOAD .\CortexM3\ARM_GCC_493\Debug\cymetadata.o
LOAD .\CortexM3\ARM_GCC_493\Debug\Cm3Start.o
LOAD .\CortexM3\ARM_GCC_493\Debug\ZumoBot.a
LOAD C:\Program Files (x86)\Cypress\PSoC Creator\4.0\PSoC Creator\psoc\content\cycomponentlibrary\CyComponentLibrary.cylib\CortexM3\ARM_GCC_493\Debug\CyComponentLibrary.a
LOAD c:/program files (x86)/cypress/psoc creator/4.0/psoc creator/import/gnu/arm/4.9.3/bin/../lib/gcc/arm-none-eabi/4.9.3/../../../../arm-none-eabi/lib/armv7-m\libm.a
END GROUP
START GROUP
LOAD c:/program files (x86)/cypress/psoc creator/4.0/psoc creator/import/gnu/arm/4.9.3/bin/../lib/gcc/arm-none-eabi/4.9.3/armv7-m\libgcc.a
LOAD c:/program files (x86)/cypress/psoc creator/4.0/psoc creator/import/gnu/arm/4.9.3/bin/../lib/gcc/arm-none-eabi/4.9.3/../../../../arm-none-eabi/lib/armv7-m\libg.a
LOAD c:/program files (x86)/cypress/psoc creator/4.0/psoc creator/import/gnu/arm/4.9.3/bin/../lib/gcc/arm-none-eabi/4.9.3/../../../../arm-none-eabi/lib/armv7-m\libc.a
END GROUP
LOAD c:/program files (x86)/cypress/psoc creator/4.0/psoc creator/import/gnu/arm/4.9.3/bin/../lib/gcc/arm-none-eabi/4.9.3/armv7-m/crtend.o
LOAD c:/program files (x86)/cypress/psoc creator/4.0/psoc creator/import/gnu/arm/4.9.3/bin/../lib/gcc/arm-none-eabi/4.9.3/armv7-m/crtn.o
START GROUP
LOAD c:/program files (x86)/cypress/psoc creator/4.0/psoc creator/import/gnu/arm/4.9.3/bin/../lib/gcc/arm-none-eabi/4.9.3/armv7-m\libgcc.a
LOAD c:/program files (x86)/cypress/psoc creator/4.0/psoc creator/import/gnu/arm/4.9.3/bin/../lib/gcc/arm-none-eabi/4.9.3/../../../../arm-none-eabi/lib/armv7-m\libc.a
LOAD c:/program files (x86)/cypress/psoc creator/4.0/psoc creator/import/gnu/arm/4.9.3/bin/../lib/gcc/arm-none-eabi/4.9.3/../../../../arm-none-eabi/lib/armv7-m\libnosys.a
END GROUP
                0x00000000                CY_APPL_ORIGIN = 0x0
                0x00000100                CY_FLASH_ROW_SIZE = 0x100
                0x00000020                CY_ECC_ROW_SIZE = 0x20
                0x00000000                CY_EE_IN_BTLDR = 0x0
                0x00000000                CY_APPL_LOADABLE = 0x0
                0x00000800                CY_EE_SIZE = 0x800
                0x00000001                CY_APPL_NUM = 0x1
                0x00000001                CY_APPL_MAX = 0x1
                0x00000040                CY_METADATA_SIZE = 0x40
                0x00000000                CY_APPL_LOADABLE = 0x0
                0x00000000                CY_CHECKSUM_EXCLUDE_SIZE = ALIGN (0x0, CY_FLASH_ROW_SIZE)
                0x1fff8590                PROVIDE (__cy_heap_start, _end)
                0x00000001                PROVIDE (__cy_region_num, ((__cy_regions_end - __cy_regions) / 0x10))
                0x20008000                PROVIDE (__cy_stack, (ORIGIN (ram) + 0x10000))
                0x20007800                PROVIDE (__cy_heap_end, (__cy_stack - 0x800))

.cybootloader   0x00000000        0x0
 *(.cybootloader)
                0x00000000                appl1_start = CY_APPL_ORIGIN?CY_APPL_ORIGIN:ALIGN (CY_FLASH_ROW_SIZE)
                0x0001ff00                appl2_start = (appl1_start + ALIGN ((((0x40000 - appl1_start) - (0x2 * CY_FLASH_ROW_SIZE)) / 0x2), CY_FLASH_ROW_SIZE))
                0x00000000                appl_start = (CY_APPL_NUM == 0x1)?appl1_start:appl2_start
                0x00000000                ecc_offset = ((appl_start / CY_FLASH_ROW_SIZE) * CY_ECC_ROW_SIZE)
                0x00000000                ee_offset = (CY_APPL_LOADABLE && ! (CY_EE_IN_BTLDR))?((CY_EE_SIZE / CY_APPL_MAX) * (CY_APPL_NUM - 0x1)):0x0
                0x00000800                ee_size = (CY_APPL_LOADABLE && ! (CY_EE_IN_BTLDR))?(CY_EE_SIZE / CY_APPL_MAX):CY_EE_SIZE
                0x00000000                PROVIDE (CY_ECC_OFFSET, ecc_offset)

.text           0x00000000     0x1910
 CREATE_OBJECT_SYMBOLS
                0x00000000                PROVIDE (__cy_interrupt_vector, RomVectors)
 *(.romvectors)
 .romvectors    0x00000000       0x10 .\CortexM3\ARM_GCC_493\Debug\Cm3Start.o
                0x00000000                RomVectors
                0x00000001                ASSERT ((. != __cy_interrupt_vector), No interrupt vector)
                0x00000001                ASSERT (CY_APPL_ORIGIN?(SIZEOF (.cybootloader) <= CY_APPL_ORIGIN):0x1, Wrong image location)
                0x00000010                PROVIDE (__cy_reset, Reset)
 *(.text.Reset)
 .text.Reset    0x00000010       0x18 .\CortexM3\ARM_GCC_493\Debug\Cm3Start.o
                0x00000010                Reset
                0x00000001                ASSERT ((. != __cy_reset), No reset code)
 *(.dma_init)
                0x00000001                ASSERT ((((appl_start + .) <= 0x10000) || 0x1), DMA Init must be within the first 64k of flash)
 *(.text .text.* .gnu.linkonce.t.*)
 .text          0x00000028       0x5c c:/program files (x86)/cypress/psoc creator/4.0/psoc creator/import/gnu/arm/4.9.3/bin/../lib/gcc/arm-none-eabi/4.9.3/armv7-m/crtbegin.o
 *fill*         0x00000084        0x4 
 .text.main     0x00000088      0x130 .\CortexM3\ARM_GCC_493\Debug\main.o
                0x00000088                main
 .text.wait_going_down
                0x000001b8        0xc .\CortexM3\ARM_GCC_493\Debug\IR.o
                0x000001b8                wait_going_down
 .text.motor_start
                0x000001c4        0x8 .\CortexM3\ARM_GCC_493\Debug\Motor.o
                0x000001c4                motor_start
 .text.motor_stop
                0x000001cc        0x8 .\CortexM3\ARM_GCC_493\Debug\Motor.o
                0x000001cc                motor_stop
 .text.motor_turn
                0x000001d4       0x18 .\CortexM3\ARM_GCC_493\Debug\Motor.o
                0x000001d4                motor_turn
 .text.sensor_isr_handler
                0x000001ec      0x108 .\CortexM3\ARM_GCC_493\Debug\Reflectance.o
                0x000001ec                sensor_isr_handler
 .text.reflectance_start
                0x000002f4       0x20 .\CortexM3\ARM_GCC_493\Debug\Reflectance.o
                0x000002f4                reflectance_start
 .text.reflectance_read
                0x00000314       0x10 .\CortexM3\ARM_GCC_493\Debug\Reflectance.o
                0x00000314                reflectance_read
 .text.reflectance_digital
                0x00000324       0x6c .\CortexM3\ARM_GCC_493\Debug\Reflectance.o
                0x00000324                reflectance_digital
 .text.IntDefaultHandler
                0x00000390       0x10 .\CortexM3\ARM_GCC_493\Debug\Cm3Start.o
                0x00000390                IntDefaultHandler
 .text.Start_c  0x000003a0       0x4c .\CortexM3\ARM_GCC_493\Debug\Cm3Start.o
                0x000003a0                Start_c
 .text.initialize_psoc
                0x000003ec       0x74 .\CortexM3\ARM_GCC_493\Debug\Cm3Start.o
                0x000003ec                initialize_psoc
 .text.CyClockStartupError
                0x00000460        0x4 .\CortexM3\ARM_GCC_493\Debug\ZumoBot.a(cyfitter_cfg.o)
 .text.cfg_write_bytes32
                0x00000464       0x34 .\CortexM3\ARM_GCC_493\Debug\ZumoBot.a(cyfitter_cfg.o)
 .text.CYMEMZERO
                0x00000498        0xc .\CortexM3\ARM_GCC_493\Debug\ZumoBot.a(cyfitter_cfg.o)
 .text.ClockSetup
                0x000004a4       0xf0 .\CortexM3\ARM_GCC_493\Debug\ZumoBot.a(cyfitter_cfg.o)
 .text.AnalogSetDefault
                0x00000594       0x80 .\CortexM3\ARM_GCC_493\Debug\ZumoBot.a(cyfitter_cfg.o)
 .text.CYCONFIGCPY
                0x00000614        0x8 .\CortexM3\ARM_GCC_493\Debug\ZumoBot.a(cyfitter_cfg.o)
 .text.cyfitter_cfg
                0x0000061c      0x144 .\CortexM3\ARM_GCC_493\Debug\ZumoBot.a(cyfitter_cfg.o)
                0x0000061c                cyfitter_cfg
 .text.PWM_Enable
                0x00000760       0x10 .\CortexM3\ARM_GCC_493\Debug\ZumoBot.a(PWM.o)
                0x00000760                PWM_Enable
 .text.PWM_Stop
                0x00000770       0x10 .\CortexM3\ARM_GCC_493\Debug\ZumoBot.a(PWM.o)
                0x00000770                PWM_Stop
 .text.PWM_WriteCounter
                0x00000780        0xc .\CortexM3\ARM_GCC_493\Debug\ZumoBot.a(PWM.o)
                0x00000780                PWM_WriteCounter
 .text.PWM_WritePeriod
                0x0000078c        0xc .\CortexM3\ARM_GCC_493\Debug\ZumoBot.a(PWM.o)
                0x0000078c                PWM_WritePeriod
 .text.PWM_WriteCompare1
                0x00000798        0xc .\CortexM3\ARM_GCC_493\Debug\ZumoBot.a(PWM.o)
                0x00000798                PWM_WriteCompare1
 .text.PWM_WriteCompare2
                0x000007a4        0xc .\CortexM3\ARM_GCC_493\Debug\ZumoBot.a(PWM.o)
                0x000007a4                PWM_WriteCompare2
 .text.PWM_SetInterruptMode
                0x000007b0        0xc .\CortexM3\ARM_GCC_493\Debug\ZumoBot.a(PWM.o)
                0x000007b0                PWM_SetInterruptMode
 .text.PWM_ReadStatusRegister
                0x000007bc        0xc .\CortexM3\ARM_GCC_493\Debug\ZumoBot.a(PWM.o)
                0x000007bc                PWM_ReadStatusRegister
 .text.PWM_ReadCapture
                0x000007c8        0xc .\CortexM3\ARM_GCC_493\Debug\ZumoBot.a(PWM.o)
                0x000007c8                PWM_ReadCapture
 .text.PWM_ClearFIFO
                0x000007d4       0x14 .\CortexM3\ARM_GCC_493\Debug\ZumoBot.a(PWM.o)
                0x000007d4                PWM_ClearFIFO
 .text.PWM_Init
                0x000007e8       0x58 .\CortexM3\ARM_GCC_493\Debug\ZumoBot.a(PWM.o)
                0x000007e8                PWM_Init
 .text.PWM_Start
                0x00000840       0x1c .\CortexM3\ARM_GCC_493\Debug\ZumoBot.a(PWM.o)
                0x00000840                PWM_Start
 .text.CyDelay  0x0000085c       0x2c .\CortexM3\ARM_GCC_493\Debug\ZumoBot.a(CyLib.o)
                0x0000085c                CyDelay
 .text.CyDelayUs
                0x00000888       0x14 .\CortexM3\ARM_GCC_493\Debug\ZumoBot.a(CyLib.o)
                0x00000888                CyDelayUs
 .text.IR_led_Write
                0x0000089c       0x18 .\CortexM3\ARM_GCC_493\Debug\ZumoBot.a(IR_led.o)
                0x0000089c                IR_led_Write
 .text.sensor_isr_SetVector
                0x000008b4        0xc .\CortexM3\ARM_GCC_493\Debug\ZumoBot.a(sensor_isr.o)
                0x000008b4                sensor_isr_SetVector
 .text.sensor_isr_SetPriority
                0x000008c0       0x10 .\CortexM3\ARM_GCC_493\Debug\ZumoBot.a(sensor_isr.o)
                0x000008c0                sensor_isr_SetPriority
 .text.sensor_isr_Enable
                0x000008d0        0xc .\CortexM3\ARM_GCC_493\Debug\ZumoBot.a(sensor_isr.o)
                0x000008d0                sensor_isr_Enable
 .text.sensor_isr_Disable
                0x000008dc        0xc .\CortexM3\ARM_GCC_493\Debug\ZumoBot.a(sensor_isr.o)
                0x000008dc                sensor_isr_Disable
 .text.sensor_isr_StartEx
                0x000008e8       0x1c .\CortexM3\ARM_GCC_493\Debug\ZumoBot.a(sensor_isr.o)
                0x000008e8                sensor_isr_StartEx
 .text.UART_1_Init
                0x00000904       0x28 .\CortexM3\ARM_GCC_493\Debug\ZumoBot.a(UART_1.o)
                0x00000904                UART_1_Init
 .text.UART_1_Enable
                0x0000092c       0x38 .\CortexM3\ARM_GCC_493\Debug\ZumoBot.a(UART_1.o)
                0x0000092c                UART_1_Enable
 .text.UART_1_Start
                0x00000964       0x1c .\CortexM3\ARM_GCC_493\Debug\ZumoBot.a(UART_1.o)
                0x00000964                UART_1_Start
 .text.IR_receiver_Read
                0x00000980        0xc .\CortexM3\ARM_GCC_493\Debug\ZumoBot.a(IR_receiver.o)
                0x00000980                IR_receiver_Read
 .text.UART_1_IntClock_Start
                0x0000098c       0x1c .\CortexM3\ARM_GCC_493\Debug\ZumoBot.a(UART_1_IntClock.o)
                0x0000098c                UART_1_IntClock_Start
 .text.L3_Write
                0x000009a8       0x18 .\CortexM3\ARM_GCC_493\Debug\ZumoBot.a(L3.o)
                0x000009a8                L3_Write
 .text.L3_SetDriveMode
                0x000009c0       0x18 .\CortexM3\ARM_GCC_493\Debug\ZumoBot.a(L3.o)
                0x000009c0                L3_SetDriveMode
 .text.Timer_L3_Enable
                0x000009d8       0x28 .\CortexM3\ARM_GCC_493\Debug\ZumoBot.a(Timer_L3.o)
                0x000009d8                Timer_L3_Enable
 .text.Timer_L3_SetInterruptMode
                0x00000a00        0xc .\CortexM3\ARM_GCC_493\Debug\ZumoBot.a(Timer_L3.o)
                0x00000a00                Timer_L3_SetInterruptMode
 .text.Timer_L3_ReadStatusRegister
                0x00000a0c        0xc .\CortexM3\ARM_GCC_493\Debug\ZumoBot.a(Timer_L3.o)
                0x00000a0c                Timer_L3_ReadStatusRegister
 .text.Timer_L3_ReadPeriod
                0x00000a18        0xc .\CortexM3\ARM_GCC_493\Debug\ZumoBot.a(Timer_L3.o)
                0x00000a18                Timer_L3_ReadPeriod
 .text.Timer_L3_WritePeriod
                0x00000a24        0xc .\CortexM3\ARM_GCC_493\Debug\ZumoBot.a(Timer_L3.o)
                0x00000a24                Timer_L3_WritePeriod
 .text.Timer_L3_ReadCapture
                0x00000a30        0xc .\CortexM3\ARM_GCC_493\Debug\ZumoBot.a(Timer_L3.o)
                0x00000a30                Timer_L3_ReadCapture
 .text.Timer_L3_WriteCounter
                0x00000a3c        0xc .\CortexM3\ARM_GCC_493\Debug\ZumoBot.a(Timer_L3.o)
                0x00000a3c                Timer_L3_WriteCounter
 .text.Timer_L3_Init
                0x00000a48       0x68 .\CortexM3\ARM_GCC_493\Debug\ZumoBot.a(Timer_L3.o)
                0x00000a48                Timer_L3_Init
 .text.Timer_L3_Start
                0x00000ab0       0x1c .\CortexM3\ARM_GCC_493\Debug\ZumoBot.a(Timer_L3.o)
                0x00000ab0                Timer_L3_Start
 .text.Timer_R3_Enable
                0x00000acc       0x28 .\CortexM3\ARM_GCC_493\Debug\ZumoBot.a(Timer_R3.o)
                0x00000acc                Timer_R3_Enable
 .text.Timer_R3_SetInterruptMode
                0x00000af4        0xc .\CortexM3\ARM_GCC_493\Debug\ZumoBot.a(Timer_R3.o)
                0x00000af4                Timer_R3_SetInterruptMode
 .text.Timer_R3_ReadStatusRegister
                0x00000b00        0xc .\CortexM3\ARM_GCC_493\Debug\ZumoBot.a(Timer_R3.o)
                0x00000b00                Timer_R3_ReadStatusRegister
 .text.Timer_R3_ReadPeriod
                0x00000b0c        0xc .\CortexM3\ARM_GCC_493\Debug\ZumoBot.a(Timer_R3.o)
                0x00000b0c                Timer_R3_ReadPeriod
 .text.Timer_R3_WritePeriod
                0x00000b18        0xc .\CortexM3\ARM_GCC_493\Debug\ZumoBot.a(Timer_R3.o)
                0x00000b18                Timer_R3_WritePeriod
 .text.Timer_R3_ReadCapture
                0x00000b24        0xc .\CortexM3\ARM_GCC_493\Debug\ZumoBot.a(Timer_R3.o)
                0x00000b24                Timer_R3_ReadCapture
 .text.Timer_R3_WriteCounter
                0x00000b30        0xc .\CortexM3\ARM_GCC_493\Debug\ZumoBot.a(Timer_R3.o)
                0x00000b30                Timer_R3_WriteCounter
 .text.Timer_R3_Init
                0x00000b3c       0x68 .\CortexM3\ARM_GCC_493\Debug\ZumoBot.a(Timer_R3.o)
                0x00000b3c                Timer_R3_Init
 .text.Timer_R3_Start
                0x00000ba4       0x1c .\CortexM3\ARM_GCC_493\Debug\ZumoBot.a(Timer_R3.o)
                0x00000ba4                Timer_R3_Start
 .text.Timer_R1_Enable
                0x00000bc0       0x28 .\CortexM3\ARM_GCC_493\Debug\ZumoBot.a(Timer_R1.o)
                0x00000bc0                Timer_R1_Enable
 .text.Timer_R1_SetInterruptMode
                0x00000be8        0xc .\CortexM3\ARM_GCC_493\Debug\ZumoBot.a(Timer_R1.o)
                0x00000be8                Timer_R1_SetInterruptMode
 .text.Timer_R1_ReadStatusRegister
                0x00000bf4        0xc .\CortexM3\ARM_GCC_493\Debug\ZumoBot.a(Timer_R1.o)
                0x00000bf4                Timer_R1_ReadStatusRegister
 .text.Timer_R1_ReadPeriod
                0x00000c00        0xc .\CortexM3\ARM_GCC_493\Debug\ZumoBot.a(Timer_R1.o)
                0x00000c00                Timer_R1_ReadPeriod
 .text.Timer_R1_WritePeriod
                0x00000c0c        0xc .\CortexM3\ARM_GCC_493\Debug\ZumoBot.a(Timer_R1.o)
                0x00000c0c                Timer_R1_WritePeriod
 .text.Timer_R1_ReadCapture
                0x00000c18        0xc .\CortexM3\ARM_GCC_493\Debug\ZumoBot.a(Timer_R1.o)
                0x00000c18                Timer_R1_ReadCapture
 .text.Timer_R1_WriteCounter
                0x00000c24        0xc .\CortexM3\ARM_GCC_493\Debug\ZumoBot.a(Timer_R1.o)
                0x00000c24                Timer_R1_WriteCounter
 .text.Timer_R1_Init
                0x00000c30       0x68 .\CortexM3\ARM_GCC_493\Debug\ZumoBot.a(Timer_R1.o)
                0x00000c30                Timer_R1_Init
 .text.Timer_R1_Start
                0x00000c98       0x1c .\CortexM3\ARM_GCC_493\Debug\ZumoBot.a(Timer_R1.o)
                0x00000c98                Timer_R1_Start
 .text.R1_Write
                0x00000cb4       0x18 .\CortexM3\ARM_GCC_493\Debug\ZumoBot.a(R1.o)
                0x00000cb4                R1_Write
 .text.R1_SetDriveMode
                0x00000ccc       0x18 .\CortexM3\ARM_GCC_493\Debug\ZumoBot.a(R1.o)
                0x00000ccc                R1_SetDriveMode
 .text.R3_Write
                0x00000ce4       0x18 .\CortexM3\ARM_GCC_493\Debug\ZumoBot.a(R3.o)
                0x00000ce4                R3_Write
 .text.R3_SetDriveMode
                0x00000cfc       0x18 .\CortexM3\ARM_GCC_493\Debug\ZumoBot.a(R3.o)
                0x00000cfc                R3_SetDriveMode
 .text.Timer_L1_Enable
                0x00000d14       0x28 .\CortexM3\ARM_GCC_493\Debug\ZumoBot.a(Timer_L1.o)
                0x00000d14                Timer_L1_Enable
 .text.Timer_L1_SetInterruptMode
                0x00000d3c        0xc .\CortexM3\ARM_GCC_493\Debug\ZumoBot.a(Timer_L1.o)
                0x00000d3c                Timer_L1_SetInterruptMode
 .text.Timer_L1_ReadStatusRegister
                0x00000d48        0xc .\CortexM3\ARM_GCC_493\Debug\ZumoBot.a(Timer_L1.o)
                0x00000d48                Timer_L1_ReadStatusRegister
 .text.Timer_L1_ReadPeriod
                0x00000d54        0xc .\CortexM3\ARM_GCC_493\Debug\ZumoBot.a(Timer_L1.o)
                0x00000d54                Timer_L1_ReadPeriod
 .text.Timer_L1_WritePeriod
                0x00000d60        0xc .\CortexM3\ARM_GCC_493\Debug\ZumoBot.a(Timer_L1.o)
                0x00000d60                Timer_L1_WritePeriod
 .text.Timer_L1_ReadCapture
                0x00000d6c        0xc .\CortexM3\ARM_GCC_493\Debug\ZumoBot.a(Timer_L1.o)
                0x00000d6c                Timer_L1_ReadCapture
 .text.Timer_L1_WriteCounter
                0x00000d78        0xc .\CortexM3\ARM_GCC_493\Debug\ZumoBot.a(Timer_L1.o)
                0x00000d78                Timer_L1_WriteCounter
 .text.Timer_L1_Init
                0x00000d84       0x68 .\CortexM3\ARM_GCC_493\Debug\ZumoBot.a(Timer_L1.o)
                0x00000d84                Timer_L1_Init
 .text.Timer_L1_Start
                0x00000dec       0x1c .\CortexM3\ARM_GCC_493\Debug\ZumoBot.a(Timer_L1.o)
                0x00000dec                Timer_L1_Start
 .text.L1_Write
                0x00000e08       0x18 .\CortexM3\ARM_GCC_493\Debug\ZumoBot.a(L1.o)
                0x00000e08                L1_Write
 .text.L1_SetDriveMode
                0x00000e20       0x18 .\CortexM3\ARM_GCC_493\Debug\ZumoBot.a(L1.o)
                0x00000e20                L1_SetDriveMode
 .text          0x00000e38       0x20 .\CortexM3\ARM_GCC_493\Debug\ZumoBot.a(CyBootAsmGnu.o)
                0x00000e38                CyDelayCycles
                0x00000e48                CyEnterCriticalSection
                0x00000e50                CyExitCriticalSection
 .text          0x00000e58      0x370 c:/program files (x86)/cypress/psoc creator/4.0/psoc creator/import/gnu/arm/4.9.3/bin/../lib/gcc/arm-none-eabi/4.9.3/armv7-m\libgcc.a(_arm_addsubdf3.o)
                0x00000e58                __aeabi_drsub
                0x00000e60                __aeabi_dsub
                0x00000e60                __subdf3
                0x00000e64                __aeabi_dadd
                0x00000e64                __adddf3
                0x000010dc                __floatunsidf
                0x000010dc                __aeabi_ui2d
                0x000010fc                __floatsidf
                0x000010fc                __aeabi_i2d
                0x00001120                __aeabi_f2d
                0x00001120                __extendsfdf2
                0x0000115c                __floatundidf
                0x0000115c                __aeabi_ul2d
                0x0000116c                __floatdidf
                0x0000116c                __aeabi_l2d
 .text          0x000011c8      0x424 c:/program files (x86)/cypress/psoc creator/4.0/psoc creator/import/gnu/arm/4.9.3/bin/../lib/gcc/arm-none-eabi/4.9.3/armv7-m\libgcc.a(_arm_muldivdf3.o)
                0x000011c8                __aeabi_dmul
                0x000011c8                __muldf3
                0x0000141c                __divdf3
                0x0000141c                __aeabi_ddiv
 .text          0x000015ec       0x50 c:/program files (x86)/cypress/psoc creator/4.0/psoc creator/import/gnu/arm/4.9.3/bin/../lib/gcc/arm-none-eabi/4.9.3/armv7-m\libgcc.a(_arm_fixdfsi.o)
                0x000015ec                __aeabi_d2iz
                0x000015ec                __fixdfsi
 .text.__errno  0x0000163c        0xc c:/program files (x86)/cypress/psoc creator/4.0/psoc creator/import/gnu/arm/4.9.3/bin/../lib/gcc/arm-none-eabi/4.9.3/../../../../arm-none-eabi/lib/armv7-m\libg.a(lib_a-errno.o)
                0x0000163c                __errno
 .text.__libc_init_array
                0x00001648       0x50 c:/program files (x86)/cypress/psoc creator/4.0/psoc creator/import/gnu/arm/4.9.3/bin/../lib/gcc/arm-none-eabi/4.9.3/../../../../arm-none-eabi/lib/armv7-m\libg.a(lib_a-init.o)
                0x00001648                __libc_init_array
 .text          0x00001698       0xec c:/program files (x86)/cypress/psoc creator/4.0/psoc creator/import/gnu/arm/4.9.3/bin/../lib/gcc/arm-none-eabi/4.9.3/../../../../arm-none-eabi/lib/armv7-m\libg.a(lib_a-memcpy.o)
                0x00001698                memcpy
 .text.memset   0x00001784       0x9c c:/program files (x86)/cypress/psoc creator/4.0/psoc creator/import/gnu/arm/4.9.3/bin/../lib/gcc/arm-none-eabi/4.9.3/../../../../arm-none-eabi/lib/armv7-m\libg.a(lib_a-memset.o)
                0x00001784                memset
 .text.startup.register_fini
                0x00001820       0x14 c:/program files (x86)/cypress/psoc creator/4.0/psoc creator/import/gnu/arm/4.9.3/bin/../lib/gcc/arm-none-eabi/4.9.3/../../../../arm-none-eabi/lib/armv7-m\libg.a(lib_a-__call_atexit.o)
 .text.atexit   0x00001834        0xc c:/program files (x86)/cypress/psoc creator/4.0/psoc creator/import/gnu/arm/4.9.3/bin/../lib/gcc/arm-none-eabi/4.9.3/../../../../arm-none-eabi/lib/armv7-m\libg.a(lib_a-atexit.o)
                0x00001834                atexit
 .text.__libc_fini_array
                0x00001840       0x2c c:/program files (x86)/cypress/psoc creator/4.0/psoc creator/import/gnu/arm/4.9.3/bin/../lib/gcc/arm-none-eabi/4.9.3/../../../../arm-none-eabi/lib/armv7-m\libg.a(lib_a-fini.o)
                0x00001840                __libc_fini_array
 .text.__register_exitproc
                0x0000186c       0xa4 c:/program files (x86)/cypress/psoc creator/4.0/psoc creator/import/gnu/arm/4.9.3/bin/../lib/gcc/arm-none-eabi/4.9.3/../../../../arm-none-eabi/lib/armv7-m\libg.a(lib_a-__atexit.o)
                0x0000186c                __register_exitproc
 *(.plt)
 *(.gnu.warning)
 *(.glue_7t)
 .glue_7t       0x00000000        0x0 linker stubs
 *(.glue_7)
 .glue_7        0x00000000        0x0 linker stubs
 *(.vfp11_veneer)
 .vfp11_veneer  0x00000000        0x0 linker stubs
 *(.bootloader)
 *(.ARM.extab* .gnu.linkonce.armextab.*)
 *(.gcc_except_table)

.v4_bx          0x00001910        0x0
 .v4_bx         0x00000000        0x0 linker stubs

.iplt           0x00001910        0x0
 .iplt          0x00000000        0x0 c:/program files (x86)/cypress/psoc creator/4.0/psoc creator/import/gnu/arm/4.9.3/bin/../lib/gcc/arm-none-eabi/4.9.3/armv7-m/crtbegin.o

.eh_frame_hdr
 *(.eh_frame_hdr)

.eh_frame       0x00001910        0x4
 *(.eh_frame)
 .eh_frame      0x00001910        0x0 c:/program files (x86)/cypress/psoc creator/4.0/psoc creator/import/gnu/arm/4.9.3/bin/../lib/gcc/arm-none-eabi/4.9.3/armv7-m/crtbegin.o
 .eh_frame      0x00001910        0x4 c:/program files (x86)/cypress/psoc creator/4.0/psoc creator/import/gnu/arm/4.9.3/bin/../lib/gcc/arm-none-eabi/4.9.3/armv7-m/crtend.o
                0x00001914                PROVIDE (__exidx_start, .)

.ARM.exidx
 *(.ARM.exidx* .gnu.linkonce.armexidx.*)
                0x00001914                __exidx_end = .

.rodata         0x00001914       0x7c
 *(.rodata .rodata.* .gnu.linkonce.r.*)
 .rodata        0x00001914       0x3c .\CortexM3\ARM_GCC_493\Debug\ZumoBot.a(cyfitter_cfg.o)
 .rodata.str1.4
                0x00001950        0x4 c:/program files (x86)/cypress/psoc creator/4.0/psoc creator/import/gnu/arm/4.9.3/bin/../lib/gcc/arm-none-eabi/4.9.3/../../../../arm-none-eabi/lib/armv7-m\libg.a(lib_a-impure.o)
 .rodata._global_impure_ptr
                0x00001954        0x4 c:/program files (x86)/cypress/psoc creator/4.0/psoc creator/import/gnu/arm/4.9.3/bin/../lib/gcc/arm-none-eabi/4.9.3/../../../../arm-none-eabi/lib/armv7-m\libg.a(lib_a-impure.o)
                0x00001954                _global_impure_ptr
                0x00001958                . = ALIGN (0x4)
 *(.init)
 .init          0x00001958        0x4 c:/program files (x86)/cypress/psoc creator/4.0/psoc creator/import/gnu/arm/4.9.3/bin/../lib/gcc/arm-none-eabi/4.9.3/armv7-m/crti.o
                0x00001958                _init
 .init          0x0000195c        0x8 c:/program files (x86)/cypress/psoc creator/4.0/psoc creator/import/gnu/arm/4.9.3/bin/../lib/gcc/arm-none-eabi/4.9.3/armv7-m/crtn.o
                0x00001964                . = ALIGN (0x4)
                0x00001964                __preinit_array_start = .
 *(.preinit_array)
                0x00001964                __preinit_array_end = .
                0x00001964                . = ALIGN (0x4)
                0x00001964                __init_array_start = .
 *(SORT(.init_array.*))
 .init_array.00000
                0x00001964        0x4 c:/program files (x86)/cypress/psoc creator/4.0/psoc creator/import/gnu/arm/4.9.3/bin/../lib/gcc/arm-none-eabi/4.9.3/../../../../arm-none-eabi/lib/armv7-m\libg.a(lib_a-__call_atexit.o)
 *(.init_array)
 .init_array    0x00001968        0x4 c:/program files (x86)/cypress/psoc creator/4.0/psoc creator/import/gnu/arm/4.9.3/bin/../lib/gcc/arm-none-eabi/4.9.3/armv7-m/crtbegin.o
 .init_array    0x0000196c        0x4 .\CortexM3\ARM_GCC_493\Debug\Cm3Start.o
                0x00001970                __init_array_end = .
                0x00001970                . = ALIGN (0x4)
 *(.fini)
 .fini          0x00001970        0x4 c:/program files (x86)/cypress/psoc creator/4.0/psoc creator/import/gnu/arm/4.9.3/bin/../lib/gcc/arm-none-eabi/4.9.3/armv7-m/crti.o
                0x00001970                _fini
 .fini          0x00001974        0x8 c:/program files (x86)/cypress/psoc creator/4.0/psoc creator/import/gnu/arm/4.9.3/bin/../lib/gcc/arm-none-eabi/4.9.3/armv7-m/crtn.o
                0x0000197c                . = ALIGN (0x4)
                0x0000197c                __fini_array_start = .
 *(.fini_array)
 .fini_array    0x0000197c        0x4 c:/program files (x86)/cypress/psoc creator/4.0/psoc creator/import/gnu/arm/4.9.3/bin/../lib/gcc/arm-none-eabi/4.9.3/armv7-m/crtbegin.o
 *(SORT(.fini_array.*))
                0x00001980                __fini_array_end = .
                0x00001980                . = ALIGN (0x4)
 *crtbegin.o(.ctors)
 *(EXCLUDE_FILE(*crtend.o) .ctors)
 *(SORT(.ctors.*))
 *crtend.o(.ctors)
                0x00001980                . = ALIGN (0x4)
 *crtbegin.o(.dtors)
 *(EXCLUDE_FILE(*crtend.o) .dtors)
 *(SORT(.dtors.*))
 *crtend.o(.dtors)
                0x00001980                . = ALIGN (0x4)
                0x00001980                __cy_regions = .
                0x00001980        0x4 LONG 0x1990 __cy_region_init_ram
                0x00001984        0x4 LONG 0x1fff8108 __cy_region_start_data
                0x00001988        0x4 LONG 0x450 __cy_region_init_size_ram
                0x0000198c        0x4 LONG 0x38 __cy_region_zero_size_ram
                0x00001990                __cy_regions_end = .
                0x00001990                . = ALIGN (0x8)
                0x00001990                _etext = .

.cy_checksum_exclude
                0x00001990        0x0
 *(.cy_checksum_exclude)

.ramvectors     0x1fff8000      0x100
                0x1fff8000                __cy_region_start_ram = .
 *(.ramvectors)
 .ramvectors    0x1fff8000      0x100 .\CortexM3\ARM_GCC_493\Debug\Cm3Start.o
                0x1fff8000                CyRamVectors

.noinit         0x1fff8100        0x5
 *(.noinit)
 .noinit        0x1fff8100        0x4 .\CortexM3\ARM_GCC_493\Debug\Cm3Start.o
 .noinit        0x1fff8104        0x1 .\CortexM3\ARM_GCC_493\Debug\ZumoBot.a(CyLib.o)
                0x1fff8104                CyResetStatus

.data           0x1fff8108      0x450 load address 0x00001990
                0x1fff8108                __cy_region_start_data = .
 *(.jcr)
 .jcr           0x1fff8108        0x0 c:/program files (x86)/cypress/psoc creator/4.0/psoc creator/import/gnu/arm/4.9.3/bin/../lib/gcc/arm-none-eabi/4.9.3/armv7-m/crtbegin.o
 .jcr           0x1fff8108        0x4 c:/program files (x86)/cypress/psoc creator/4.0/psoc creator/import/gnu/arm/4.9.3/bin/../lib/gcc/arm-none-eabi/4.9.3/armv7-m/crtend.o
 *(.got.plt)
 *(.got)
 *(.shdata)
 *(.data .data.* .gnu.linkonce.d.*)
 .data          0x1fff810c        0x8 .\CortexM3\ARM_GCC_493\Debug\Reflectance.o
 .data          0x1fff8114       0x10 .\CortexM3\ARM_GCC_493\Debug\ZumoBot.a(CyLib.o)
                0x1fff8114                cydelay_32k_ms
                0x1fff8118                cydelay_freq_khz
                0x1fff811c                cydelay_freq_mhz
                0x1fff8120                cydelay_freq_hz
 *fill*         0x1fff8124        0x4 
 .data.impure_data
                0x1fff8128      0x428 c:/program files (x86)/cypress/psoc creator/4.0/psoc creator/import/gnu/arm/4.9.3/bin/../lib/gcc/arm-none-eabi/4.9.3/../../../../arm-none-eabi/lib/armv7-m\libg.a(lib_a-impure.o)
 .data._impure_ptr
                0x1fff8550        0x4 c:/program files (x86)/cypress/psoc creator/4.0/psoc creator/import/gnu/arm/4.9.3/bin/../lib/gcc/arm-none-eabi/4.9.3/../../../../arm-none-eabi/lib/armv7-m\libg.a(lib_a-impure.o)
                0x1fff8550                _impure_ptr
                0x1fff8558                . = ALIGN (0x8)
 *fill*         0x1fff8554        0x4 
 *(.ram)
                0x1fff8558                _edata = .

.igot.plt       0x1fff8558        0x0 load address 0x00001de0
 .igot.plt      0x00000000        0x0 c:/program files (x86)/cypress/psoc creator/4.0/psoc creator/import/gnu/arm/4.9.3/bin/../lib/gcc/arm-none-eabi/4.9.3/armv7-m/crtbegin.o

.bss            0x1fff8558       0x38 load address 0x00001de0
                0x1fff8558                PROVIDE (__bss_start__, .)
 *(.shbss)
 *(.bss .bss.* .gnu.linkonce.b.*)
 .bss           0x1fff8558       0x1c c:/program files (x86)/cypress/psoc creator/4.0/psoc creator/import/gnu/arm/4.9.3/bin/../lib/gcc/arm-none-eabi/4.9.3/armv7-m/crtbegin.o
 .bss           0x1fff8574       0x10 .\CortexM3\ARM_GCC_493\Debug\Reflectance.o
 .bss           0x1fff8584        0x1 .\CortexM3\ARM_GCC_493\Debug\ZumoBot.a(PWM.o)
                0x1fff8584                PWM_initVar
 .bss           0x1fff8585        0x2 .\CortexM3\ARM_GCC_493\Debug\ZumoBot.a(UART_1.o)
                0x1fff8585                UART_1_initVar
 .bss           0x1fff8587        0x1 .\CortexM3\ARM_GCC_493\Debug\ZumoBot.a(Timer_L3.o)
                0x1fff8587                Timer_L3_initVar
 .bss           0x1fff8588        0x1 .\CortexM3\ARM_GCC_493\Debug\ZumoBot.a(Timer_R3.o)
                0x1fff8588                Timer_R3_initVar
 .bss           0x1fff8589        0x1 .\CortexM3\ARM_GCC_493\Debug\ZumoBot.a(Timer_R1.o)
                0x1fff8589                Timer_R1_initVar
 .bss           0x1fff858a        0x1 .\CortexM3\ARM_GCC_493\Debug\ZumoBot.a(Timer_L1.o)
                0x1fff858a                Timer_L1_initVar
 *(COMMON)
                0x1fff8590                . = ALIGN (0x8)
 *fill*         0x1fff858b        0x5 
 *(.ram.b)
                0x1fff8590                _end = .
                0x1fff8590                __end = .
                0x1fff8590                PROVIDE (end, .)
                0x1fff8590                PROVIDE (__bss_end__, .)
                0x00001990                __cy_region_init_ram = LOADADDR (.data)
                0x00000450                __cy_region_init_size_ram = (_edata - ADDR (.data))
                0x00000038                __cy_region_zero_size_ram = (_end - _edata)

.heap           0x1fff8590      0x800 load address 0x00001de0
                0x1fff8590                . = _end
                0x1fff8d90                . = (. + 0x800)
 *fill*         0x1fff8590      0x800 
                0x1fff8d90                __cy_heap_limit = .

.stack          0x20007800      0x800
                0x20007800                __cy_stack_limit = .
                0x20008000                . = (. + 0x800)
 *fill*         0x20007800      0x800 
                0x00000001                ASSERT ((__cy_stack_limit >= __cy_heap_limit), region RAM overflowed with stack)
                0x00000000                cy_checksum_exclude_size = (CY_APPL_LOADABLE == 0x1)?SIZEOF (.cy_checksum_exclude):0x0
                0x00000001                ASSERT ((cy_checksum_exclude_size <= CY_CHECKSUM_EXCLUDE_SIZE), CY_BOOT: Section .cy_checksum_exclude size exceedes specified limit.)

.cyloadermeta
 *(.cyloadermeta)

.cyloadablemeta
 *(.cyloadablemeta)

.cyconfigecc    0x80000000      0x8b4
 *(.cyconfigecc)
 .cyconfigecc   0x80000000      0x8b4 .\CortexM3\ARM_GCC_493\Debug\cymetadata.o
                0x80000000                cy_meta_configecc

.cycustnvl      0x90000000        0x4
 *(.cycustnvl)
 .cycustnvl     0x90000000        0x4 .\CortexM3\ARM_GCC_493\Debug\cymetadata.o
                0x90000000                cy_meta_custnvl

.cywolatch      0x90100000        0x4
 *(.cywolatch)
 .cywolatch     0x90100000        0x4 .\CortexM3\ARM_GCC_493\Debug\cymetadata.o
                0x90100000                cy_meta_wonvl

.cyeeprom       0x90200000        0x0
 *(.cyeeprom)
                0x00000001                ASSERT ((. <= ((0x90200000 + ee_offset) + ee_size)), .cyeeprom data will not fit in EEPROM)

.cyflashprotect
                0x90400000      0x100
 *(.cyflashprotect)
 .cyflashprotect
                0x90400000      0x100 .\CortexM3\ARM_GCC_493\Debug\cymetadata.o
                0x90400000                cy_meta_flashprotect

.cymeta         0x90500000        0xc
 *(.cymeta)
 .cymeta        0x90500000        0xc .\CortexM3\ARM_GCC_493\Debug\cymetadata.o
                0x90500000                cy_metadata

.rel.dyn        0x00001de0        0x0 load address 0x9050000c
 .rel.iplt      0x00000000        0x0 c:/program files (x86)/cypress/psoc creator/4.0/psoc creator/import/gnu/arm/4.9.3/bin/../lib/gcc/arm-none-eabi/4.9.3/armv7-m/crtbegin.o

.stab
 *(.stab)

.stabstr
 *(.stabstr)

.debug
 *(.debug)

.line
 *(.line)

.debug_srcinfo
 *(.debug_srcinfo)

.debug_sfnames
 *(.debug_sfnames)

.debug_aranges  0x00000000     0x10a8
 *(.debug_aranges)
 .debug_aranges
                0x00000000       0x30 .\CortexM3\ARM_GCC_493\Debug\main.o
 .debug_aranges
                0x00000030       0x20 .\CortexM3\ARM_GCC_493\Debug\Accel.o
 .debug_aranges
                0x00000050       0x20 .\CortexM3\ARM_GCC_493\Debug\Ambient.o
 .debug_aranges
                0x00000070       0x20 .\CortexM3\ARM_GCC_493\Debug\Gyro.o
 .debug_aranges
                0x00000090       0x30 .\CortexM3\ARM_GCC_493\Debug\I2C_made.o
 .debug_aranges
                0x000000c0       0x40 .\CortexM3\ARM_GCC_493\Debug\IR.o
 .debug_aranges
                0x00000100       0x20 .\CortexM3\ARM_GCC_493\Debug\Magnet.o
 .debug_aranges
                0x00000120       0x48 .\CortexM3\ARM_GCC_493\Debug\Motor.o
 .debug_aranges
                0x00000168       0x30 .\CortexM3\ARM_GCC_493\Debug\Nunchuk.o
 .debug_aranges
                0x00000198       0x40 .\CortexM3\ARM_GCC_493\Debug\Reflectance.o
 .debug_aranges
                0x000001d8       0x38 .\CortexM3\ARM_GCC_493\Debug\Ultra.o
 .debug_aranges
                0x00000210       0x20 .\CortexM3\ARM_GCC_493\Debug\Beep.o
 .debug_aranges
                0x00000230       0x18 .\CortexM3\ARM_GCC_493\Debug\cymetadata.o
 .debug_aranges
                0x00000248       0x48 .\CortexM3\ARM_GCC_493\Debug\Cm3Start.o
 .debug_aranges
                0x00000290       0x58 .\CortexM3\ARM_GCC_493\Debug\ZumoBot.a(cyfitter_cfg.o)
 .debug_aranges
                0x000002e8       0xa8 .\CortexM3\ARM_GCC_493\Debug\ZumoBot.a(PWM.o)
 .debug_aranges
                0x00000390       0x38 .\CortexM3\ARM_GCC_493\Debug\ZumoBot.a(I2C.o)
 .debug_aranges
                0x000003c8       0x20 .\CortexM3\ARM_GCC_493\Debug\ZumoBot.a(I2C_INT.o)
 .debug_aranges
                0x000003e8       0x38 .\CortexM3\ARM_GCC_493\Debug\ZumoBot.a(I2C_PM.o)
 .debug_aranges
                0x00000420       0x80 .\CortexM3\ARM_GCC_493\Debug\ZumoBot.a(I2C_MASTER.o)
 .debug_aranges
                0x000004a0      0x2a0 .\CortexM3\ARM_GCC_493\Debug\ZumoBot.a(CyLib.o)
 .debug_aranges
                0x00000740       0x98 .\CortexM3\ARM_GCC_493\Debug\ZumoBot.a(cyPm.o)
 .debug_aranges
                0x000007d8       0x38 .\CortexM3\ARM_GCC_493\Debug\ZumoBot.a(MotorDirLeft.o)
 .debug_aranges
                0x00000810       0x38 .\CortexM3\ARM_GCC_493\Debug\ZumoBot.a(MotorDirRight.o)
 .debug_aranges
                0x00000848       0x38 .\CortexM3\ARM_GCC_493\Debug\ZumoBot.a(IR_led.o)
 .debug_aranges
                0x00000880       0x80 .\CortexM3\ARM_GCC_493\Debug\ZumoBot.a(sensor_isr.o)
 .debug_aranges
                0x00000900       0xf0 .\CortexM3\ARM_GCC_493\Debug\ZumoBot.a(UART_1.o)
 .debug_aranges
                0x000009f0       0x38 .\CortexM3\ARM_GCC_493\Debug\ZumoBot.a(IR_receiver.o)
 .debug_aranges
                0x00000a28       0x38 .\CortexM3\ARM_GCC_493\Debug\ZumoBot.a(Trig.o)
 .debug_aranges
                0x00000a60       0x88 .\CortexM3\ARM_GCC_493\Debug\ZumoBot.a(Timer.o)
 .debug_aranges
                0x00000ae8       0x38 .\CortexM3\ARM_GCC_493\Debug\ZumoBot.a(Echo.o)
 .debug_aranges
                0x00000b20       0x80 .\CortexM3\ARM_GCC_493\Debug\ZumoBot.a(ultra_isr.o)
 .debug_aranges
                0x00000ba0       0x70 .\CortexM3\ARM_GCC_493\Debug\ZumoBot.a(UART_1_IntClock.o)
 .debug_aranges
                0x00000c10       0x80 .\CortexM3\ARM_GCC_493\Debug\ZumoBot.a(Buzzer_PWM.o)
 .debug_aranges
                0x00000c90       0x38 .\CortexM3\ARM_GCC_493\Debug\ZumoBot.a(L3.o)
 .debug_aranges
                0x00000cc8       0x88 .\CortexM3\ARM_GCC_493\Debug\ZumoBot.a(Timer_L3.o)
 .debug_aranges
                0x00000d50       0x88 .\CortexM3\ARM_GCC_493\Debug\ZumoBot.a(Timer_R3.o)
 .debug_aranges
                0x00000dd8       0x88 .\CortexM3\ARM_GCC_493\Debug\ZumoBot.a(Timer_R1.o)
 .debug_aranges
                0x00000e60       0x38 .\CortexM3\ARM_GCC_493\Debug\ZumoBot.a(R1.o)
 .debug_aranges
                0x00000e98       0x38 .\CortexM3\ARM_GCC_493\Debug\ZumoBot.a(R3.o)
 .debug_aranges
                0x00000ed0       0x88 .\CortexM3\ARM_GCC_493\Debug\ZumoBot.a(Timer_L1.o)
 .debug_aranges
                0x00000f58       0x38 .\CortexM3\ARM_GCC_493\Debug\ZumoBot.a(L1.o)
 .debug_aranges
                0x00000f90       0x20 .\CortexM3\ARM_GCC_493\Debug\ZumoBot.a(CyBootAsmGnu.o)
 .debug_aranges
                0x00000fb0       0x80 .\CortexM3\ARM_GCC_493\Debug\ZumoBot.a(CyFlash.o)
 .debug_aranges
                0x00001030       0x78 .\CortexM3\ARM_GCC_493\Debug\ZumoBot.a(CySpc.o)

.debug_pubnames
 *(.debug_pubnames)

.debug_info     0x00000000     0x8e58
 *(.debug_info .gnu.linkonce.wi.*)
 .debug_info    0x00000000      0x489 .\CortexM3\ARM_GCC_493\Debug\main.o
 .debug_info    0x00000489      0x143 .\CortexM3\ARM_GCC_493\Debug\Accel.o
 .debug_info    0x000005cc      0x119 .\CortexM3\ARM_GCC_493\Debug\Ambient.o
 .debug_info    0x000006e5      0x103 .\CortexM3\ARM_GCC_493\Debug\Gyro.o
 .debug_info    0x000007e8      0x322 .\CortexM3\ARM_GCC_493\Debug\I2C_made.o
 .debug_info    0x00000b0a      0x205 .\CortexM3\ARM_GCC_493\Debug\IR.o
 .debug_info    0x00000d0f      0x162 .\CortexM3\ARM_GCC_493\Debug\Magnet.o
 .debug_info    0x00000e71      0x399 .\CortexM3\ARM_GCC_493\Debug\Motor.o
 .debug_info    0x0000120a      0x311 .\CortexM3\ARM_GCC_493\Debug\Nunchuk.o
 .debug_info    0x0000151b      0x5a3 .\CortexM3\ARM_GCC_493\Debug\Reflectance.o
 .debug_info    0x00001abe      0x6c4 .\CortexM3\ARM_GCC_493\Debug\Ultra.o
 .debug_info    0x00002182      0x197 .\CortexM3\ARM_GCC_493\Debug\Beep.o
 .debug_info    0x00002319      0x13f .\CortexM3\ARM_GCC_493\Debug\cymetadata.o
 .debug_info    0x00002458      0x3b3 .\CortexM3\ARM_GCC_493\Debug\Cm3Start.o
 .debug_info    0x0000280b      0x64d .\CortexM3\ARM_GCC_493\Debug\ZumoBot.a(cyfitter_cfg.o)
 .debug_info    0x00002e58      0x37e .\CortexM3\ARM_GCC_493\Debug\ZumoBot.a(PWM.o)
 .debug_info    0x000031d6      0x2db .\CortexM3\ARM_GCC_493\Debug\ZumoBot.a(I2C.o)
 .debug_info    0x000034b1      0x17f .\CortexM3\ARM_GCC_493\Debug\ZumoBot.a(I2C_INT.o)
 .debug_info    0x00003630      0x1fe .\CortexM3\ARM_GCC_493\Debug\ZumoBot.a(I2C_PM.o)
 .debug_info    0x0000382e      0x400 .\CortexM3\ARM_GCC_493\Debug\ZumoBot.a(I2C_MASTER.o)
 .debug_info    0x00003c2e     0x1385 .\CortexM3\ARM_GCC_493\Debug\ZumoBot.a(CyLib.o)
 .debug_info    0x00004fb3      0xa57 .\CortexM3\ARM_GCC_493\Debug\ZumoBot.a(cyPm.o)
 .debug_info    0x00005a0a      0x121 .\CortexM3\ARM_GCC_493\Debug\ZumoBot.a(MotorDirLeft.o)
 .debug_info    0x00005b2b      0x11f .\CortexM3\ARM_GCC_493\Debug\ZumoBot.a(MotorDirRight.o)
 .debug_info    0x00005c4a      0x11f .\CortexM3\ARM_GCC_493\Debug\ZumoBot.a(IR_led.o)
 .debug_info    0x00005d69      0x2cb .\CortexM3\ARM_GCC_493\Debug\ZumoBot.a(sensor_isr.o)
 .debug_info    0x00006034      0x603 .\CortexM3\ARM_GCC_493\Debug\ZumoBot.a(UART_1.o)
 .debug_info    0x00006637      0x121 .\CortexM3\ARM_GCC_493\Debug\ZumoBot.a(IR_receiver.o)
 .debug_info    0x00006758      0x121 .\CortexM3\ARM_GCC_493\Debug\ZumoBot.a(Trig.o)
 .debug_info    0x00006879      0x2ce .\CortexM3\ARM_GCC_493\Debug\ZumoBot.a(Timer.o)
 .debug_info    0x00006b47      0x11f .\CortexM3\ARM_GCC_493\Debug\ZumoBot.a(Echo.o)
 .debug_info    0x00006c66      0x2cb .\CortexM3\ARM_GCC_493\Debug\ZumoBot.a(ultra_isr.o)
 .debug_info    0x00006f31      0x283 .\CortexM3\ARM_GCC_493\Debug\ZumoBot.a(UART_1_IntClock.o)
 .debug_info    0x000071b4      0x272 .\CortexM3\ARM_GCC_493\Debug\ZumoBot.a(Buzzer_PWM.o)
 .debug_info    0x00007426      0x11f .\CortexM3\ARM_GCC_493\Debug\ZumoBot.a(L3.o)
 .debug_info    0x00007545      0x28e .\CortexM3\ARM_GCC_493\Debug\ZumoBot.a(Timer_L3.o)
 .debug_info    0x000077d3      0x28e .\CortexM3\ARM_GCC_493\Debug\ZumoBot.a(Timer_R3.o)
 .debug_info    0x00007a61      0x28e .\CortexM3\ARM_GCC_493\Debug\ZumoBot.a(Timer_R1.o)
 .debug_info    0x00007cef      0x11f .\CortexM3\ARM_GCC_493\Debug\ZumoBot.a(R1.o)
 .debug_info    0x00007e0e      0x11f .\CortexM3\ARM_GCC_493\Debug\ZumoBot.a(R3.o)
 .debug_info    0x00007f2d      0x28e .\CortexM3\ARM_GCC_493\Debug\ZumoBot.a(Timer_L1.o)
 .debug_info    0x000081bb      0x11f .\CortexM3\ARM_GCC_493\Debug\ZumoBot.a(L1.o)
 .debug_info    0x000082da       0x8c .\CortexM3\ARM_GCC_493\Debug\ZumoBot.a(CyBootAsmGnu.o)
 .debug_info    0x00008366      0x608 .\CortexM3\ARM_GCC_493\Debug\ZumoBot.a(CyFlash.o)
 .debug_info    0x0000896e      0x4ea .\CortexM3\ARM_GCC_493\Debug\ZumoBot.a(CySpc.o)

.debug_abbrev   0x00000000     0x32c0
 *(.debug_abbrev)
 .debug_abbrev  0x00000000      0x1a8 .\CortexM3\ARM_GCC_493\Debug\main.o
 .debug_abbrev  0x000001a8       0xb7 .\CortexM3\ARM_GCC_493\Debug\Accel.o
 .debug_abbrev  0x0000025f       0x95 .\CortexM3\ARM_GCC_493\Debug\Ambient.o
 .debug_abbrev  0x000002f4       0xa5 .\CortexM3\ARM_GCC_493\Debug\Gyro.o
 .debug_abbrev  0x00000399      0x171 .\CortexM3\ARM_GCC_493\Debug\I2C_made.o
 .debug_abbrev  0x0000050a       0xdc .\CortexM3\ARM_GCC_493\Debug\IR.o
 .debug_abbrev  0x000005e6       0xe3 .\CortexM3\ARM_GCC_493\Debug\Magnet.o
 .debug_abbrev  0x000006c9      0x108 .\CortexM3\ARM_GCC_493\Debug\Motor.o
 .debug_abbrev  0x000007d1      0x151 .\CortexM3\ARM_GCC_493\Debug\Nunchuk.o
 .debug_abbrev  0x00000922      0x151 .\CortexM3\ARM_GCC_493\Debug\Reflectance.o
 .debug_abbrev  0x00000a73      0x28e .\CortexM3\ARM_GCC_493\Debug\Ultra.o
 .debug_abbrev  0x00000d01       0xe3 .\CortexM3\ARM_GCC_493\Debug\Beep.o
 .debug_abbrev  0x00000de4       0x77 .\CortexM3\ARM_GCC_493\Debug\cymetadata.o
 .debug_abbrev  0x00000e5b      0x1f7 .\CortexM3\ARM_GCC_493\Debug\Cm3Start.o
 .debug_abbrev  0x00001052      0x212 .\CortexM3\ARM_GCC_493\Debug\ZumoBot.a(cyfitter_cfg.o)
 .debug_abbrev  0x00001264      0x14d .\CortexM3\ARM_GCC_493\Debug\ZumoBot.a(PWM.o)
 .debug_abbrev  0x000013b1      0x15c .\CortexM3\ARM_GCC_493\Debug\ZumoBot.a(I2C.o)
 .debug_abbrev  0x0000150d       0xbd .\CortexM3\ARM_GCC_493\Debug\ZumoBot.a(I2C_INT.o)
 .debug_abbrev  0x000015ca      0x12b .\CortexM3\ARM_GCC_493\Debug\ZumoBot.a(I2C_PM.o)
 .debug_abbrev  0x000016f5      0x13c .\CortexM3\ARM_GCC_493\Debug\ZumoBot.a(I2C_MASTER.o)
 .debug_abbrev  0x00001831      0x296 .\CortexM3\ARM_GCC_493\Debug\ZumoBot.a(CyLib.o)
 .debug_abbrev  0x00001ac7      0x1ed .\CortexM3\ARM_GCC_493\Debug\ZumoBot.a(cyPm.o)
 .debug_abbrev  0x00001cb4       0x90 .\CortexM3\ARM_GCC_493\Debug\ZumoBot.a(MotorDirLeft.o)
 .debug_abbrev  0x00001d44       0x90 .\CortexM3\ARM_GCC_493\Debug\ZumoBot.a(MotorDirRight.o)
 .debug_abbrev  0x00001dd4       0x90 .\CortexM3\ARM_GCC_493\Debug\ZumoBot.a(IR_led.o)
 .debug_abbrev  0x00001e64      0x173 .\CortexM3\ARM_GCC_493\Debug\ZumoBot.a(sensor_isr.o)
 .debug_abbrev  0x00001fd7      0x1a2 .\CortexM3\ARM_GCC_493\Debug\ZumoBot.a(UART_1.o)
 .debug_abbrev  0x00002179       0x90 .\CortexM3\ARM_GCC_493\Debug\ZumoBot.a(IR_receiver.o)
 .debug_abbrev  0x00002209       0x90 .\CortexM3\ARM_GCC_493\Debug\ZumoBot.a(Trig.o)
 .debug_abbrev  0x00002299      0x154 .\CortexM3\ARM_GCC_493\Debug\ZumoBot.a(Timer.o)
 .debug_abbrev  0x000023ed       0x90 .\CortexM3\ARM_GCC_493\Debug\ZumoBot.a(Echo.o)
 .debug_abbrev  0x0000247d      0x173 .\CortexM3\ARM_GCC_493\Debug\ZumoBot.a(ultra_isr.o)
 .debug_abbrev  0x000025f0      0x139 .\CortexM3\ARM_GCC_493\Debug\ZumoBot.a(UART_1_IntClock.o)
 .debug_abbrev  0x00002729      0x12d .\CortexM3\ARM_GCC_493\Debug\ZumoBot.a(Buzzer_PWM.o)
 .debug_abbrev  0x00002856       0x90 .\CortexM3\ARM_GCC_493\Debug\ZumoBot.a(L3.o)
 .debug_abbrev  0x000028e6      0x11a .\CortexM3\ARM_GCC_493\Debug\ZumoBot.a(Timer_L3.o)
 .debug_abbrev  0x00002a00      0x11a .\CortexM3\ARM_GCC_493\Debug\ZumoBot.a(Timer_R3.o)
 .debug_abbrev  0x00002b1a      0x11a .\CortexM3\ARM_GCC_493\Debug\ZumoBot.a(Timer_R1.o)
 .debug_abbrev  0x00002c34       0x90 .\CortexM3\ARM_GCC_493\Debug\ZumoBot.a(R1.o)
 .debug_abbrev  0x00002cc4       0x90 .\CortexM3\ARM_GCC_493\Debug\ZumoBot.a(R3.o)
 .debug_abbrev  0x00002d54      0x11a .\CortexM3\ARM_GCC_493\Debug\ZumoBot.a(Timer_L1.o)
 .debug_abbrev  0x00002e6e       0x90 .\CortexM3\ARM_GCC_493\Debug\ZumoBot.a(L1.o)
 .debug_abbrev  0x00002efe       0x14 .\CortexM3\ARM_GCC_493\Debug\ZumoBot.a(CyBootAsmGnu.o)
 .debug_abbrev  0x00002f12      0x1ed .\CortexM3\ARM_GCC_493\Debug\ZumoBot.a(CyFlash.o)
 .debug_abbrev  0x000030ff      0x1c1 .\CortexM3\ARM_GCC_493\Debug\ZumoBot.a(CySpc.o)

.debug_line     0x00000000     0x4492
 *(.debug_line)
 .debug_line    0x00000000      0x265 .\CortexM3\ARM_GCC_493\Debug\main.o
 .debug_line    0x00000265      0x16d .\CortexM3\ARM_GCC_493\Debug\Accel.o
 .debug_line    0x000003d2       0xe3 .\CortexM3\ARM_GCC_493\Debug\Ambient.o
 .debug_line    0x000004b5      0x163 .\CortexM3\ARM_GCC_493\Debug\Gyro.o
 .debug_line    0x00000618      0x1b5 .\CortexM3\ARM_GCC_493\Debug\I2C_made.o
 .debug_line    0x000007cd      0x25d .\CortexM3\ARM_GCC_493\Debug\IR.o
 .debug_line    0x00000a2a      0x179 .\CortexM3\ARM_GCC_493\Debug\Magnet.o
 .debug_line    0x00000ba3      0x1fa .\CortexM3\ARM_GCC_493\Debug\Motor.o
 .debug_line    0x00000d9d      0x1c1 .\CortexM3\ARM_GCC_493\Debug\Nunchuk.o
 .debug_line    0x00000f5e      0x263 .\CortexM3\ARM_GCC_493\Debug\Reflectance.o
 .debug_line    0x000011c1      0x206 .\CortexM3\ARM_GCC_493\Debug\Ultra.o
 .debug_line    0x000013c7      0x181 .\CortexM3\ARM_GCC_493\Debug\Beep.o
 .debug_line    0x00001548       0x51 .\CortexM3\ARM_GCC_493\Debug\cymetadata.o
 .debug_line    0x00001599      0x243 .\CortexM3\ARM_GCC_493\Debug\Cm3Start.o
 .debug_line    0x000017dc      0x20d .\CortexM3\ARM_GCC_493\Debug\ZumoBot.a(cyfitter_cfg.o)
 .debug_line    0x000019e9      0x1a7 .\CortexM3\ARM_GCC_493\Debug\ZumoBot.a(PWM.o)
 .debug_line    0x00001b90       0xd9 .\CortexM3\ARM_GCC_493\Debug\ZumoBot.a(I2C.o)
 .debug_line    0x00001c69      0x114 .\CortexM3\ARM_GCC_493\Debug\ZumoBot.a(I2C_INT.o)
 .debug_line    0x00001d7d       0xbb .\CortexM3\ARM_GCC_493\Debug\ZumoBot.a(I2C_PM.o)
 .debug_line    0x00001e38      0x1fd .\CortexM3\ARM_GCC_493\Debug\ZumoBot.a(I2C_MASTER.o)
 .debug_line    0x00002035      0x816 .\CortexM3\ARM_GCC_493\Debug\ZumoBot.a(CyLib.o)
 .debug_line    0x0000284b      0x364 .\CortexM3\ARM_GCC_493\Debug\ZumoBot.a(cyPm.o)
 .debug_line    0x00002baf       0x99 .\CortexM3\ARM_GCC_493\Debug\ZumoBot.a(MotorDirLeft.o)
 .debug_line    0x00002c48       0x9a .\CortexM3\ARM_GCC_493\Debug\ZumoBot.a(MotorDirRight.o)
 .debug_line    0x00002ce2       0x93 .\CortexM3\ARM_GCC_493\Debug\ZumoBot.a(IR_led.o)
 .debug_line    0x00002d75      0x137 .\CortexM3\ARM_GCC_493\Debug\ZumoBot.a(sensor_isr.o)
 .debug_line    0x00002eac      0x2c0 .\CortexM3\ARM_GCC_493\Debug\ZumoBot.a(UART_1.o)
 .debug_line    0x0000316c       0x98 .\CortexM3\ARM_GCC_493\Debug\ZumoBot.a(IR_receiver.o)
 .debug_line    0x00003204       0x91 .\CortexM3\ARM_GCC_493\Debug\ZumoBot.a(Trig.o)
 .debug_line    0x00003295      0x159 .\CortexM3\ARM_GCC_493\Debug\ZumoBot.a(Timer.o)
 .debug_line    0x000033ee       0x91 .\CortexM3\ARM_GCC_493\Debug\ZumoBot.a(Echo.o)
 .debug_line    0x0000347f      0x136 .\CortexM3\ARM_GCC_493\Debug\ZumoBot.a(ultra_isr.o)
 .debug_line    0x000035b5      0x17e .\CortexM3\ARM_GCC_493\Debug\ZumoBot.a(UART_1_IntClock.o)
 .debug_line    0x00003733      0x13f .\CortexM3\ARM_GCC_493\Debug\ZumoBot.a(Buzzer_PWM.o)
 .debug_line    0x00003872       0x8f .\CortexM3\ARM_GCC_493\Debug\ZumoBot.a(L3.o)
 .debug_line    0x00003901      0x156 .\CortexM3\ARM_GCC_493\Debug\ZumoBot.a(Timer_L3.o)
 .debug_line    0x00003a57      0x156 .\CortexM3\ARM_GCC_493\Debug\ZumoBot.a(Timer_R3.o)
 .debug_line    0x00003bad      0x156 .\CortexM3\ARM_GCC_493\Debug\ZumoBot.a(Timer_R1.o)
 .debug_line    0x00003d03       0x8f .\CortexM3\ARM_GCC_493\Debug\ZumoBot.a(R1.o)
 .debug_line    0x00003d92       0x8f .\CortexM3\ARM_GCC_493\Debug\ZumoBot.a(R3.o)
 .debug_line    0x00003e21      0x156 .\CortexM3\ARM_GCC_493\Debug\ZumoBot.a(Timer_L1.o)
 .debug_line    0x00003f77       0x8f .\CortexM3\ARM_GCC_493\Debug\ZumoBot.a(L1.o)
 .debug_line    0x00004006       0x66 .\CortexM3\ARM_GCC_493\Debug\ZumoBot.a(CyBootAsmGnu.o)
 .debug_line    0x0000406c      0x1ea .\CortexM3\ARM_GCC_493\Debug\ZumoBot.a(CyFlash.o)
 .debug_line    0x00004256      0x23c .\CortexM3\ARM_GCC_493\Debug\ZumoBot.a(CySpc.o)

.debug_frame    0x00000000     0x2904
 *(.debug_frame)
 .debug_frame   0x00000000       0x8c .\CortexM3\ARM_GCC_493\Debug\main.o
 .debug_frame   0x0000008c       0x38 .\CortexM3\ARM_GCC_493\Debug\Accel.o
 .debug_frame   0x000000c4       0x3c .\CortexM3\ARM_GCC_493\Debug\Ambient.o
 .debug_frame   0x00000100       0x2c .\CortexM3\ARM_GCC_493\Debug\Gyro.o
 .debug_frame   0x0000012c       0x64 .\CortexM3\ARM_GCC_493\Debug\I2C_made.o
 .debug_frame   0x00000190       0xa4 .\CortexM3\ARM_GCC_493\Debug\IR.o
 .debug_frame   0x00000234       0x2c .\CortexM3\ARM_GCC_493\Debug\Magnet.o
 .debug_frame   0x00000260       0xc8 .\CortexM3\ARM_GCC_493\Debug\Motor.o
 .debug_frame   0x00000328       0x70 .\CortexM3\ARM_GCC_493\Debug\Nunchuk.o
 .debug_frame   0x00000398       0x90 .\CortexM3\ARM_GCC_493\Debug\Reflectance.o
 .debug_frame   0x00000428       0x74 .\CortexM3\ARM_GCC_493\Debug\Ultra.o
 .debug_frame   0x0000049c       0x30 .\CortexM3\ARM_GCC_493\Debug\Beep.o
 .debug_frame   0x000004cc       0xb8 .\CortexM3\ARM_GCC_493\Debug\Cm3Start.o
 .debug_frame   0x00000584       0xfc .\CortexM3\ARM_GCC_493\Debug\ZumoBot.a(cyfitter_cfg.o)
 .debug_frame   0x00000680      0x154 .\CortexM3\ARM_GCC_493\Debug\ZumoBot.a(PWM.o)
 .debug_frame   0x000007d4       0x94 .\CortexM3\ARM_GCC_493\Debug\ZumoBot.a(I2C.o)
 .debug_frame   0x00000868       0x30 .\CortexM3\ARM_GCC_493\Debug\ZumoBot.a(I2C_INT.o)
 .debug_frame   0x00000898       0x74 .\CortexM3\ARM_GCC_493\Debug\ZumoBot.a(I2C_PM.o)
 .debug_frame   0x0000090c      0x138 .\CortexM3\ARM_GCC_493\Debug\ZumoBot.a(I2C_MASTER.o)
 .debug_frame   0x00000a44      0x738 .\CortexM3\ARM_GCC_493\Debug\ZumoBot.a(CyLib.o)
 .debug_frame   0x0000117c      0x1f8 .\CortexM3\ARM_GCC_493\Debug\ZumoBot.a(cyPm.o)
 .debug_frame   0x00001374       0x50 .\CortexM3\ARM_GCC_493\Debug\ZumoBot.a(MotorDirLeft.o)
 .debug_frame   0x000013c4       0x50 .\CortexM3\ARM_GCC_493\Debug\ZumoBot.a(MotorDirRight.o)
 .debug_frame   0x00001414       0x50 .\CortexM3\ARM_GCC_493\Debug\ZumoBot.a(IR_led.o)
 .debug_frame   0x00001464      0x104 .\CortexM3\ARM_GCC_493\Debug\ZumoBot.a(sensor_isr.o)
 .debug_frame   0x00001568      0x250 .\CortexM3\ARM_GCC_493\Debug\ZumoBot.a(UART_1.o)
 .debug_frame   0x000017b8       0x50 .\CortexM3\ARM_GCC_493\Debug\ZumoBot.a(IR_receiver.o)
 .debug_frame   0x00001808       0x50 .\CortexM3\ARM_GCC_493\Debug\ZumoBot.a(Trig.o)
 .debug_frame   0x00001858      0x114 .\CortexM3\ARM_GCC_493\Debug\ZumoBot.a(Timer.o)
 .debug_frame   0x0000196c       0x50 .\CortexM3\ARM_GCC_493\Debug\ZumoBot.a(Echo.o)
 .debug_frame   0x000019bc      0x104 .\CortexM3\ARM_GCC_493\Debug\ZumoBot.a(ultra_isr.o)
 .debug_frame   0x00001ac0       0xe0 .\CortexM3\ARM_GCC_493\Debug\ZumoBot.a(UART_1_IntClock.o)
 .debug_frame   0x00001ba0       0xf8 .\CortexM3\ARM_GCC_493\Debug\ZumoBot.a(Buzzer_PWM.o)
 .debug_frame   0x00001c98       0x50 .\CortexM3\ARM_GCC_493\Debug\ZumoBot.a(L3.o)
 .debug_frame   0x00001ce8      0x108 .\CortexM3\ARM_GCC_493\Debug\ZumoBot.a(Timer_L3.o)
 .debug_frame   0x00001df0      0x108 .\CortexM3\ARM_GCC_493\Debug\ZumoBot.a(Timer_R3.o)
 .debug_frame   0x00001ef8      0x108 .\CortexM3\ARM_GCC_493\Debug\ZumoBot.a(Timer_R1.o)
 .debug_frame   0x00002000       0x50 .\CortexM3\ARM_GCC_493\Debug\ZumoBot.a(R1.o)
 .debug_frame   0x00002050       0x50 .\CortexM3\ARM_GCC_493\Debug\ZumoBot.a(R3.o)
 .debug_frame   0x000020a0      0x108 .\CortexM3\ARM_GCC_493\Debug\ZumoBot.a(Timer_L1.o)
 .debug_frame   0x000021a8       0x50 .\CortexM3\ARM_GCC_493\Debug\ZumoBot.a(L1.o)
 .debug_frame   0x000021f8      0x174 .\CortexM3\ARM_GCC_493\Debug\ZumoBot.a(CyFlash.o)
 .debug_frame   0x0000236c      0x160 .\CortexM3\ARM_GCC_493\Debug\ZumoBot.a(CySpc.o)
 .debug_frame   0x000024cc       0x20 c:/program files (x86)/cypress/psoc creator/4.0/psoc creator/import/gnu/arm/4.9.3/bin/../lib/gcc/arm-none-eabi/4.9.3/../../../../arm-none-eabi/lib/armv7-m\libm.a(lib_a-w_atan2.o)
 .debug_frame   0x000024ec       0x44 c:/program files (x86)/cypress/psoc creator/4.0/psoc creator/import/gnu/arm/4.9.3/bin/../lib/gcc/arm-none-eabi/4.9.3/../../../../arm-none-eabi/lib/armv7-m\libm.a(lib_a-w_pow.o)
 .debug_frame   0x00002530       0x48 c:/program files (x86)/cypress/psoc creator/4.0/psoc creator/import/gnu/arm/4.9.3/bin/../lib/gcc/arm-none-eabi/4.9.3/../../../../arm-none-eabi/lib/armv7-m\libm.a(lib_a-e_atan2.o)
 .debug_frame   0x00002578       0x64 c:/program files (x86)/cypress/psoc creator/4.0/psoc creator/import/gnu/arm/4.9.3/bin/../lib/gcc/arm-none-eabi/4.9.3/../../../../arm-none-eabi/lib/armv7-m\libm.a(lib_a-e_pow.o)
 .debug_frame   0x000025dc       0x30 c:/program files (x86)/cypress/psoc creator/4.0/psoc creator/import/gnu/arm/4.9.3/bin/../lib/gcc/arm-none-eabi/4.9.3/../../../../arm-none-eabi/lib/armv7-m\libm.a(lib_a-e_sqrt.o)
 .debug_frame   0x0000260c       0x38 c:/program files (x86)/cypress/psoc creator/4.0/psoc creator/import/gnu/arm/4.9.3/bin/../lib/gcc/arm-none-eabi/4.9.3/../../../../arm-none-eabi/lib/armv7-m\libm.a(lib_a-s_atan.o)
 .debug_frame   0x00002644       0x20 c:/program files (x86)/cypress/psoc creator/4.0/psoc creator/import/gnu/arm/4.9.3/bin/../lib/gcc/arm-none-eabi/4.9.3/../../../../arm-none-eabi/lib/armv7-m\libm.a(lib_a-s_fabs.o)
 .debug_frame   0x00002664       0x20 c:/program files (x86)/cypress/psoc creator/4.0/psoc creator/import/gnu/arm/4.9.3/bin/../lib/gcc/arm-none-eabi/4.9.3/../../../../arm-none-eabi/lib/armv7-m\libm.a(lib_a-s_finite.o)
 .debug_frame   0x00002684       0x34 c:/program files (x86)/cypress/psoc creator/4.0/psoc creator/import/gnu/arm/4.9.3/bin/../lib/gcc/arm-none-eabi/4.9.3/../../../../arm-none-eabi/lib/armv7-m\libm.a(lib_a-s_fpclassify.o)
 .debug_frame   0x000026b8       0x20 c:/program files (x86)/cypress/psoc creator/4.0/psoc creator/import/gnu/arm/4.9.3/bin/../lib/gcc/arm-none-eabi/4.9.3/../../../../arm-none-eabi/lib/armv7-m\libm.a(lib_a-s_matherr.o)
 .debug_frame   0x000026d8       0x20 c:/program files (x86)/cypress/psoc creator/4.0/psoc creator/import/gnu/arm/4.9.3/bin/../lib/gcc/arm-none-eabi/4.9.3/../../../../arm-none-eabi/lib/armv7-m\libm.a(lib_a-s_nan.o)
 .debug_frame   0x000026f8       0x3c c:/program files (x86)/cypress/psoc creator/4.0/psoc creator/import/gnu/arm/4.9.3/bin/../lib/gcc/arm-none-eabi/4.9.3/../../../../arm-none-eabi/lib/armv7-m\libm.a(lib_a-s_rint.o)
 .debug_frame   0x00002734       0x30 c:/program files (x86)/cypress/psoc creator/4.0/psoc creator/import/gnu/arm/4.9.3/bin/../lib/gcc/arm-none-eabi/4.9.3/../../../../arm-none-eabi/lib/armv7-m\libm.a(lib_a-s_scalbn.o)
 .debug_frame   0x00002764       0x20 c:/program files (x86)/cypress/psoc creator/4.0/psoc creator/import/gnu/arm/4.9.3/bin/../lib/gcc/arm-none-eabi/4.9.3/../../../../arm-none-eabi/lib/armv7-m\libm.a(lib_a-s_copysign.o)
 .debug_frame   0x00002784       0x20 c:/program files (x86)/cypress/psoc creator/4.0/psoc creator/import/gnu/arm/4.9.3/bin/../lib/gcc/arm-none-eabi/4.9.3/../../../../arm-none-eabi/lib/armv7-m\libg.a(lib_a-errno.o)
 .debug_frame   0x000027a4       0x28 c:/program files (x86)/cypress/psoc creator/4.0/psoc creator/import/gnu/arm/4.9.3/bin/../lib/gcc/arm-none-eabi/4.9.3/../../../../arm-none-eabi/lib/armv7-m\libg.a(lib_a-exit.o)
 .debug_frame   0x000027cc       0x2c c:/program files (x86)/cypress/psoc creator/4.0/psoc creator/import/gnu/arm/4.9.3/bin/../lib/gcc/arm-none-eabi/4.9.3/../../../../arm-none-eabi/lib/armv7-m\libg.a(lib_a-init.o)
 .debug_frame   0x000027f8       0x34 c:/program files (x86)/cypress/psoc creator/4.0/psoc creator/import/gnu/arm/4.9.3/bin/../lib/gcc/arm-none-eabi/4.9.3/../../../../arm-none-eabi/lib/armv7-m\libg.a(lib_a-memset.o)
 .debug_frame   0x0000282c       0x50 c:/program files (x86)/cypress/psoc creator/4.0/psoc creator/import/gnu/arm/4.9.3/bin/../lib/gcc/arm-none-eabi/4.9.3/../../../../arm-none-eabi/lib/armv7-m\libg.a(lib_a-__call_atexit.o)
 .debug_frame   0x0000287c       0x20 c:/program files (x86)/cypress/psoc creator/4.0/psoc creator/import/gnu/arm/4.9.3/bin/../lib/gcc/arm-none-eabi/4.9.3/../../../../arm-none-eabi/lib/armv7-m\libg.a(lib_a-atexit.o)
 .debug_frame   0x0000289c       0x34 c:/program files (x86)/cypress/psoc creator/4.0/psoc creator/import/gnu/arm/4.9.3/bin/../lib/gcc/arm-none-eabi/4.9.3/../../../../arm-none-eabi/lib/armv7-m\libg.a(lib_a-fini.o)
 .debug_frame   0x000028d0       0x34 c:/program files (x86)/cypress/psoc creator/4.0/psoc creator/import/gnu/arm/4.9.3/bin/../lib/gcc/arm-none-eabi/4.9.3/../../../../arm-none-eabi/lib/armv7-m\libg.a(lib_a-__atexit.o)

.debug_str      0x00000000     0x2f13
 *(.debug_str)
 .debug_str     0x00000000      0x297 .\CortexM3\ARM_GCC_493\Debug\main.o
                                0x2f5 (size before relaxing)
 .debug_str     0x00000297       0x9c .\CortexM3\ARM_GCC_493\Debug\Accel.o
                                0x1f4 (size before relaxing)
 .debug_str     0x00000333       0x2a .\CortexM3\ARM_GCC_493\Debug\Ambient.o
                                0x1a7 (size before relaxing)
 .debug_str     0x0000035d       0x39 .\CortexM3\ARM_GCC_493\Debug\Gyro.o
                                0x1ca (size before relaxing)
 .debug_str     0x00000396       0xa1 .\CortexM3\ARM_GCC_493\Debug\I2C_made.o
                                0x253 (size before relaxing)
 .debug_str     0x00000437       0x58 .\CortexM3\ARM_GCC_493\Debug\IR.o
                                0x204 (size before relaxing)
 .debug_str     0x0000048f       0x1d .\CortexM3\ARM_GCC_493\Debug\Magnet.o
                                0x1d6 (size before relaxing)
 .debug_str     0x000004ac       0x9e .\CortexM3\ARM_GCC_493\Debug\Motor.o
                                0x278 (size before relaxing)
 .debug_str     0x0000054a       0x52 .\CortexM3\ARM_GCC_493\Debug\Nunchuk.o
                                0x24c (size before relaxing)
 .debug_str     0x0000059c      0x258 .\CortexM3\ARM_GCC_493\Debug\Reflectance.o
                                0x47e (size before relaxing)
 .debug_str     0x000007f4      0x283 .\CortexM3\ARM_GCC_493\Debug\Ultra.o
                                0x46b (size before relaxing)
 .debug_str     0x00000a77       0x75 .\CortexM3\ARM_GCC_493\Debug\Beep.o
                                0x214 (size before relaxing)
 .debug_str     0x00000aec       0x75 .\CortexM3\ARM_GCC_493\Debug\cymetadata.o
                                0x1e6 (size before relaxing)
 .debug_str     0x00000b61      0x14b .\CortexM3\ARM_GCC_493\Debug\Cm3Start.o
                                0x2fa (size before relaxing)
 .debug_str     0x00000cac      0x183 .\CortexM3\ARM_GCC_493\Debug\ZumoBot.a(cyfitter_cfg.o)
                                0x33e (size before relaxing)
 .debug_str     0x00000e2f       0xeb .\CortexM3\ARM_GCC_493\Debug\ZumoBot.a(PWM.o)
                                0x340 (size before relaxing)
 .debug_str     0x00000f1a       0xfd .\CortexM3\ARM_GCC_493\Debug\ZumoBot.a(I2C.o)
                                0x2de (size before relaxing)
 .debug_str     0x00001017       0x86 .\CortexM3\ARM_GCC_493\Debug\ZumoBot.a(I2C_INT.o)
                                0x24f (size before relaxing)
 .debug_str     0x0000109d       0x56 .\CortexM3\ARM_GCC_493\Debug\ZumoBot.a(I2C_PM.o)
                                0x26d (size before relaxing)
 .debug_str     0x000010f3      0x129 .\CortexM3\ARM_GCC_493\Debug\ZumoBot.a(I2C_MASTER.o)
                                0x394 (size before relaxing)
 .debug_str     0x0000121c      0x7a7 .\CortexM3\ARM_GCC_493\Debug\ZumoBot.a(CyLib.o)
                                0xa37 (size before relaxing)
 .debug_str     0x000019c3      0x359 .\CortexM3\ARM_GCC_493\Debug\ZumoBot.a(cyPm.o)
                                0x717 (size before relaxing)
 .debug_str     0x00001d1c       0x76 .\CortexM3\ARM_GCC_493\Debug\ZumoBot.a(MotorDirLeft.o)
                                0x201 (size before relaxing)
 .debug_str     0x00001d92       0x6f .\CortexM3\ARM_GCC_493\Debug\ZumoBot.a(MotorDirRight.o)
                                0x206 (size before relaxing)
 .debug_str     0x00001e01       0x53 .\CortexM3\ARM_GCC_493\Debug\ZumoBot.a(IR_led.o)
                                0x1e3 (size before relaxing)
 .debug_str     0x00001e54      0x119 .\CortexM3\ARM_GCC_493\Debug\ZumoBot.a(sensor_isr.o)
                                0x2dc (size before relaxing)
 .debug_str     0x00001f6d      0x2b2 .\CortexM3\ARM_GCC_493\Debug\ZumoBot.a(UART_1.o)
                                0x4a3 (size before relaxing)
 .debug_str     0x0000221f       0x68 .\CortexM3\ARM_GCC_493\Debug\ZumoBot.a(IR_receiver.o)
                                0x1fc (size before relaxing)
 .debug_str     0x00002287       0x4b .\CortexM3\ARM_GCC_493\Debug\ZumoBot.a(Trig.o)
                                0x1d9 (size before relaxing)
 .debug_str     0x000022d2       0xf3 .\CortexM3\ARM_GCC_493\Debug\ZumoBot.a(Timer.o)
                                0x315 (size before relaxing)
 .debug_str     0x000023c5       0x4c .\CortexM3\ARM_GCC_493\Debug\ZumoBot.a(Echo.o)
                                0x1d9 (size before relaxing)
 .debug_str     0x00002411      0x10c .\CortexM3\ARM_GCC_493\Debug\ZumoBot.a(ultra_isr.o)
                                0x2ce (size before relaxing)
 .debug_str     0x0000251d      0x197 .\CortexM3\ARM_GCC_493\Debug\ZumoBot.a(UART_1_IntClock.o)
                                0x34a (size before relaxing)
 .debug_str     0x000026b4      0x10b .\CortexM3\ARM_GCC_493\Debug\ZumoBot.a(Buzzer_PWM.o)
                                0x2fc (size before relaxing)
 .debug_str     0x000027bf       0x33 .\CortexM3\ARM_GCC_493\Debug\ZumoBot.a(L3.o)
                                0x1cf (size before relaxing)
 .debug_str     0x000027f2      0x119 .\CortexM3\ARM_GCC_493\Debug\ZumoBot.a(Timer_L3.o)
                                0x315 (size before relaxing)
 .debug_str     0x0000290b      0x10d .\CortexM3\ARM_GCC_493\Debug\ZumoBot.a(Timer_R3.o)
                                0x315 (size before relaxing)
 .debug_str     0x00002a18      0x10d .\CortexM3\ARM_GCC_493\Debug\ZumoBot.a(Timer_R1.o)
                                0x315 (size before relaxing)
 .debug_str     0x00002b25       0x33 .\CortexM3\ARM_GCC_493\Debug\ZumoBot.a(R1.o)
                                0x1cf (size before relaxing)
 .debug_str     0x00002b58       0x33 .\CortexM3\ARM_GCC_493\Debug\ZumoBot.a(R3.o)
                                0x1cf (size before relaxing)
 .debug_str     0x00002b8b      0x10d .\CortexM3\ARM_GCC_493\Debug\ZumoBot.a(Timer_L1.o)
                                0x315 (size before relaxing)
 .debug_str     0x00002c98       0x33 .\CortexM3\ARM_GCC_493\Debug\ZumoBot.a(L1.o)
                                0x1cf (size before relaxing)
 .debug_str     0x00002ccb      0x19c .\CortexM3\ARM_GCC_493\Debug\ZumoBot.a(CyFlash.o)
                                0x391 (size before relaxing)
 .debug_str     0x00002e67       0xac .\CortexM3\ARM_GCC_493\Debug\ZumoBot.a(CySpc.o)
                                0x31a (size before relaxing)

.debug_loc      0x00000000     0x2eeb
 *(.debug_loc)
 .debug_loc     0x00000000      0x252 .\CortexM3\ARM_GCC_493\Debug\main.o
 .debug_loc     0x00000252       0x63 .\CortexM3\ARM_GCC_493\Debug\Accel.o
 .debug_loc     0x000002b5      0x154 .\CortexM3\ARM_GCC_493\Debug\Ambient.o
 .debug_loc     0x00000409       0x34 .\CortexM3\ARM_GCC_493\Debug\Gyro.o
 .debug_loc     0x0000043d       0xe0 .\CortexM3\ARM_GCC_493\Debug\I2C_made.o
 .debug_loc     0x0000051d       0xf3 .\CortexM3\ARM_GCC_493\Debug\IR.o
 .debug_loc     0x00000610       0x50 .\CortexM3\ARM_GCC_493\Debug\Magnet.o
 .debug_loc     0x00000660      0x13e .\CortexM3\ARM_GCC_493\Debug\Motor.o
 .debug_loc     0x0000079e       0x44 .\CortexM3\ARM_GCC_493\Debug\Nunchuk.o
 .debug_loc     0x000007e2       0x8e .\CortexM3\ARM_GCC_493\Debug\Reflectance.o
 .debug_loc     0x00000870       0x2b .\CortexM3\ARM_GCC_493\Debug\Ultra.o
 .debug_loc     0x0000089b       0x3f .\CortexM3\ARM_GCC_493\Debug\Beep.o
 .debug_loc     0x000008da      0x144 .\CortexM3\ARM_GCC_493\Debug\Cm3Start.o
 .debug_loc     0x00000a1e      0x27f .\CortexM3\ARM_GCC_493\Debug\ZumoBot.a(cyfitter_cfg.o)
 .debug_loc     0x00000c9d       0x26 .\CortexM3\ARM_GCC_493\Debug\ZumoBot.a(PWM.o)
 .debug_loc     0x00000cc3       0x39 .\CortexM3\ARM_GCC_493\Debug\ZumoBot.a(I2C.o)
 .debug_loc     0x00000cfc       0x29 .\CortexM3\ARM_GCC_493\Debug\ZumoBot.a(I2C_INT.o)
 .debug_loc     0x00000d25       0x13 .\CortexM3\ARM_GCC_493\Debug\ZumoBot.a(I2C_PM.o)
 .debug_loc     0x00000d38      0x52f .\CortexM3\ARM_GCC_493\Debug\ZumoBot.a(I2C_MASTER.o)
 .debug_loc     0x00001267      0xa11 .\CortexM3\ARM_GCC_493\Debug\ZumoBot.a(CyLib.o)
 .debug_loc     0x00001c78      0x1e4 .\CortexM3\ARM_GCC_493\Debug\ZumoBot.a(cyPm.o)
 .debug_loc     0x00001e5c       0x55 .\CortexM3\ARM_GCC_493\Debug\ZumoBot.a(MotorDirLeft.o)
 .debug_loc     0x00001eb1       0x42 .\CortexM3\ARM_GCC_493\Debug\ZumoBot.a(MotorDirRight.o)
 .debug_loc     0x00001ef3       0x42 .\CortexM3\ARM_GCC_493\Debug\ZumoBot.a(IR_led.o)
 .debug_loc     0x00001f35       0x56 .\CortexM3\ARM_GCC_493\Debug\ZumoBot.a(sensor_isr.o)
 .debug_loc     0x00001f8b      0x258 .\CortexM3\ARM_GCC_493\Debug\ZumoBot.a(UART_1.o)
 .debug_loc     0x000021e3       0x55 .\CortexM3\ARM_GCC_493\Debug\ZumoBot.a(IR_receiver.o)
 .debug_loc     0x00002238       0x55 .\CortexM3\ARM_GCC_493\Debug\ZumoBot.a(Trig.o)
 .debug_loc     0x0000228d       0x36 .\CortexM3\ARM_GCC_493\Debug\ZumoBot.a(Timer.o)
 .debug_loc     0x000022c3       0x42 .\CortexM3\ARM_GCC_493\Debug\ZumoBot.a(Echo.o)
 .debug_loc     0x00002305       0x56 .\CortexM3\ARM_GCC_493\Debug\ZumoBot.a(ultra_isr.o)
 .debug_loc     0x0000235b      0x128 .\CortexM3\ARM_GCC_493\Debug\ZumoBot.a(UART_1_IntClock.o)
 .debug_loc     0x00002483       0x13 .\CortexM3\ARM_GCC_493\Debug\ZumoBot.a(Buzzer_PWM.o)
 .debug_loc     0x00002496       0x42 .\CortexM3\ARM_GCC_493\Debug\ZumoBot.a(L3.o)
 .debug_loc     0x000024d8       0x42 .\CortexM3\ARM_GCC_493\Debug\ZumoBot.a(R1.o)
 .debug_loc     0x0000251a       0x42 .\CortexM3\ARM_GCC_493\Debug\ZumoBot.a(R3.o)
 .debug_loc     0x0000255c       0x42 .\CortexM3\ARM_GCC_493\Debug\ZumoBot.a(L1.o)
 .debug_loc     0x0000259e      0x300 .\CortexM3\ARM_GCC_493\Debug\ZumoBot.a(CyFlash.o)
 .debug_loc     0x0000289e      0x64d .\CortexM3\ARM_GCC_493\Debug\ZumoBot.a(CySpc.o)

.debug_macinfo
 *(.debug_macinfo)

.debug_ranges   0x00000000      0xdc0
 *(.debug_ranges)
 .debug_ranges  0x00000000       0x20 .\CortexM3\ARM_GCC_493\Debug\main.o
 .debug_ranges  0x00000020       0x10 .\CortexM3\ARM_GCC_493\Debug\Accel.o
 .debug_ranges  0x00000030       0x10 .\CortexM3\ARM_GCC_493\Debug\Ambient.o
 .debug_ranges  0x00000040       0x10 .\CortexM3\ARM_GCC_493\Debug\Gyro.o
 .debug_ranges  0x00000050       0x20 .\CortexM3\ARM_GCC_493\Debug\I2C_made.o
 .debug_ranges  0x00000070       0x30 .\CortexM3\ARM_GCC_493\Debug\IR.o
 .debug_ranges  0x000000a0       0x10 .\CortexM3\ARM_GCC_493\Debug\Magnet.o
 .debug_ranges  0x000000b0       0x38 .\CortexM3\ARM_GCC_493\Debug\Motor.o
 .debug_ranges  0x000000e8       0x20 .\CortexM3\ARM_GCC_493\Debug\Nunchuk.o
 .debug_ranges  0x00000108       0x30 .\CortexM3\ARM_GCC_493\Debug\Reflectance.o
 .debug_ranges  0x00000138       0x28 .\CortexM3\ARM_GCC_493\Debug\Ultra.o
 .debug_ranges  0x00000160       0x10 .\CortexM3\ARM_GCC_493\Debug\Beep.o
 .debug_ranges  0x00000170       0x38 .\CortexM3\ARM_GCC_493\Debug\Cm3Start.o
 .debug_ranges  0x000001a8       0x48 .\CortexM3\ARM_GCC_493\Debug\ZumoBot.a(cyfitter_cfg.o)
 .debug_ranges  0x000001f0       0x98 .\CortexM3\ARM_GCC_493\Debug\ZumoBot.a(PWM.o)
 .debug_ranges  0x00000288       0x28 .\CortexM3\ARM_GCC_493\Debug\ZumoBot.a(I2C.o)
 .debug_ranges  0x000002b0       0x10 .\CortexM3\ARM_GCC_493\Debug\ZumoBot.a(I2C_INT.o)
 .debug_ranges  0x000002c0       0x28 .\CortexM3\ARM_GCC_493\Debug\ZumoBot.a(I2C_PM.o)
 .debug_ranges  0x000002e8       0x70 .\CortexM3\ARM_GCC_493\Debug\ZumoBot.a(I2C_MASTER.o)
 .debug_ranges  0x00000358      0x290 .\CortexM3\ARM_GCC_493\Debug\ZumoBot.a(CyLib.o)
 .debug_ranges  0x000005e8       0x88 .\CortexM3\ARM_GCC_493\Debug\ZumoBot.a(cyPm.o)
 .debug_ranges  0x00000670       0x28 .\CortexM3\ARM_GCC_493\Debug\ZumoBot.a(MotorDirLeft.o)
 .debug_ranges  0x00000698       0x28 .\CortexM3\ARM_GCC_493\Debug\ZumoBot.a(MotorDirRight.o)
 .debug_ranges  0x000006c0       0x28 .\CortexM3\ARM_GCC_493\Debug\ZumoBot.a(IR_led.o)
 .debug_ranges  0x000006e8       0x70 .\CortexM3\ARM_GCC_493\Debug\ZumoBot.a(sensor_isr.o)
 .debug_ranges  0x00000758       0xe0 .\CortexM3\ARM_GCC_493\Debug\ZumoBot.a(UART_1.o)
 .debug_ranges  0x00000838       0x28 .\CortexM3\ARM_GCC_493\Debug\ZumoBot.a(IR_receiver.o)
 .debug_ranges  0x00000860       0x28 .\CortexM3\ARM_GCC_493\Debug\ZumoBot.a(Trig.o)
 .debug_ranges  0x00000888       0x78 .\CortexM3\ARM_GCC_493\Debug\ZumoBot.a(Timer.o)
 .debug_ranges  0x00000900       0x28 .\CortexM3\ARM_GCC_493\Debug\ZumoBot.a(Echo.o)
 .debug_ranges  0x00000928       0x70 .\CortexM3\ARM_GCC_493\Debug\ZumoBot.a(ultra_isr.o)
 .debug_ranges  0x00000998       0x60 .\CortexM3\ARM_GCC_493\Debug\ZumoBot.a(UART_1_IntClock.o)
 .debug_ranges  0x000009f8       0x70 .\CortexM3\ARM_GCC_493\Debug\ZumoBot.a(Buzzer_PWM.o)
 .debug_ranges  0x00000a68       0x28 .\CortexM3\ARM_GCC_493\Debug\ZumoBot.a(L3.o)
 .debug_ranges  0x00000a90       0x78 .\CortexM3\ARM_GCC_493\Debug\ZumoBot.a(Timer_L3.o)
 .debug_ranges  0x00000b08       0x78 .\CortexM3\ARM_GCC_493\Debug\ZumoBot.a(Timer_R3.o)
 .debug_ranges  0x00000b80       0x78 .\CortexM3\ARM_GCC_493\Debug\ZumoBot.a(Timer_R1.o)
 .debug_ranges  0x00000bf8       0x28 .\CortexM3\ARM_GCC_493\Debug\ZumoBot.a(R1.o)
 .debug_ranges  0x00000c20       0x28 .\CortexM3\ARM_GCC_493\Debug\ZumoBot.a(R3.o)
 .debug_ranges  0x00000c48       0x78 .\CortexM3\ARM_GCC_493\Debug\ZumoBot.a(Timer_L1.o)
 .debug_ranges  0x00000cc0       0x28 .\CortexM3\ARM_GCC_493\Debug\ZumoBot.a(L1.o)
 .debug_ranges  0x00000ce8       0x70 .\CortexM3\ARM_GCC_493\Debug\ZumoBot.a(CyFlash.o)
 .debug_ranges  0x00000d58       0x68 .\CortexM3\ARM_GCC_493\Debug\ZumoBot.a(CySpc.o)

.comment        0x00000000       0x70
 .comment       0x00000000       0x70 .\CortexM3\ARM_GCC_493\Debug\main.o
                                 0x71 (size before relaxing)
 .comment       0x00000000       0x71 .\CortexM3\ARM_GCC_493\Debug\Accel.o
 .comment       0x00000000       0x71 .\CortexM3\ARM_GCC_493\Debug\Ambient.o
 .comment       0x00000000       0x71 .\CortexM3\ARM_GCC_493\Debug\Gyro.o
 .comment       0x00000000       0x71 .\CortexM3\ARM_GCC_493\Debug\I2C_made.o
 .comment       0x00000000       0x71 .\CortexM3\ARM_GCC_493\Debug\IR.o
 .comment       0x00000000       0x71 .\CortexM3\ARM_GCC_493\Debug\Magnet.o
 .comment       0x00000000       0x71 .\CortexM3\ARM_GCC_493\Debug\Motor.o
 .comment       0x00000000       0x71 .\CortexM3\ARM_GCC_493\Debug\Nunchuk.o
 .comment       0x00000000       0x71 .\CortexM3\ARM_GCC_493\Debug\Reflectance.o
 .comment       0x00000000       0x71 .\CortexM3\ARM_GCC_493\Debug\Ultra.o
 .comment       0x00000000       0x71 .\CortexM3\ARM_GCC_493\Debug\Beep.o
 .comment       0x00000000       0x71 .\CortexM3\ARM_GCC_493\Debug\cymetadata.o
 .comment       0x00000000       0x71 .\CortexM3\ARM_GCC_493\Debug\Cm3Start.o
 .comment       0x00000000       0x71 .\CortexM3\ARM_GCC_493\Debug\ZumoBot.a(cyfitter_cfg.o)
 .comment       0x00000000       0x71 .\CortexM3\ARM_GCC_493\Debug\ZumoBot.a(PWM.o)
 .comment       0x00000000       0x71 .\CortexM3\ARM_GCC_493\Debug\ZumoBot.a(I2C.o)
 .comment       0x00000000       0x71 .\CortexM3\ARM_GCC_493\Debug\ZumoBot.a(I2C_INT.o)
 .comment       0x00000000       0x71 .\CortexM3\ARM_GCC_493\Debug\ZumoBot.a(I2C_PM.o)
 .comment       0x00000000       0x71 .\CortexM3\ARM_GCC_493\Debug\ZumoBot.a(I2C_MASTER.o)
 .comment       0x00000000       0x71 .\CortexM3\ARM_GCC_493\Debug\ZumoBot.a(CyLib.o)
 .comment       0x00000000       0x71 .\CortexM3\ARM_GCC_493\Debug\ZumoBot.a(cyPm.o)
 .comment       0x00000000       0x71 .\CortexM3\ARM_GCC_493\Debug\ZumoBot.a(MotorDirLeft.o)
 .comment       0x00000000       0x71 .\CortexM3\ARM_GCC_493\Debug\ZumoBot.a(MotorDirRight.o)
 .comment       0x00000000       0x71 .\CortexM3\ARM_GCC_493\Debug\ZumoBot.a(IR_led.o)
 .comment       0x00000000       0x71 .\CortexM3\ARM_GCC_493\Debug\ZumoBot.a(sensor_isr.o)
 .comment       0x00000000       0x71 .\CortexM3\ARM_GCC_493\Debug\ZumoBot.a(UART_1.o)
 .comment       0x00000000       0x71 .\CortexM3\ARM_GCC_493\Debug\ZumoBot.a(IR_receiver.o)
 .comment       0x00000000       0x71 .\CortexM3\ARM_GCC_493\Debug\ZumoBot.a(Trig.o)
 .comment       0x00000000       0x71 .\CortexM3\ARM_GCC_493\Debug\ZumoBot.a(Timer.o)
 .comment       0x00000000       0x71 .\CortexM3\ARM_GCC_493\Debug\ZumoBot.a(Echo.o)
 .comment       0x00000000       0x71 .\CortexM3\ARM_GCC_493\Debug\ZumoBot.a(ultra_isr.o)
 .comment       0x00000000       0x71 .\CortexM3\ARM_GCC_493\Debug\ZumoBot.a(UART_1_IntClock.o)
 .comment       0x00000000       0x71 .\CortexM3\ARM_GCC_493\Debug\ZumoBot.a(Buzzer_PWM.o)
 .comment       0x00000000       0x71 .\CortexM3\ARM_GCC_493\Debug\ZumoBot.a(L3.o)
 .comment       0x00000000       0x71 .\CortexM3\ARM_GCC_493\Debug\ZumoBot.a(Timer_L3.o)
 .comment       0x00000000       0x71 .\CortexM3\ARM_GCC_493\Debug\ZumoBot.a(Timer_R3.o)
 .comment       0x00000000       0x71 .\CortexM3\ARM_GCC_493\Debug\ZumoBot.a(Timer_R1.o)
 .comment       0x00000000       0x71 .\CortexM3\ARM_GCC_493\Debug\ZumoBot.a(R1.o)
 .comment       0x00000000       0x71 .\CortexM3\ARM_GCC_493\Debug\ZumoBot.a(R3.o)
 .comment       0x00000000       0x71 .\CortexM3\ARM_GCC_493\Debug\ZumoBot.a(Timer_L1.o)
 .comment       0x00000000       0x71 .\CortexM3\ARM_GCC_493\Debug\ZumoBot.a(L1.o)
 .comment       0x00000000       0x71 .\CortexM3\ARM_GCC_493\Debug\ZumoBot.a(CyFlash.o)
 .comment       0x00000000       0x71 .\CortexM3\ARM_GCC_493\Debug\ZumoBot.a(CySpc.o)

.debug_weaknames
 *(.debug_weaknames)

.debug_funcnames
 *(.debug_funcnames)

.debug_typenames
 *(.debug_typenames)

.debug_varnames
 *(.debug_varnames)

.note.gnu.arm.ident
 *(.note.gnu.arm.ident)

.ARM.attributes
                0x00000000       0x29
 *(.ARM.attributes)
 .ARM.attributes
                0x00000000       0x1d c:/program files (x86)/cypress/psoc creator/4.0/psoc creator/import/gnu/arm/4.9.3/bin/../lib/gcc/arm-none-eabi/4.9.3/armv7-m/crti.o
 .ARM.attributes
                0x0000001d       0x2d c:/program files (x86)/cypress/psoc creator/4.0/psoc creator/import/gnu/arm/4.9.3/bin/../lib/gcc/arm-none-eabi/4.9.3/armv7-m/crtbegin.o
 .ARM.attributes
                0x0000004a       0x1b c:/program files (x86)/cypress/psoc creator/4.0/psoc creator/import/gnu/arm/4.9.3/bin/../lib/gcc/arm-none-eabi/4.9.3/../../../../arm-none-eabi/lib/armv7-m/crt0.o
 .ARM.attributes
                0x00000065       0x33 .\CortexM3\ARM_GCC_493\Debug\main.o
 .ARM.attributes
                0x00000098       0x33 .\CortexM3\ARM_GCC_493\Debug\Accel.o
 .ARM.attributes
                0x000000cb       0x33 .\CortexM3\ARM_GCC_493\Debug\Ambient.o
 .ARM.attributes
                0x000000fe       0x33 .\CortexM3\ARM_GCC_493\Debug\Gyro.o
 .ARM.attributes
                0x00000131       0x33 .\CortexM3\ARM_GCC_493\Debug\I2C_made.o
 .ARM.attributes
                0x00000164       0x33 .\CortexM3\ARM_GCC_493\Debug\IR.o
 .ARM.attributes
                0x00000197       0x33 .\CortexM3\ARM_GCC_493\Debug\Magnet.o
 .ARM.attributes
                0x000001ca       0x33 .\CortexM3\ARM_GCC_493\Debug\Motor.o
 .ARM.attributes
                0x000001fd       0x33 .\CortexM3\ARM_GCC_493\Debug\Nunchuk.o
 .ARM.attributes
                0x00000230       0x33 .\CortexM3\ARM_GCC_493\Debug\Reflectance.o
 .ARM.attributes
                0x00000263       0x33 .\CortexM3\ARM_GCC_493\Debug\Ultra.o
 .ARM.attributes
                0x00000296       0x33 .\CortexM3\ARM_GCC_493\Debug\Beep.o
 .ARM.attributes
                0x000002c9       0x33 .\CortexM3\ARM_GCC_493\Debug\cymetadata.o
 .ARM.attributes
                0x000002fc       0x33 .\CortexM3\ARM_GCC_493\Debug\Cm3Start.o
 .ARM.attributes
                0x0000032f       0x33 .\CortexM3\ARM_GCC_493\Debug\ZumoBot.a(cyfitter_cfg.o)
 .ARM.attributes
                0x00000362       0x33 .\CortexM3\ARM_GCC_493\Debug\ZumoBot.a(PWM.o)
 .ARM.attributes
                0x00000395       0x33 .\CortexM3\ARM_GCC_493\Debug\ZumoBot.a(I2C.o)
 .ARM.attributes
                0x000003c8       0x33 .\CortexM3\ARM_GCC_493\Debug\ZumoBot.a(I2C_INT.o)
 .ARM.attributes
                0x000003fb       0x33 .\CortexM3\ARM_GCC_493\Debug\ZumoBot.a(I2C_PM.o)
 .ARM.attributes
                0x0000042e       0x33 .\CortexM3\ARM_GCC_493\Debug\ZumoBot.a(I2C_MASTER.o)
 .ARM.attributes
                0x00000461       0x33 .\CortexM3\ARM_GCC_493\Debug\ZumoBot.a(CyLib.o)
 .ARM.attributes
                0x00000494       0x33 .\CortexM3\ARM_GCC_493\Debug\ZumoBot.a(cyPm.o)
 .ARM.attributes
                0x000004c7       0x33 .\CortexM3\ARM_GCC_493\Debug\ZumoBot.a(MotorDirLeft.o)
 .ARM.attributes
                0x000004fa       0x33 .\CortexM3\ARM_GCC_493\Debug\ZumoBot.a(MotorDirRight.o)
 .ARM.attributes
                0x0000052d       0x33 .\CortexM3\ARM_GCC_493\Debug\ZumoBot.a(IR_led.o)
 .ARM.attributes
                0x00000560       0x33 .\CortexM3\ARM_GCC_493\Debug\ZumoBot.a(sensor_isr.o)
 .ARM.attributes
                0x00000593       0x33 .\CortexM3\ARM_GCC_493\Debug\ZumoBot.a(UART_1.o)
 .ARM.attributes
                0x000005c6       0x33 .\CortexM3\ARM_GCC_493\Debug\ZumoBot.a(IR_receiver.o)
 .ARM.attributes
                0x000005f9       0x33 .\CortexM3\ARM_GCC_493\Debug\ZumoBot.a(Trig.o)
 .ARM.attributes
                0x0000062c       0x33 .\CortexM3\ARM_GCC_493\Debug\ZumoBot.a(Timer.o)
 .ARM.attributes
                0x0000065f       0x33 .\CortexM3\ARM_GCC_493\Debug\ZumoBot.a(Echo.o)
 .ARM.attributes
                0x00000692       0x33 .\CortexM3\ARM_GCC_493\Debug\ZumoBot.a(ultra_isr.o)
 .ARM.attributes
                0x000006c5       0x33 .\CortexM3\ARM_GCC_493\Debug\ZumoBot.a(UART_1_IntClock.o)
 .ARM.attributes
                0x000006f8       0x33 .\CortexM3\ARM_GCC_493\Debug\ZumoBot.a(Buzzer_PWM.o)
 .ARM.attributes
                0x0000072b       0x33 .\CortexM3\ARM_GCC_493\Debug\ZumoBot.a(L3.o)
 .ARM.attributes
                0x0000075e       0x33 .\CortexM3\ARM_GCC_493\Debug\ZumoBot.a(Timer_L3.o)
 .ARM.attributes
                0x00000791       0x33 .\CortexM3\ARM_GCC_493\Debug\ZumoBot.a(Timer_R3.o)
 .ARM.attributes
                0x000007c4       0x33 .\CortexM3\ARM_GCC_493\Debug\ZumoBot.a(Timer_R1.o)
 .ARM.attributes
                0x000007f7       0x33 .\CortexM3\ARM_GCC_493\Debug\ZumoBot.a(R1.o)
 .ARM.attributes
                0x0000082a       0x33 .\CortexM3\ARM_GCC_493\Debug\ZumoBot.a(R3.o)
 .ARM.attributes
                0x0000085d       0x33 .\CortexM3\ARM_GCC_493\Debug\ZumoBot.a(Timer_L1.o)
 .ARM.attributes
                0x00000890       0x33 .\CortexM3\ARM_GCC_493\Debug\ZumoBot.a(L1.o)
 .ARM.attributes
                0x000008c3       0x21 .\CortexM3\ARM_GCC_493\Debug\ZumoBot.a(CyBootAsmGnu.o)
 .ARM.attributes
                0x000008e4       0x33 .\CortexM3\ARM_GCC_493\Debug\ZumoBot.a(CyFlash.o)
 .ARM.attributes
                0x00000917       0x33 .\CortexM3\ARM_GCC_493\Debug\ZumoBot.a(CySpc.o)
 .ARM.attributes
                0x0000094a       0x2d c:/program files (x86)/cypress/psoc creator/4.0/psoc creator/import/gnu/arm/4.9.3/bin/../lib/gcc/arm-none-eabi/4.9.3/../../../../arm-none-eabi/lib/armv7-m\libm.a(lib_a-w_atan2.o)
 .ARM.attributes
                0x00000977       0x2d c:/program files (x86)/cypress/psoc creator/4.0/psoc creator/import/gnu/arm/4.9.3/bin/../lib/gcc/arm-none-eabi/4.9.3/../../../../arm-none-eabi/lib/armv7-m\libm.a(lib_a-w_pow.o)
 .ARM.attributes
                0x000009a4       0x2d c:/program files (x86)/cypress/psoc creator/4.0/psoc creator/import/gnu/arm/4.9.3/bin/../lib/gcc/arm-none-eabi/4.9.3/../../../../arm-none-eabi/lib/armv7-m\libm.a(lib_a-e_atan2.o)
 .ARM.attributes
                0x000009d1       0x2d c:/program files (x86)/cypress/psoc creator/4.0/psoc creator/import/gnu/arm/4.9.3/bin/../lib/gcc/arm-none-eabi/4.9.3/../../../../arm-none-eabi/lib/armv7-m\libm.a(lib_a-e_pow.o)
 .ARM.attributes
                0x000009fe       0x2d c:/program files (x86)/cypress/psoc creator/4.0/psoc creator/import/gnu/arm/4.9.3/bin/../lib/gcc/arm-none-eabi/4.9.3/../../../../arm-none-eabi/lib/armv7-m\libm.a(lib_a-e_sqrt.o)
 .ARM.attributes
                0x00000a2b       0x2d c:/program files (x86)/cypress/psoc creator/4.0/psoc creator/import/gnu/arm/4.9.3/bin/../lib/gcc/arm-none-eabi/4.9.3/../../../../arm-none-eabi/lib/armv7-m\libm.a(lib_a-s_atan.o)
 .ARM.attributes
                0x00000a58       0x2d c:/program files (x86)/cypress/psoc creator/4.0/psoc creator/import/gnu/arm/4.9.3/bin/../lib/gcc/arm-none-eabi/4.9.3/../../../../arm-none-eabi/lib/armv7-m\libm.a(lib_a-s_fabs.o)
 .ARM.attributes
                0x00000a85       0x2d c:/program files (x86)/cypress/psoc creator/4.0/psoc creator/import/gnu/arm/4.9.3/bin/../lib/gcc/arm-none-eabi/4.9.3/../../../../arm-none-eabi/lib/armv7-m\libm.a(lib_a-s_finite.o)
 .ARM.attributes
                0x00000ab2       0x2d c:/program files (x86)/cypress/psoc creator/4.0/psoc creator/import/gnu/arm/4.9.3/bin/../lib/gcc/arm-none-eabi/4.9.3/../../../../arm-none-eabi/lib/armv7-m\libm.a(lib_a-s_fpclassify.o)
 .ARM.attributes
                0x00000adf       0x2d c:/program files (x86)/cypress/psoc creator/4.0/psoc creator/import/gnu/arm/4.9.3/bin/../lib/gcc/arm-none-eabi/4.9.3/../../../../arm-none-eabi/lib/armv7-m\libm.a(lib_a-s_lib_ver.o)
 .ARM.attributes
                0x00000b0c       0x2d c:/program files (x86)/cypress/psoc creator/4.0/psoc creator/import/gnu/arm/4.9.3/bin/../lib/gcc/arm-none-eabi/4.9.3/../../../../arm-none-eabi/lib/armv7-m\libm.a(lib_a-s_matherr.o)
 .ARM.attributes
                0x00000b39       0x2d c:/program files (x86)/cypress/psoc creator/4.0/psoc creator/import/gnu/arm/4.9.3/bin/../lib/gcc/arm-none-eabi/4.9.3/../../../../arm-none-eabi/lib/armv7-m\libm.a(lib_a-s_nan.o)
 .ARM.attributes
                0x00000b66       0x2d c:/program files (x86)/cypress/psoc creator/4.0/psoc creator/import/gnu/arm/4.9.3/bin/../lib/gcc/arm-none-eabi/4.9.3/../../../../arm-none-eabi/lib/armv7-m\libm.a(lib_a-s_rint.o)
 .ARM.attributes
                0x00000b93       0x2d c:/program files (x86)/cypress/psoc creator/4.0/psoc creator/import/gnu/arm/4.9.3/bin/../lib/gcc/arm-none-eabi/4.9.3/../../../../arm-none-eabi/lib/armv7-m\libm.a(lib_a-s_scalbn.o)
 .ARM.attributes
                0x00000bc0       0x2d c:/program files (x86)/cypress/psoc creator/4.0/psoc creator/import/gnu/arm/4.9.3/bin/../lib/gcc/arm-none-eabi/4.9.3/../../../../arm-none-eabi/lib/armv7-m\libm.a(lib_a-s_copysign.o)
 .ARM.attributes
                0x00000bed       0x1d c:/program files (x86)/cypress/psoc creator/4.0/psoc creator/import/gnu/arm/4.9.3/bin/../lib/gcc/arm-none-eabi/4.9.3/armv7-m\libgcc.a(_arm_addsubdf3.o)
 .ARM.attributes
                0x00000c0a       0x1d c:/program files (x86)/cypress/psoc creator/4.0/psoc creator/import/gnu/arm/4.9.3/bin/../lib/gcc/arm-none-eabi/4.9.3/armv7-m\libgcc.a(_arm_muldivdf3.o)
 .ARM.attributes
                0x00000c27       0x1d c:/program files (x86)/cypress/psoc creator/4.0/psoc creator/import/gnu/arm/4.9.3/bin/../lib/gcc/arm-none-eabi/4.9.3/armv7-m\libgcc.a(_arm_cmpdf2.o)
 .ARM.attributes
                0x00000c44       0x1d c:/program files (x86)/cypress/psoc creator/4.0/psoc creator/import/gnu/arm/4.9.3/bin/../lib/gcc/arm-none-eabi/4.9.3/armv7-m\libgcc.a(_arm_fixdfsi.o)
 .ARM.attributes
                0x00000c61       0x1d c:/program files (x86)/cypress/psoc creator/4.0/psoc creator/import/gnu/arm/4.9.3/bin/../lib/gcc/arm-none-eabi/4.9.3/armv7-m\libgcc.a(_arm_addsubsf3.o)
 .ARM.attributes
                0x00000c7e       0x1d c:/program files (x86)/cypress/psoc creator/4.0/psoc creator/import/gnu/arm/4.9.3/bin/../lib/gcc/arm-none-eabi/4.9.3/armv7-m\libgcc.a(_arm_muldivsf3.o)
 .ARM.attributes
                0x00000c9b       0x1d c:/program files (x86)/cypress/psoc creator/4.0/psoc creator/import/gnu/arm/4.9.3/bin/../lib/gcc/arm-none-eabi/4.9.3/armv7-m\libgcc.a(_arm_fixunssfsi.o)
 .ARM.attributes
                0x00000cb8       0x2d c:/program files (x86)/cypress/psoc creator/4.0/psoc creator/import/gnu/arm/4.9.3/bin/../lib/gcc/arm-none-eabi/4.9.3/../../../../arm-none-eabi/lib/armv7-m\libg.a(lib_a-errno.o)
 .ARM.attributes
                0x00000ce5       0x2d c:/program files (x86)/cypress/psoc creator/4.0/psoc creator/import/gnu/arm/4.9.3/bin/../lib/gcc/arm-none-eabi/4.9.3/../../../../arm-none-eabi/lib/armv7-m\libg.a(lib_a-exit.o)
 .ARM.attributes
                0x00000d12       0x2d c:/program files (x86)/cypress/psoc creator/4.0/psoc creator/import/gnu/arm/4.9.3/bin/../lib/gcc/arm-none-eabi/4.9.3/../../../../arm-none-eabi/lib/armv7-m\libg.a(lib_a-impure.o)
 .ARM.attributes
                0x00000d3f       0x2d c:/program files (x86)/cypress/psoc creator/4.0/psoc creator/import/gnu/arm/4.9.3/bin/../lib/gcc/arm-none-eabi/4.9.3/../../../../arm-none-eabi/lib/armv7-m\libg.a(lib_a-init.o)
 .ARM.attributes
                0x00000d6c       0x1b c:/program files (x86)/cypress/psoc creator/4.0/psoc creator/import/gnu/arm/4.9.3/bin/../lib/gcc/arm-none-eabi/4.9.3/../../../../arm-none-eabi/lib/armv7-m\libg.a(lib_a-memcpy.o)
 .ARM.attributes
                0x00000d87       0x2d c:/program files (x86)/cypress/psoc creator/4.0/psoc creator/import/gnu/arm/4.9.3/bin/../lib/gcc/arm-none-eabi/4.9.3/../../../../arm-none-eabi/lib/armv7-m\libg.a(lib_a-memset.o)
 .ARM.attributes
                0x00000db4       0x2d c:/program files (x86)/cypress/psoc creator/4.0/psoc creator/import/gnu/arm/4.9.3/bin/../lib/gcc/arm-none-eabi/4.9.3/../../../../arm-none-eabi/lib/armv7-m\libg.a(lib_a-__call_atexit.o)
 .ARM.attributes
                0x00000de1       0x2d c:/program files (x86)/cypress/psoc creator/4.0/psoc creator/import/gnu/arm/4.9.3/bin/../lib/gcc/arm-none-eabi/4.9.3/../../../../arm-none-eabi/lib/armv7-m\libg.a(lib_a-atexit.o)
 .ARM.attributes
                0x00000e0e       0x2d c:/program files (x86)/cypress/psoc creator/4.0/psoc creator/import/gnu/arm/4.9.3/bin/../lib/gcc/arm-none-eabi/4.9.3/../../../../arm-none-eabi/lib/armv7-m\libg.a(lib_a-fini.o)
 .ARM.attributes
                0x00000e3b       0x2d c:/program files (x86)/cypress/psoc creator/4.0/psoc creator/import/gnu/arm/4.9.3/bin/../lib/gcc/arm-none-eabi/4.9.3/../../../../arm-none-eabi/lib/armv7-m\libg.a(lib_a-__atexit.o)
 .ARM.attributes
                0x00000e68       0x2d c:/program files (x86)/cypress/psoc creator/4.0/psoc creator/import/gnu/arm/4.9.3/bin/../lib/gcc/arm-none-eabi/4.9.3/armv7-m/crtend.o
 .ARM.attributes
                0x00000e95       0x1d c:/program files (x86)/cypress/psoc creator/4.0/psoc creator/import/gnu/arm/4.9.3/bin/../lib/gcc/arm-none-eabi/4.9.3/armv7-m/crtn.o

/DISCARD/
 *(.note.GNU-stack)
OUTPUT(.\CortexM3\ARM_GCC_493\Debug\ZumoBot.elf elf32-littlearm)
