Archive member included because of file (symbol)

.\CortexM3\ARM_GCC_493\Debug\ZumoBot.a(cyfitter_cfg.o)
                              .\CortexM3\ARM_GCC_493\Debug\Cm3Start.o (cyfitter_cfg)
.\CortexM3\ARM_GCC_493\Debug\ZumoBot.a(PWM.o)
                              .\CortexM3\ARM_GCC_493\Debug\Motor.o (PWM_Stop)
.\CortexM3\ARM_GCC_493\Debug\ZumoBot.a(I2C.o)
                              .\CortexM3\ARM_GCC_493\Debug\Nunchuk.o (I2C_Start)
.\CortexM3\ARM_GCC_493\Debug\ZumoBot.a(I2C_INT.o)
                              .\CortexM3\ARM_GCC_493\Debug\ZumoBot.a(I2C.o) (I2C_ISR)
.\CortexM3\ARM_GCC_493\Debug\ZumoBot.a(I2C_PM.o)
                              .\CortexM3\ARM_GCC_493\Debug\ZumoBot.a(I2C.o) (I2C_backup)
.\CortexM3\ARM_GCC_493\Debug\ZumoBot.a(I2C_MASTER.o)
                              .\CortexM3\ARM_GCC_493\Debug\I2C_made.o (I2C_MasterWriteBuf)
.\CortexM3\ARM_GCC_493\Debug\ZumoBot.a(CyLib.o)
                              .\CortexM3\ARM_GCC_493\Debug\Cm3Start.o (CyHalt)
.\CortexM3\ARM_GCC_493\Debug\ZumoBot.a(cyPm.o)
                              .\CortexM3\ARM_GCC_493\Debug\ZumoBot.a(CyLib.o) (CyPmReadStatus)
.\CortexM3\ARM_GCC_493\Debug\ZumoBot.a(MotorDirLeft.o)
                              .\CortexM3\ARM_GCC_493\Debug\Motor.o (MotorDirLeft_Write)
.\CortexM3\ARM_GCC_493\Debug\ZumoBot.a(MotorDirRight.o)
                              .\CortexM3\ARM_GCC_493\Debug\Motor.o (MotorDirRight_Write)
.\CortexM3\ARM_GCC_493\Debug\ZumoBot.a(IR_led.o)
                              .\CortexM3\ARM_GCC_493\Debug\main.o (IR_led_Write)
.\CortexM3\ARM_GCC_493\Debug\ZumoBot.a(sensor_isr.o)
                              .\CortexM3\ARM_GCC_493\Debug\main.o (sensor_isr_StartEx)
.\CortexM3\ARM_GCC_493\Debug\ZumoBot.a(UART_1.o)
                              .\CortexM3\ARM_GCC_493\Debug\main.o (UART_1_Start)
.\CortexM3\ARM_GCC_493\Debug\ZumoBot.a(IR_receiver.o)
                              .\CortexM3\ARM_GCC_493\Debug\IR.o (IR_receiver_Read)
.\CortexM3\ARM_GCC_493\Debug\ZumoBot.a(Trig.o)
                              .\CortexM3\ARM_GCC_493\Debug\Ultra.o (Trig_Write)
.\CortexM3\ARM_GCC_493\Debug\ZumoBot.a(Timer.o)
                              .\CortexM3\ARM_GCC_493\Debug\Ultra.o (Timer_Stop)
.\CortexM3\ARM_GCC_493\Debug\ZumoBot.a(Echo.o)
                              .\CortexM3\ARM_GCC_493\Debug\Ultra.o (Echo_Read)
.\CortexM3\ARM_GCC_493\Debug\ZumoBot.a(ultra_isr.o)
                              .\CortexM3\ARM_GCC_493\Debug\Ultra.o (ultra_isr_StartEx)
.\CortexM3\ARM_GCC_493\Debug\ZumoBot.a(UART_1_IntClock.o)
                              .\CortexM3\ARM_GCC_493\Debug\ZumoBot.a(UART_1.o) (UART_1_IntClock_Start)
.\CortexM3\ARM_GCC_493\Debug\ZumoBot.a(Buzzer_PWM.o)
                              .\CortexM3\ARM_GCC_493\Debug\Beep.o (Buzzer_PWM_Stop)
.\CortexM3\ARM_GCC_493\Debug\ZumoBot.a(L3.o)
                              .\CortexM3\ARM_GCC_493\Debug\Reflectance.o (L3_Write)
.\CortexM3\ARM_GCC_493\Debug\ZumoBot.a(Timer_L3.o)
                              .\CortexM3\ARM_GCC_493\Debug\Reflectance.o (Timer_L3_ReadStatusRegister)
.\CortexM3\ARM_GCC_493\Debug\ZumoBot.a(Timer_R3.o)
                              .\CortexM3\ARM_GCC_493\Debug\Reflectance.o (Timer_R3_ReadStatusRegister)
.\CortexM3\ARM_GCC_493\Debug\ZumoBot.a(Timer_R1.o)
                              .\CortexM3\ARM_GCC_493\Debug\Reflectance.o (Timer_R1_ReadStatusRegister)
.\CortexM3\ARM_GCC_493\Debug\ZumoBot.a(R1.o)
                              .\CortexM3\ARM_GCC_493\Debug\Reflectance.o (R1_Write)
.\CortexM3\ARM_GCC_493\Debug\ZumoBot.a(R3.o)
                              .\CortexM3\ARM_GCC_493\Debug\Reflectance.o (R3_Write)
.\CortexM3\ARM_GCC_493\Debug\ZumoBot.a(Timer_L1.o)
                              .\CortexM3\ARM_GCC_493\Debug\Reflectance.o (Timer_L1_ReadStatusRegister)
.\CortexM3\ARM_GCC_493\Debug\ZumoBot.a(L1.o)
                              .\CortexM3\ARM_GCC_493\Debug\Reflectance.o (L1_Write)
.\CortexM3\ARM_GCC_493\Debug\ZumoBot.a(CyBootAsmGnu.o)
                              .\CortexM3\ARM_GCC_493\Debug\ZumoBot.a(cyfitter_cfg.o) (CyDelayCycles)
.\CortexM3\ARM_GCC_493\Debug\ZumoBot.a(CyFlash.o)
                              .\CortexM3\ARM_GCC_493\Debug\ZumoBot.a(cyPm.o) (CyFlash_SetWaitCycles)
.\CortexM3\ARM_GCC_493\Debug\ZumoBot.a(CySpc.o)
                              .\CortexM3\ARM_GCC_493\Debug\ZumoBot.a(CyFlash.o) (CySpcStart)
c:/program files/cypress/psoc creator/4.0/psoc creator/import/gnu/arm/4.9.3/bin/../lib/gcc/arm-none-eabi/4.9.3/../../../../arm-none-eabi/lib/armv7-m\libm.a(lib_a-w_atan2.o)
                              .\CortexM3\ARM_GCC_493\Debug\Accel.o (atan2)
c:/program files/cypress/psoc creator/4.0/psoc creator/import/gnu/arm/4.9.3/bin/../lib/gcc/arm-none-eabi/4.9.3/../../../../arm-none-eabi/lib/armv7-m\libm.a(lib_a-w_pow.o)
                              .\CortexM3\ARM_GCC_493\Debug\Ambient.o (pow)
[...]
Memory Configuration

Name             Origin             Length             Attributes
rom              0x00000000         0x00040000         xr
ram              0x1fff8000         0x00010000         xrw
*default*        0x00000000         0xffffffff

Linker script and memory map

LOAD c:/program files/cypress/psoc creator/4.0/psoc creator/import/gnu/arm/4.9.3/bin/../lib/gcc/arm-none-eabi/4.9.3/armv7-m/crti.o
LOAD c:/program files/cypress/psoc creator/4.0/psoc creator/import/gnu/arm/4.9.3/bin/../lib/gcc/arm-none-eabi/4.9.3/armv7-m/crtbegin.o
LOAD c:/program files/cypress/psoc creator/4.0/psoc creator/import/gnu/arm/4.9.3/bin/../lib/gcc/arm-none-eabi/4.9.3/../../../../arm-none-eabi/lib/armv7-m/crt0.o
START GROUP
LOAD .\CortexM3\ARM_GCC_493\Debug\main.o
LOAD .\CortexM3\ARM_GCC_493\Debug\Accel.o
LOAD .\CortexM3\ARM_GCC_493\Debug\Ambient.o
LOAD .\CortexM3\ARM_GCC_493\Debug\Gyro.o
LOAD .\CortexM3\ARM_GCC_493\Debug\I2C_made.o
LOAD .\CortexM3\ARM_GCC_493\Debug\IR.o
LOAD .\CortexM3\ARM_GCC_493\Debug\Magnet.o
LOAD .\CortexM3\ARM_GCC_493\Debug\Motor.o
LOAD .\CortexM3\ARM_GCC_493\Debug\Nunchuk.o
LOAD .\CortexM3\ARM_GCC_493\Debug\Reflectance.o
LOAD .\CortexM3\ARM_GCC_493\Debug\Ultra.o
LOAD .\CortexM3\ARM_GCC_493\Debug\Beep.o
LOAD .\CortexM3\ARM_GCC_493\Debug\cymetadata.o
LOAD .\CortexM3\ARM_GCC_493\Debug\Cm3Start.o
LOAD .\CortexM3\ARM_GCC_493\Debug\ZumoBot.a
LOAD C:\Program Files\Cypress\PSoC Creator\4.0\PSoC Creator\psoc\content\cycomponentlibrary\CyComponentLibrary.cylib\CortexM3\ARM_GCC_493\Debug\CyComponentLibrary.a
LOAD c:/program files/cypress/psoc creator/4.0/psoc creator/import/gnu/arm/4.9.3/bin/../lib/gcc/arm-none-eabi/4.9.3/../../../../arm-none-eabi/lib/armv7-m\libm.a
END GROUP
START GROUP
LOAD c:/program files/cypress/psoc creator/4.0/psoc creator/import/gnu/arm/4.9.3/bin/../lib/gcc/arm-none-eabi/4.9.3/armv7-m\libgcc.a
LOAD c:/program files/cypress/psoc creator/4.0/psoc creator/import/gnu/arm/4.9.3/bin/../lib/gcc/arm-none-eabi/4.9.3/../../../../arm-none-eabi/lib/armv7-m\libg.a
LOAD c:/program files/cypress/psoc creator/4.0/psoc creator/import/gnu/arm/4.9.3/bin/../lib/gcc/arm-none-eabi/4.9.3/../../../../arm-none-eabi/lib/armv7-m\libc.a
END GROUP
LOAD c:/program files/cypress/psoc creator/4.0/psoc creator/import/gnu/arm/4.9.3/bin/../lib/gcc/arm-none-eabi/4.9.3/armv7-m/crtend.o
LOAD c:/program files/cypress/psoc creator/4.0/psoc creator/import/gnu/arm/4.9.3/bin/../lib/gcc/arm-none-eabi/4.9.3/armv7-m/crtn.o
START GROUP
LOAD c:/program files/cypress/psoc creator/4.0/psoc creator/import/gnu/arm/4.9.3/bin/../lib/gcc/arm-none-eabi/4.9.3/armv7-m\libgcc.a
LOAD c:/program files/cypress/psoc creator/4.0/psoc creator/import/gnu/arm/4.9.3/bin/../lib/gcc/arm-none-eabi/4.9.3/../../../../arm-none-eabi/lib/armv7-m\libc.a
LOAD c:/program files/cypress/psoc creator/4.0/psoc creator/import/gnu/arm/4.9.3/bin/../lib/gcc/arm-none-eabi/4.9.3/../../../../arm-none-eabi/lib/armv7-m\libnosys.a
END GROUP
                0x00000000                CY_APPL_ORIGIN = 0x0
                0x00000100                CY_FLASH_ROW_SIZE = 0x100
                0x00000020                CY_ECC_ROW_SIZE = 0x20
                0x00000000                CY_EE_IN_BTLDR = 0x0
                0x00000000                CY_APPL_LOADABLE = 0x0
                0x00000800                CY_EE_SIZE = 0x800
                0x00000001                CY_APPL_NUM = 0x1
                0x00000001                CY_APPL_MAX = 0x1
                0x00000040                CY_METADATA_SIZE = 0x40
                0x00000000                CY_APPL_LOADABLE = 0x0
                0x00000000                CY_CHECKSUM_EXCLUDE_SIZE = ALIGN (0x0, CY_FLASH_ROW_SIZE)
                0x1fff8a38                PROVIDE (__cy_heap_start, _end)
                0x00000001                PROVIDE (__cy_region_num, ((__cy_regions_end - __cy_regions) / 0x10))
                0x20008000                PROVIDE (__cy_stack, (ORIGIN (ram) + 0x10000))
                0x20007800                PROVIDE (__cy_heap_end, (__cy_stack - 0x800))

.cybootloader   0x00000000        0x0
 *(.cybootloader)
                0x00000000                appl1_start = CY_APPL_ORIGIN?CY_APPL_ORIGIN:ALIGN (CY_FLASH_ROW_SIZE)
                0x0001ff00                appl2_start = (appl1_start + ALIGN ((((0x40000 - appl1_start) - (0x2 * CY_FLASH_ROW_SIZE)) / 0x2), CY_FLASH_ROW_SIZE))
                0x00000000                appl_start = (CY_APPL_NUM == 0x1)?appl1_start:appl2_start
                0x00000000                ecc_offset = ((appl_start / CY_FLASH_ROW_SIZE) * CY_ECC_ROW_SIZE)
                0x00000000                ee_offset = (CY_APPL_LOADABLE && ! (CY_EE_IN_BTLDR))?((CY_EE_SIZE / CY_APPL_MAX) * (CY_APPL_NUM - 0x1)):0x0
                0x00000800                ee_size = (CY_APPL_LOADABLE && ! (CY_EE_IN_BTLDR))?(CY_EE_SIZE / CY_APPL_MAX):CY_EE_SIZE
                0x00000000                PROVIDE (CY_ECC_OFFSET, ecc_offset)

.text           0x00000000     0x651c
 CREATE_OBJECT_SYMBOLS
                0x00000000                PROVIDE (__cy_interrupt_vector, RomVectors)
 *(.romvectors)
 .romvectors    0x00000000       0x10 .\CortexM3\ARM_GCC_493\Debug\Cm3Start.o
                0x00000000                RomVectors
                0x00000001                ASSERT ((. != __cy_interrupt_vector), No interrupt vector)
                0x00000001                ASSERT (CY_APPL_ORIGIN?(SIZEOF (.cybootloader) <= CY_APPL_ORIGIN):0x1, Wrong image location)
                0x00000010                PROVIDE (__cy_reset, Reset)
 *(.text.Reset)
 .text.Reset    0x00000010       0x18 .\CortexM3\ARM_GCC_493\Debug\Cm3Start.o
                0x00000010                Reset
                0x00000001                ASSERT ((. != __cy_reset), No reset code)
 *(.dma_init)
                0x00000001                ASSERT ((((appl_start + .) <= 0x10000) || 0x1), DMA Init must be within the first 64k of flash)
 *(.text .text.* .gnu.linkonce.t.*)
 .text          0x00000028       0x5c c:/program files/cypress/psoc creator/4.0/psoc creator/import/gnu/arm/4.9.3/bin/../lib/gcc/arm-none-eabi/4.9.3/armv7-m/crtbegin.o
 *fill*         0x00000084        0x4 
 .text.main     0x00000088       0xe0 .\CortexM3\ARM_GCC_493\Debug\main.o
                0x00000088                main
 .text._write   0x00000168       0x2c .\CortexM3\ARM_GCC_493\Debug\main.o
                0x00000168                _write
 .text._read    0x00000194       0x38 .\CortexM3\ARM_GCC_493\Debug\main.o
                0x00000194                _read
 .text.motor_start
                0x000001cc        0x8 .\CortexM3\ARM_GCC_493\Debug\Motor.o
                0x000001cc                motor_start
 .text.motor_turn
                0x000001d4       0x18 .\CortexM3\ARM_GCC_493\Debug\Motor.o
                0x000001d4                motor_turn
 .text.sensor_isr_handler
                0x000001ec      0x108 .\CortexM3\ARM_GCC_493\Debug\Reflectance.o
                0x000001ec                sensor_isr_handler
 .text.reflectance_start
                0x000002f4       0x20 .\CortexM3\ARM_GCC_493\Debug\Reflectance.o
                0x000002f4                reflectance_start
 .text.reflectance_read
                0x00000314       0x10 .\CortexM3\ARM_GCC_493\Debug\Reflectance.o
                0x00000314                reflectance_read
 .text.reflectance_digital
                0x00000324       0x6c .\CortexM3\ARM_GCC_493\Debug\Reflectance.o
                0x00000324                reflectance_digital
 .text.IntDefaultHandler
                0x00000390       0x10 .\CortexM3\ARM_GCC_493\Debug\Cm3Start.o
                0x00000390                IntDefaultHandler
 .text._sbrk    0x000003a0       0x30 .\CortexM3\ARM_GCC_493\Debug\Cm3Start.o
                0x000003a0                _sbrk
 .text.Start_c  0x000003d0       0x4c .\CortexM3\ARM_GCC_493\Debug\Cm3Start.o
                0x000003d0                Start_c
 .text.initialize_psoc
                0x0000041c       0x74 .\CortexM3\ARM_GCC_493\Debug\Cm3Start.o
                0x0000041c                initialize_psoc
 .text.CyClockStartupError
                0x00000490        0x4 .\CortexM3\ARM_GCC_493\Debug\ZumoBot.a(cyfitter_cfg.o)
 .text.cfg_write_bytes32
                0x00000494       0x34 .\CortexM3\ARM_GCC_493\Debug\ZumoBot.a(cyfitter_cfg.o)
 .text.CYMEMZERO
                0x000004c8        0xc .\CortexM3\ARM_GCC_493\Debug\ZumoBot.a(cyfitter_cfg.o)
 .text.ClockSetup
                0x000004d4       0xf0 .\CortexM3\ARM_GCC_493\Debug\ZumoBot.a(cyfitter_cfg.o)
 .text.AnalogSetDefault
                0x000005c4       0x80 .\CortexM3\ARM_GCC_493\Debug\ZumoBot.a(cyfitter_cfg.o)
 .text.CYCONFIGCPY
                0x00000644        0x8 .\CortexM3\ARM_GCC_493\Debug\ZumoBot.a(cyfitter_cfg.o)
 .text.cyfitter_cfg
                0x0000064c      0x144 .\CortexM3\ARM_GCC_493\Debug\ZumoBot.a(cyfitter_cfg.o)
                0x0000064c                cyfitter_cfg
 .text.PWM_Enable
                0x00000790       0x10 .\CortexM3\ARM_GCC_493\Debug\ZumoBot.a(PWM.o)
                0x00000790                PWM_Enable
 .text.PWM_WriteCounter
                0x000007a0        0xc .\CortexM3\ARM_GCC_493\Debug\ZumoBot.a(PWM.o)
                0x000007a0                PWM_WriteCounter
 .text.PWM_WritePeriod
                0x000007ac        0xc .\CortexM3\ARM_GCC_493\Debug\ZumoBot.a(PWM.o)
                0x000007ac                PWM_WritePeriod
 .text.PWM_WriteCompare1
                0x000007b8        0xc .\CortexM3\ARM_GCC_493\Debug\ZumoBot.a(PWM.o)
                0x000007b8                PWM_WriteCompare1
 .text.PWM_WriteCompare2
                0x000007c4        0xc .\CortexM3\ARM_GCC_493\Debug\ZumoBot.a(PWM.o)
                0x000007c4                PWM_WriteCompare2
 .text.PWM_SetInterruptMode
                0x000007d0        0xc .\CortexM3\ARM_GCC_493\Debug\ZumoBot.a(PWM.o)
                0x000007d0                PWM_SetInterruptMode
 .text.PWM_ReadStatusRegister
                0x000007dc        0xc .\CortexM3\ARM_GCC_493\Debug\ZumoBot.a(PWM.o)
                0x000007dc                PWM_ReadStatusRegister
 .text.PWM_ReadCapture
                0x000007e8        0xc .\CortexM3\ARM_GCC_493\Debug\ZumoBot.a(PWM.o)
                0x000007e8                PWM_ReadCapture
 .text.PWM_ClearFIFO
                0x000007f4       0x14 .\CortexM3\ARM_GCC_493\Debug\ZumoBot.a(PWM.o)
                0x000007f4                PWM_ClearFIFO
 .text.PWM_Init
                0x00000808       0x58 .\CortexM3\ARM_GCC_493\Debug\ZumoBot.a(PWM.o)
                0x00000808                PWM_Init
 .text.PWM_Start
                0x00000860       0x1c .\CortexM3\ARM_GCC_493\Debug\ZumoBot.a(PWM.o)
                0x00000860                PWM_Start
 .text.CyDelay  0x0000087c       0x2c .\CortexM3\ARM_GCC_493\Debug\ZumoBot.a(CyLib.o)
                0x0000087c                CyDelay
 .text.CyDelayUs
                0x000008a8       0x14 .\CortexM3\ARM_GCC_493\Debug\ZumoBot.a(CyLib.o)
                0x000008a8                CyDelayUs
 .text.IR_led_Write
                0x000008bc       0x18 .\CortexM3\ARM_GCC_493\Debug\ZumoBot.a(IR_led.o)
                0x000008bc                IR_led_Write
 .text.sensor_isr_SetVector
                0x000008d4        0xc .\CortexM3\ARM_GCC_493\Debug\ZumoBot.a(sensor_isr.o)
                0x000008d4                sensor_isr_SetVector
 .text.sensor_isr_SetPriority
                0x000008e0       0x10 .\CortexM3\ARM_GCC_493\Debug\ZumoBot.a(sensor_isr.o)
                0x000008e0                sensor_isr_SetPriority
 .text.sensor_isr_Enable
                0x000008f0        0xc .\CortexM3\ARM_GCC_493\Debug\ZumoBot.a(sensor_isr.o)
                0x000008f0                sensor_isr_Enable
 .text.sensor_isr_Disable
                0x000008fc        0xc .\CortexM3\ARM_GCC_493\Debug\ZumoBot.a(sensor_isr.o)
                0x000008fc                sensor_isr_Disable
 .text.sensor_isr_StartEx
                0x00000908       0x1c .\CortexM3\ARM_GCC_493\Debug\ZumoBot.a(sensor_isr.o)
                0x00000908                sensor_isr_StartEx
 .text.UART_1_Init
                0x00000924       0x28 .\CortexM3\ARM_GCC_493\Debug\ZumoBot.a(UART_1.o)
                0x00000924                UART_1_Init
 .text.UART_1_Enable
                0x0000094c       0x38 .\CortexM3\ARM_GCC_493\Debug\ZumoBot.a(UART_1.o)
                0x0000094c                UART_1_Enable
 .text.UART_1_Start
                0x00000984       0x1c .\CortexM3\ARM_GCC_493\Debug\ZumoBot.a(UART_1.o)
                0x00000984                UART_1_Start
 .text.UART_1_GetChar
                0x000009a0       0x2c .\CortexM3\ARM_GCC_493\Debug\ZumoBot.a(UART_1.o)
                0x000009a0                UART_1_GetChar
 .text.UART_1_PutChar
                0x000009cc       0x18 .\CortexM3\ARM_GCC_493\Debug\ZumoBot.a(UART_1.o)
                0x000009cc                UART_1_PutChar
 .text.UART_1_IntClock_Start
                0x000009e4       0x1c .\CortexM3\ARM_GCC_493\Debug\ZumoBot.a(UART_1_IntClock.o)
                0x000009e4                UART_1_IntClock_Start
 .text.L3_Write
                0x00000a00       0x18 .\CortexM3\ARM_GCC_493\Debug\ZumoBot.a(L3.o)
                0x00000a00                L3_Write
 .text.L3_SetDriveMode
                0x00000a18       0x18 .\CortexM3\ARM_GCC_493\Debug\ZumoBot.a(L3.o)
                0x00000a18                L3_SetDriveMode
 .text.Timer_L3_Enable
                0x00000a30       0x28 .\CortexM3\ARM_GCC_493\Debug\ZumoBot.a(Timer_L3.o)
                0x00000a30                Timer_L3_Enable
 .text.Timer_L3_SetInterruptMode
                0x00000a58        0xc .\CortexM3\ARM_GCC_493\Debug\ZumoBot.a(Timer_L3.o)
                0x00000a58                Timer_L3_SetInterruptMode
 .text.Timer_L3_ReadStatusRegister
                0x00000a64        0xc .\CortexM3\ARM_GCC_493\Debug\ZumoBot.a(Timer_L3.o)
                0x00000a64                Timer_L3_ReadStatusRegister
 .text.Timer_L3_ReadPeriod
                0x00000a70        0xc .\CortexM3\ARM_GCC_493\Debug\ZumoBot.a(Timer_L3.o)
                0x00000a70                Timer_L3_ReadPeriod
 .text.Timer_L3_WritePeriod
                0x00000a7c        0xc .\CortexM3\ARM_GCC_493\Debug\ZumoBot.a(Timer_L3.o)
                0x00000a7c                Timer_L3_WritePeriod
 .text.Timer_L3_ReadCapture
                0x00000a88        0xc .\CortexM3\ARM_GCC_493\Debug\ZumoBot.a(Timer_L3.o)
                0x00000a88                Timer_L3_ReadCapture
 .text.Timer_L3_WriteCounter
                0x00000a94        0xc .\CortexM3\ARM_GCC_493\Debug\ZumoBot.a(Timer_L3.o)
                0x00000a94                Timer_L3_WriteCounter
 .text.Timer_L3_Init
                0x00000aa0       0x68 .\CortexM3\ARM_GCC_493\Debug\ZumoBot.a(Timer_L3.o)
                0x00000aa0                Timer_L3_Init
 .text.Timer_L3_Start
                0x00000b08       0x1c .\CortexM3\ARM_GCC_493\Debug\ZumoBot.a(Timer_L3.o)
                0x00000b08                Timer_L3_Start
 .text.Timer_R3_Enable
                0x00000b24       0x28 .\CortexM3\ARM_GCC_493\Debug\ZumoBot.a(Timer_R3.o)
                0x00000b24                Timer_R3_Enable
 .text.Timer_R3_SetInterruptMode
                0x00000b4c        0xc .\CortexM3\ARM_GCC_493\Debug\ZumoBot.a(Timer_R3.o)
                0x00000b4c                Timer_R3_SetInterruptMode
 .text.Timer_R3_ReadStatusRegister
                0x00000b58        0xc .\CortexM3\ARM_GCC_493\Debug\ZumoBot.a(Timer_R3.o)
                0x00000b58                Timer_R3_ReadStatusRegister
 .text.Timer_R3_ReadPeriod
                0x00000b64        0xc .\CortexM3\ARM_GCC_493\Debug\ZumoBot.a(Timer_R3.o)
                0x00000b64                Timer_R3_ReadPeriod
 .text.Timer_R3_WritePeriod
                0x00000b70        0xc .\CortexM3\ARM_GCC_493\Debug\ZumoBot.a(Timer_R3.o)
                0x00000b70                Timer_R3_WritePeriod
 .text.Timer_R3_ReadCapture
                0x00000b7c        0xc .\CortexM3\ARM_GCC_493\Debug\ZumoBot.a(Timer_R3.o)
                0x00000b7c                Timer_R3_ReadCapture
 .text.Timer_R3_WriteCounter
                0x00000b88        0xc .\CortexM3\ARM_GCC_493\Debug\ZumoBot.a(Timer_R3.o)
                0x00000b88                Timer_R3_WriteCounter
 .text.Timer_R3_Init
                0x00000b94       0x68 .\CortexM3\ARM_GCC_493\Debug\ZumoBot.a(Timer_R3.o)
                0x00000b94                Timer_R3_Init
 .text.Timer_R3_Start
                0x00000bfc       0x1c .\CortexM3\ARM_GCC_493\Debug\ZumoBot.a(Timer_R3.o)
                0x00000bfc                Timer_R3_Start
 .text.Timer_R1_Enable
                0x00000c18       0x28 .\CortexM3\ARM_GCC_493\Debug\ZumoBot.a(Timer_R1.o)
                0x00000c18                Timer_R1_Enable
 .text.Timer_R1_SetInterruptMode
                0x00000c40        0xc .\CortexM3\ARM_GCC_493\Debug\ZumoBot.a(Timer_R1.o)
                0x00000c40                Timer_R1_SetInterruptMode
 .text.Timer_R1_ReadStatusRegister
                0x00000c4c        0xc .\CortexM3\ARM_GCC_493\Debug\ZumoBot.a(Timer_R1.o)
                0x00000c4c                Timer_R1_ReadStatusRegister
 .text.Timer_R1_ReadPeriod
                0x00000c58        0xc .\CortexM3\ARM_GCC_493\Debug\ZumoBot.a(Timer_R1.o)
                0x00000c58                Timer_R1_ReadPeriod
 .text.Timer_R1_WritePeriod
                0x00000c64        0xc .\CortexM3\ARM_GCC_493\Debug\ZumoBot.a(Timer_R1.o)
                0x00000c64                Timer_R1_WritePeriod
 .text.Timer_R1_ReadCapture
                0x00000c70        0xc .\CortexM3\ARM_GCC_493\Debug\ZumoBot.a(Timer_R1.o)
                0x00000c70                Timer_R1_ReadCapture
 .text.Timer_R1_WriteCounter
                0x00000c7c        0xc .\CortexM3\ARM_GCC_493\Debug\ZumoBot.a(Timer_R1.o)
                0x00000c7c                Timer_R1_WriteCounter
 .text.Timer_R1_Init
                0x00000c88       0x68 .\CortexM3\ARM_GCC_493\Debug\ZumoBot.a(Timer_R1.o)
                0x00000c88                Timer_R1_Init
 .text.Timer_R1_Start
                0x00000cf0       0x1c .\CortexM3\ARM_GCC_493\Debug\ZumoBot.a(Timer_R1.o)
                0x00000cf0                Timer_R1_Start
 .text.R1_Write
                0x00000d0c       0x18 .\CortexM3\ARM_GCC_493\Debug\ZumoBot.a(R1.o)
                0x00000d0c                R1_Write
 .text.R1_SetDriveMode
                0x00000d24       0x18 .\CortexM3\ARM_GCC_493\Debug\ZumoBot.a(R1.o)
                0x00000d24                R1_SetDriveMode
 .text.R3_Write
                0x00000d3c       0x18 .\CortexM3\ARM_GCC_493\Debug\ZumoBot.a(R3.o)
                0x00000d3c                R3_Write
 .text.R3_SetDriveMode
                0x00000d54       0x18 .\CortexM3\ARM_GCC_493\Debug\ZumoBot.a(R3.o)
                0x00000d54                R3_SetDriveMode
 .text.Timer_L1_Enable
                0x00000d6c       0x28 .\CortexM3\ARM_GCC_493\Debug\ZumoBot.a(Timer_L1.o)
                0x00000d6c                Timer_L1_Enable
 .text.Timer_L1_SetInterruptMode
                0x00000d94        0xc .\CortexM3\ARM_GCC_493\Debug\ZumoBot.a(Timer_L1.o)
                0x00000d94                Timer_L1_SetInterruptMode
 .text.Timer_L1_ReadStatusRegister
                0x00000da0        0xc .\CortexM3\ARM_GCC_493\Debug\ZumoBot.a(Timer_L1.o)
                0x00000da0                Timer_L1_ReadStatusRegister
 .text.Timer_L1_ReadPeriod
                0x00000dac        0xc .\CortexM3\ARM_GCC_493\Debug\ZumoBot.a(Timer_L1.o)
                0x00000dac                Timer_L1_ReadPeriod
 .text.Timer_L1_WritePeriod
                0x00000db8        0xc .\CortexM3\ARM_GCC_493\Debug\ZumoBot.a(Timer_L1.o)
                0x00000db8                Timer_L1_WritePeriod
 .text.Timer_L1_ReadCapture
                0x00000dc4        0xc .\CortexM3\ARM_GCC_493\Debug\ZumoBot.a(Timer_L1.o)
                0x00000dc4                Timer_L1_ReadCapture
 .text.Timer_L1_WriteCounter
                0x00000dd0        0xc .\CortexM3\ARM_GCC_493\Debug\ZumoBot.a(Timer_L1.o)
                0x00000dd0                Timer_L1_WriteCounter
 .text.Timer_L1_Init
                0x00000ddc       0x68 .\CortexM3\ARM_GCC_493\Debug\ZumoBot.a(Timer_L1.o)
                0x00000ddc                Timer_L1_Init
 .text.Timer_L1_Start
                0x00000e44       0x1c .\CortexM3\ARM_GCC_493\Debug\ZumoBot.a(Timer_L1.o)
                0x00000e44                Timer_L1_Start
 .text.L1_Write
                0x00000e60       0x18 .\CortexM3\ARM_GCC_493\Debug\ZumoBot.a(L1.o)
                0x00000e60                L1_Write
 .text.L1_SetDriveMode
                0x00000e78       0x18 .\CortexM3\ARM_GCC_493\Debug\ZumoBot.a(L1.o)
                0x00000e78                L1_SetDriveMode
 .text          0x00000e90       0x20 .\CortexM3\ARM_GCC_493\Debug\ZumoBot.a(CyBootAsmGnu.o)
                0x00000e90                CyDelayCycles
                0x00000ea0                CyEnterCriticalSection
                0x00000ea8                CyExitCriticalSection
 .text.__fpclassifyd
                0x00000eb0       0x58 c:/program files/cypress/psoc creator/4.0/psoc creator/import/gnu/arm/4.9.3/bin/../lib/gcc/arm-none-eabi/4.9.3/../../../../arm-none-eabi/lib/armv7-m\libm.a(lib_a-s_fpclassify.o)
                0x00000eb0                __fpclassifyd
 .text          0x00000f08      0x370 c:/program files/cypress/psoc creator/4.0/psoc creator/import/gnu/arm/4.9.3/bin/../lib/gcc/arm-none-eabi/4.9.3/armv7-m\libgcc.a(_arm_addsubdf3.o)
                0x00000f08                __aeabi_drsub
                0x00000f10                __aeabi_dsub
                0x00000f10                __subdf3
                0x00000f14                __aeabi_dadd
                0x00000f14                __adddf3
                0x0000118c                __floatunsidf
                0x0000118c                __aeabi_ui2d
                0x000011ac                __floatsidf
                0x000011ac                __aeabi_i2d
                0x000011d0                __aeabi_f2d
                0x000011d0                __extendsfdf2
                0x0000120c                __floatundidf
                0x0000120c                __aeabi_ul2d
                0x0000121c                __floatdidf
                0x0000121c                __aeabi_l2d
 .text          0x00001278      0x424 c:/program files/cypress/psoc creator/4.0/psoc creator/import/gnu/arm/4.9.3/bin/../lib/gcc/arm-none-eabi/4.9.3/armv7-m\libgcc.a(_arm_muldivdf3.o)
                0x00001278                __aeabi_dmul
                0x00001278                __muldf3
                0x000014cc                __divdf3
                0x000014cc                __aeabi_ddiv
 .text          0x0000169c      0x110 c:/program files/cypress/psoc creator/4.0/psoc creator/import/gnu/arm/4.9.3/bin/../lib/gcc/arm-none-eabi/4.9.3/armv7-m\libgcc.a(_arm_cmpdf2.o)
                0x0000169c                __gtdf2
                0x0000169c                __gedf2
                0x000016a4                __ltdf2
                0x000016a4                __ledf2
                0x000016ac                __nedf2
                0x000016ac                __eqdf2
                0x000016ac                __cmpdf2
                0x00001728                __aeabi_cdrcmple
                0x00001738                __aeabi_cdcmpeq
                0x00001738                __aeabi_cdcmple
                0x00001748                __aeabi_dcmpeq
                0x0000175c                __aeabi_dcmplt
                0x00001770                __aeabi_dcmple
                0x00001784                __aeabi_dcmpge
                0x00001798                __aeabi_dcmpgt
 .text          0x000017ac       0x50 c:/program files/cypress/psoc creator/4.0/psoc creator/import/gnu/arm/4.9.3/bin/../lib/gcc/arm-none-eabi/4.9.3/armv7-m\libgcc.a(_arm_fixdfsi.o)
                0x000017ac                __aeabi_d2iz
                0x000017ac                __fixdfsi
 .text.__errno  0x000017fc        0xc c:/program files/cypress/psoc creator/4.0/psoc creator/import/gnu/arm/4.9.3/bin/../lib/gcc/arm-none-eabi/4.9.3/../../../../arm-none-eabi/lib/armv7-m\libg.a(lib_a-errno.o)
                0x000017fc                __errno
 .text.__libc_init_array
                0x00001808       0x50 c:/program files/cypress/psoc creator/4.0/psoc creator/import/gnu/arm/4.9.3/bin/../lib/gcc/arm-none-eabi/4.9.3/../../../../arm-none-eabi/lib/armv7-m\libg.a(lib_a-init.o)
                0x00001808                __libc_init_array
 .text          0x00001858       0xec c:/program files/cypress/psoc creator/4.0/psoc creator/import/gnu/arm/4.9.3/bin/../lib/gcc/arm-none-eabi/4.9.3/../../../../arm-none-eabi/lib/armv7-m\libg.a(lib_a-memcpy.o)
                0x00001858                memcpy
 .text.memset   0x00001944       0x9c c:/program files/cypress/psoc creator/4.0/psoc creator/import/gnu/arm/4.9.3/bin/../lib/gcc/arm-none-eabi/4.9.3/../../../../arm-none-eabi/lib/armv7-m\libg.a(lib_a-memset.o)
                0x00001944                memset
 .text.printf   0x000019e0       0x28 c:/program files/cypress/psoc creator/4.0/psoc creator/import/gnu/arm/4.9.3/bin/../lib/gcc/arm-none-eabi/4.9.3/../../../../arm-none-eabi/lib/armv7-m\libg.a(lib_a-printf.o)
                0x000019e0                printf
 .text._vfprintf_r
                0x00001a08     0x1448 c:/program files/cypress/psoc creator/4.0/psoc creator/import/gnu/arm/4.9.3/bin/../lib/gcc/arm-none-eabi/4.9.3/../../../../arm-none-eabi/lib/armv7-m\libg.a(lib_a-vfprintf.o)
                0x00001a08                _vfprintf_r
 .text.__sbprintf
                0x00002e50       0x7c c:/program files/cypress/psoc creator/4.0/psoc creator/import/gnu/arm/4.9.3/bin/../lib/gcc/arm-none-eabi/4.9.3/../../../../arm-none-eabi/lib/armv7-m\libg.a(lib_a-vfprintf.o)
 .text.__swsetup_r
                0x00002ecc       0xc4 c:/program files/cypress/psoc creator/4.0/psoc creator/import/gnu/arm/4.9.3/bin/../lib/gcc/arm-none-eabi/4.9.3/../../../../arm-none-eabi/lib/armv7-m\libg.a(lib_a-wsetup.o)
                0x00002ecc                __swsetup_r
 .text.startup.register_fini
                0x00002f90       0x14 c:/program files/cypress/psoc creator/4.0/psoc creator/import/gnu/arm/4.9.3/bin/../lib/gcc/arm-none-eabi/4.9.3/../../../../arm-none-eabi/lib/armv7-m\libg.a(lib_a-__call_atexit.o)
 .text.atexit   0x00002fa4        0xc c:/program files/cypress/psoc creator/4.0/psoc creator/import/gnu/arm/4.9.3/bin/../lib/gcc/arm-none-eabi/4.9.3/../../../../arm-none-eabi/lib/armv7-m\libg.a(lib_a-atexit.o)
                0x00002fa4                atexit
 .text.quorem   0x00002fb0      0x130 c:/program files/cypress/psoc creator/4.0/psoc creator/import/gnu/arm/4.9.3/bin/../lib/gcc/arm-none-eabi/4.9.3/../../../../arm-none-eabi/lib/armv7-m\libg.a(lib_a-dtoa.o)
 .text._dtoa_r  0x000030e0      0xea8 c:/program files/cypress/psoc creator/4.0/psoc creator/import/gnu/arm/4.9.3/bin/../lib/gcc/arm-none-eabi/4.9.3/../../../../arm-none-eabi/lib/armv7-m\libg.a(lib_a-dtoa.o)
                0x000030e0                _dtoa_r
 .text.__sflush_r
                0x00003f88      0x148 c:/program files/cypress/psoc creator/4.0/psoc creator/import/gnu/arm/4.9.3/bin/../lib/gcc/arm-none-eabi/4.9.3/../../../../arm-none-eabi/lib/armv7-m\libg.a(lib_a-fflush.o)
                0x00003f88                __sflush_r
 .text._fflush_r
                0x000040d0       0x2c c:/program files/cypress/psoc creator/4.0/psoc creator/import/gnu/arm/4.9.3/bin/../lib/gcc/arm-none-eabi/4.9.3/../../../../arm-none-eabi/lib/armv7-m\libg.a(lib_a-fflush.o)
                0x000040d0                _fflush_r
 .text._cleanup_r
                0x000040fc        0xc c:/program files/cypress/psoc creator/4.0/psoc creator/import/gnu/arm/4.9.3/bin/../lib/gcc/arm-none-eabi/4.9.3/../../../../arm-none-eabi/lib/armv7-m\libg.a(lib_a-findfp.o)
                0x000040fc                _cleanup_r
 .text.__sinit.part.1
                0x00004108       0xf0 c:/program files/cypress/psoc creator/4.0/psoc creator/import/gnu/arm/4.9.3/bin/../lib/gcc/arm-none-eabi/4.9.3/../../../../arm-none-eabi/lib/armv7-m\libg.a(lib_a-findfp.o)
 .text.__sinit  0x000041f8        0xc c:/program files/cypress/psoc creator/4.0/psoc creator/import/gnu/arm/4.9.3/bin/../lib/gcc/arm-none-eabi/4.9.3/../../../../arm-none-eabi/lib/armv7-m\libg.a(lib_a-findfp.o)
                0x000041f8                __sinit
 .text.__sfp_lock_acquire
                0x00004204        0x4 c:/program files/cypress/psoc creator/4.0/psoc creator/import/gnu/arm/4.9.3/bin/../lib/gcc/arm-none-eabi/4.9.3/../../../../arm-none-eabi/lib/armv7-m\libg.a(lib_a-findfp.o)
                0x00004204                __sfp_lock_acquire
 .text.__sfp_lock_release
                0x00004208        0x4 c:/program files/cypress/psoc creator/4.0/psoc creator/import/gnu/arm/4.9.3/bin/../lib/gcc/arm-none-eabi/4.9.3/../../../../arm-none-eabi/lib/armv7-m\libg.a(lib_a-findfp.o)
                0x00004208                __sfp_lock_release
 .text.__libc_fini_array
                0x0000420c       0x2c c:/program files/cypress/psoc creator/4.0/psoc creator/import/gnu/arm/4.9.3/bin/../lib/gcc/arm-none-eabi/4.9.3/../../../../arm-none-eabi/lib/armv7-m\libg.a(lib_a-fini.o)
                0x0000420c                __libc_fini_array
 .text._malloc_trim_r
                0x00004238       0x9c c:/program files/cypress/psoc creator/4.0/psoc creator/import/gnu/arm/4.9.3/bin/../lib/gcc/arm-none-eabi/4.9.3/../../../../arm-none-eabi/lib/armv7-m\libg.a(lib_a-freer.o)
                0x00004238                _malloc_trim_r
 .text._free_r  0x000042d4      0x1b0 c:/program files/cypress/psoc creator/4.0/psoc creator/import/gnu/arm/4.9.3/bin/../lib/gcc/arm-none-eabi/4.9.3/../../../../arm-none-eabi/lib/armv7-m\libg.a(lib_a-freer.o)
                0x000042d4                _free_r
 .text._fwalk_reent
                0x00004484       0x50 c:/program files/cypress/psoc creator/4.0/psoc creator/import/gnu/arm/4.9.3/bin/../lib/gcc/arm-none-eabi/4.9.3/../../../../arm-none-eabi/lib/armv7-m\libg.a(lib_a-fwalk.o)
                0x00004484                _fwalk_reent
 .text.__locale_charset
                0x000044d4        0x8 c:/program files/cypress/psoc creator/4.0/psoc creator/import/gnu/arm/4.9.3/bin/../lib/gcc/arm-none-eabi/4.9.3/../../../../arm-none-eabi/lib/armv7-m\libg.a(lib_a-locale.o)
                0x000044d4                __locale_charset
 .text.__locale_mb_cur_max
                0x000044dc        0xc c:/program files/cypress/psoc creator/4.0/psoc creator/import/gnu/arm/4.9.3/bin/../lib/gcc/arm-none-eabi/4.9.3/../../../../arm-none-eabi/lib/armv7-m\libg.a(lib_a-locale.o)
                0x000044dc                __locale_mb_cur_max
 .text._localeconv_r
                0x000044e8        0x8 c:/program files/cypress/psoc creator/4.0/psoc creator/import/gnu/arm/4.9.3/bin/../lib/gcc/arm-none-eabi/4.9.3/../../../../arm-none-eabi/lib/armv7-m\libg.a(lib_a-locale.o)
                0x000044e8                _localeconv_r
 .text.__smakebuf_r
                0x000044f0       0xe0 c:/program files/cypress/psoc creator/4.0/psoc creator/import/gnu/arm/4.9.3/bin/../lib/gcc/arm-none-eabi/4.9.3/../../../../arm-none-eabi/lib/armv7-m\libg.a(lib_a-makebuf.o)
                0x000044f0                __smakebuf_r
 .text._malloc_r
                0x000045d0      0x50c c:/program files/cypress/psoc creator/4.0/psoc creator/import/gnu/arm/4.9.3/bin/../lib/gcc/arm-none-eabi/4.9.3/../../../../arm-none-eabi/lib/armv7-m\libg.a(lib_a-mallocr.o)
                0x000045d0                _malloc_r
 .text.memchr   0x00004adc       0x94 c:/program files/cypress/psoc creator/4.0/psoc creator/import/gnu/arm/4.9.3/bin/../lib/gcc/arm-none-eabi/4.9.3/../../../../arm-none-eabi/lib/armv7-m\libg.a(lib_a-memchr.o)
                0x00004adc                memchr
 .text.__malloc_lock
                0x00004b70        0x4 c:/program files/cypress/psoc creator/4.0/psoc creator/import/gnu/arm/4.9.3/bin/../lib/gcc/arm-none-eabi/4.9.3/../../../../arm-none-eabi/lib/armv7-m\libg.a(lib_a-mlock.o)
                0x00004b70                __malloc_lock
 .text.__malloc_unlock
                0x00004b74        0x4 c:/program files/cypress/psoc creator/4.0/psoc creator/import/gnu/arm/4.9.3/bin/../lib/gcc/arm-none-eabi/4.9.3/../../../../arm-none-eabi/lib/armv7-m\libg.a(lib_a-mlock.o)
                0x00004b74                __malloc_unlock
 .text._Balloc  0x00004b78       0x50 c:/program files/cypress/psoc creator/4.0/psoc creator/import/gnu/arm/4.9.3/bin/../lib/gcc/arm-none-eabi/4.9.3/../../../../arm-none-eabi/lib/armv7-m\libg.a(lib_a-mprec.o)
                0x00004b78                _Balloc
 .text._Bfree   0x00004bc8       0x14 c:/program files/cypress/psoc creator/4.0/psoc creator/import/gnu/arm/4.9.3/bin/../lib/gcc/arm-none-eabi/4.9.3/../../../../arm-none-eabi/lib/armv7-m\libg.a(lib_a-mprec.o)
                0x00004bc8                _Bfree
 .text.__multadd
                0x00004bdc       0x84 c:/program files/cypress/psoc creator/4.0/psoc creator/import/gnu/arm/4.9.3/bin/../lib/gcc/arm-none-eabi/4.9.3/../../../../arm-none-eabi/lib/armv7-m\libg.a(lib_a-mprec.o)
                0x00004bdc                __multadd
 .text.__hi0bits
                0x00004c60       0x40 c:/program files/cypress/psoc creator/4.0/psoc creator/import/gnu/arm/4.9.3/bin/../lib/gcc/arm-none-eabi/4.9.3/../../../../arm-none-eabi/lib/armv7-m\libg.a(lib_a-mprec.o)
                0x00004c60                __hi0bits
 .text.__lo0bits
                0x00004ca0       0x5c c:/program files/cypress/psoc creator/4.0/psoc creator/import/gnu/arm/4.9.3/bin/../lib/gcc/arm-none-eabi/4.9.3/../../../../arm-none-eabi/lib/armv7-m\libg.a(lib_a-mprec.o)
                0x00004ca0                __lo0bits
 .text.__i2b    0x00004cfc       0x14 c:/program files/cypress/psoc creator/4.0/psoc creator/import/gnu/arm/4.9.3/bin/../lib/gcc/arm-none-eabi/4.9.3/../../../../arm-none-eabi/lib/armv7-m\libg.a(lib_a-mprec.o)
                0x00004cfc                __i2b
 .text.__multiply
                0x00004d10      0x140 c:/program files/cypress/psoc creator/4.0/psoc creator/import/gnu/arm/4.9.3/bin/../lib/gcc/arm-none-eabi/4.9.3/../../../../arm-none-eabi/lib/armv7-m\libg.a(lib_a-mprec.o)
                0x00004d10                __multiply
 .text.__pow5mult
                0x00004e50       0xa0 c:/program files/cypress/psoc creator/4.0/psoc creator/import/gnu/arm/4.9.3/bin/../lib/gcc/arm-none-eabi/4.9.3/../../../../arm-none-eabi/lib/armv7-m\libg.a(lib_a-mprec.o)
                0x00004e50                __pow5mult
 .text.__lshift
                0x00004ef0       0xb0 c:/program files/cypress/psoc creator/4.0/psoc creator/import/gnu/arm/4.9.3/bin/../lib/gcc/arm-none-eabi/4.9.3/../../../../arm-none-eabi/lib/armv7-m\libg.a(lib_a-mprec.o)
                0x00004ef0                __lshift
 .text.__mcmp   0x00004fa0       0x48 c:/program files/cypress/psoc creator/4.0/psoc creator/import/gnu/arm/4.9.3/bin/../lib/gcc/arm-none-eabi/4.9.3/../../../../arm-none-eabi/lib/armv7-m\libg.a(lib_a-mprec.o)
                0x00004fa0                __mcmp
 .text.__mdiff  0x00004fe8       0xe4 c:/program files/cypress/psoc creator/4.0/psoc creator/import/gnu/arm/4.9.3/bin/../lib/gcc/arm-none-eabi/4.9.3/../../../../arm-none-eabi/lib/armv7-m\libg.a(lib_a-mprec.o)
                0x00004fe8                __mdiff
 .text.__d2b    0x000050cc       0xa8 c:/program files/cypress/psoc creator/4.0/psoc creator/import/gnu/arm/4.9.3/bin/../lib/gcc/arm-none-eabi/4.9.3/../../../../arm-none-eabi/lib/armv7-m\libg.a(lib_a-mprec.o)
                0x000050cc                __d2b
 .text._sbrk_r  0x00005174       0x24 c:/program files/cypress/psoc creator/4.0/psoc creator/import/gnu/arm/4.9.3/bin/../lib/gcc/arm-none-eabi/4.9.3/../../../../arm-none-eabi/lib/armv7-m\libg.a(lib_a-sbrkr.o)
                0x00005174                _sbrk_r
 .text.__sread  0x00005198       0x24 c:/program files/cypress/psoc creator/4.0/psoc creator/import/gnu/arm/4.9.3/bin/../lib/gcc/arm-none-eabi/4.9.3/../../../../arm-none-eabi/lib/armv7-m\libg.a(lib_a-stdio.o)
                0x00005198                __sread
 .text.__swrite
                0x000051bc       0x38 c:/program files/cypress/psoc creator/4.0/psoc creator/import/gnu/arm/4.9.3/bin/../lib/gcc/arm-none-eabi/4.9.3/../../../../arm-none-eabi/lib/armv7-m\libg.a(lib_a-stdio.o)
                0x000051bc                __swrite
 .text.__sseek  0x000051f4       0x20 c:/program files/cypress/psoc creator/4.0/psoc creator/import/gnu/arm/4.9.3/bin/../lib/gcc/arm-none-eabi/4.9.3/../../../../arm-none-eabi/lib/armv7-m\libg.a(lib_a-stdio.o)
                0x000051f4                __sseek
 .text.__sclose
                0x00005214        0x8 c:/program files/cypress/psoc creator/4.0/psoc creator/import/gnu/arm/4.9.3/bin/../lib/gcc/arm-none-eabi/4.9.3/../../../../arm-none-eabi/lib/armv7-m\libg.a(lib_a-stdio.o)
                0x00005214                __sclose
 .text.strlen   0x0000521c       0x5c c:/program files/cypress/psoc creator/4.0/psoc creator/import/gnu/arm/4.9.3/bin/../lib/gcc/arm-none-eabi/4.9.3/../../../../arm-none-eabi/lib/armv7-m\libg.a(lib_a-strlen.o)
                0x0000521c                strlen
 .text.__sprint_r.part.0
                0x00005278       0x78 c:/program files/cypress/psoc creator/4.0/psoc creator/import/gnu/arm/4.9.3/bin/../lib/gcc/arm-none-eabi/4.9.3/../../../../arm-none-eabi/lib/armv7-m\libg.a(lib_a-vfiprintf.o)
 .text.__sprint_r
                0x000052f0       0x18 c:/program files/cypress/psoc creator/4.0/psoc creator/import/gnu/arm/4.9.3/bin/../lib/gcc/arm-none-eabi/4.9.3/../../../../arm-none-eabi/lib/armv7-m\libg.a(lib_a-vfiprintf.o)
                0x000052f0                __sprint_r
 .text._write_r
                0x00005308       0x28 c:/program files/cypress/psoc creator/4.0/psoc creator/import/gnu/arm/4.9.3/bin/../lib/gcc/arm-none-eabi/4.9.3/../../../../arm-none-eabi/lib/armv7-m\libg.a(lib_a-writer.o)
                0x00005308                _write_r
 .text.__register_exitproc
                0x00005330       0xa4 c:/program files/cypress/psoc creator/4.0/psoc creator/import/gnu/arm/4.9.3/bin/../lib/gcc/arm-none-eabi/4.9.3/../../../../arm-none-eabi/lib/armv7-m\libg.a(lib_a-__atexit.o)
                0x00005330                __register_exitproc
 .text._calloc_r
                0x000053d4       0x60 c:/program files/cypress/psoc creator/4.0/psoc creator/import/gnu/arm/4.9.3/bin/../lib/gcc/arm-none-eabi/4.9.3/../../../../arm-none-eabi/lib/armv7-m\libg.a(lib_a-callocr.o)
                0x000053d4                _calloc_r
 .text._close_r
                0x00005434       0x24 c:/program files/cypress/psoc creator/4.0/psoc creator/import/gnu/arm/4.9.3/bin/../lib/gcc/arm-none-eabi/4.9.3/../../../../arm-none-eabi/lib/armv7-m\libg.a(lib_a-closer.o)
                0x00005434                _close_r
 .text._fclose_r
                0x00005458       0x84 c:/program files/cypress/psoc creator/4.0/psoc creator/import/gnu/arm/4.9.3/bin/../lib/gcc/arm-none-eabi/4.9.3/../../../../arm-none-eabi/lib/armv7-m\libg.a(lib_a-fclose.o)
                0x00005458                _fclose_r
 .text.__fputwc
                0x000054dc       0xb0 c:/program files/cypress/psoc creator/4.0/psoc creator/import/gnu/arm/4.9.3/bin/../lib/gcc/arm-none-eabi/4.9.3/../../../../arm-none-eabi/lib/armv7-m\libg.a(lib_a-fputwc.o)
                0x000054dc                __fputwc
 .text._fputwc_r
                0x0000558c       0x24 c:/program files/cypress/psoc creator/4.0/psoc creator/import/gnu/arm/4.9.3/bin/../lib/gcc/arm-none-eabi/4.9.3/../../../../arm-none-eabi/lib/armv7-m\libg.a(lib_a-fputwc.o)
                0x0000558c                _fputwc_r
 .text._fstat_r
                0x000055b0       0x28 c:/program files/cypress/psoc creator/4.0/psoc creator/import/gnu/arm/4.9.3/bin/../lib/gcc/arm-none-eabi/4.9.3/../../../../arm-none-eabi/lib/armv7-m\libg.a(lib_a-fstatr.o)
                0x000055b0                _fstat_r
 .text.__sfvwrite_r
                0x000055d8      0x320 c:/program files/cypress/psoc creator/4.0/psoc creator/import/gnu/arm/4.9.3/bin/../lib/gcc/arm-none-eabi/4.9.3/../../../../arm-none-eabi/lib/armv7-m\libg.a(lib_a-fvwrite.o)
                0x000055d8                __sfvwrite_r
 .text._isatty_r
                0x000058f8       0x24 c:/program files/cypress/psoc creator/4.0/psoc creator/import/gnu/arm/4.9.3/bin/../lib/gcc/arm-none-eabi/4.9.3/../../../../arm-none-eabi/lib/armv7-m\libg.a(lib_a-isattyr.o)
                0x000058f8                _isatty_r
 .text._lseek_r
                0x0000591c       0x28 c:/program files/cypress/psoc creator/4.0/psoc creator/import/gnu/arm/4.9.3/bin/../lib/gcc/arm-none-eabi/4.9.3/../../../../arm-none-eabi/lib/armv7-m\libg.a(lib_a-lseekr.o)
                0x0000591c                _lseek_r
 .text.memmove  0x00005944       0xc8 c:/program files/cypress/psoc creator/4.0/psoc creator/import/gnu/arm/4.9.3/bin/../lib/gcc/arm-none-eabi/4.9.3/../../../../arm-none-eabi/lib/armv7-m\libg.a(lib_a-memmove.o)
                0x00005944                memmove
 .text._read_r  0x00005a0c       0x28 c:/program files/cypress/psoc creator/4.0/psoc creator/import/gnu/arm/4.9.3/bin/../lib/gcc/arm-none-eabi/4.9.3/../../../../arm-none-eabi/lib/armv7-m\libg.a(lib_a-readr.o)
                0x00005a0c                _read_r
 .text._realloc_r
                0x00005a34      0x3e0 c:/program files/cypress/psoc creator/4.0/psoc creator/import/gnu/arm/4.9.3/bin/../lib/gcc/arm-none-eabi/4.9.3/../../../../arm-none-eabi/lib/armv7-m\libg.a(lib_a-reallocr.o)
                0x00005a34                _realloc_r
 .text.__swbuf_r
                0x00005e14       0xa8 c:/program files/cypress/psoc creator/4.0/psoc creator/import/gnu/arm/4.9.3/bin/../lib/gcc/arm-none-eabi/4.9.3/../../../../arm-none-eabi/lib/armv7-m\libg.a(lib_a-wbuf.o)
                0x00005e14                __swbuf_r
 .text._wcrtomb_r
                0x00005ebc       0x54 c:/program files/cypress/psoc creator/4.0/psoc creator/import/gnu/arm/4.9.3/bin/../lib/gcc/arm-none-eabi/4.9.3/../../../../arm-none-eabi/lib/armv7-m\libg.a(lib_a-wcrtomb.o)
                0x00005ebc                _wcrtomb_r
 .text.__ascii_wctomb
                0x00005f10       0x1c c:/program files/cypress/psoc creator/4.0/psoc creator/import/gnu/arm/4.9.3/bin/../lib/gcc/arm-none-eabi/4.9.3/../../../../arm-none-eabi/lib/armv7-m\libg.a(lib_a-wctomb_r.o)
                0x00005f10                __ascii_wctomb
 .text          0x00005f2c       0x30 c:/program files/cypress/psoc creator/4.0/psoc creator/import/gnu/arm/4.9.3/bin/../lib/gcc/arm-none-eabi/4.9.3/armv7-m\libgcc.a(_aeabi_uldivmod.o)
                0x00005f2c                __aeabi_uldivmod
 .text          0x00005f5c       0x60 c:/program files/cypress/psoc creator/4.0/psoc creator/import/gnu/arm/4.9.3/bin/../lib/gcc/arm-none-eabi/4.9.3/armv7-m\libgcc.a(bpabi.o)
                0x00005f5c                __gnu_ldivmod_helper
                0x00005f8c                __gnu_uldivmod_helper
 .text          0x00005fbc        0x4 c:/program files/cypress/psoc creator/4.0/psoc creator/import/gnu/arm/4.9.3/bin/../lib/gcc/arm-none-eabi/4.9.3/armv7-m\libgcc.a(_dvmd_tls.o)
                0x00005fbc                __aeabi_idiv0
                0x00005fbc                __aeabi_ldiv0
 .text          0x00005fc0      0x2ac c:/program files/cypress/psoc creator/4.0/psoc creator/import/gnu/arm/4.9.3/bin/../lib/gcc/arm-none-eabi/4.9.3/armv7-m\libgcc.a(_divdi3.o)
                0x00005fc0                __divdi3
 .text          0x0000626c      0x270 c:/program files/cypress/psoc creator/4.0/psoc creator/import/gnu/arm/4.9.3/bin/../lib/gcc/arm-none-eabi/4.9.3/armv7-m\libgcc.a(_udivdi3.o)
                0x0000626c                __udivdi3
 .text._close   0x000064dc       0x10 c:/program files/cypress/psoc creator/4.0/psoc creator/import/gnu/arm/4.9.3/bin/../lib/gcc/arm-none-eabi/4.9.3/../../../../arm-none-eabi/lib/armv7-m\libnosys.a(close.o)
                0x000064dc                _close
 .text._fstat   0x000064ec       0x10 c:/program files/cypress/psoc creator/4.0/psoc creator/import/gnu/arm/4.9.3/bin/../lib/gcc/arm-none-eabi/4.9.3/../../../../arm-none-eabi/lib/armv7-m\libnosys.a(fstat.o)
                0x000064ec                _fstat
 .text._isatty  0x000064fc       0x10 c:/program files/cypress/psoc creator/4.0/psoc creator/import/gnu/arm/4.9.3/bin/../lib/gcc/arm-none-eabi/4.9.3/../../../../arm-none-eabi/lib/armv7-m\libnosys.a(isatty.o)
                0x000064fc                _isatty
 .text._lseek   0x0000650c       0x10 c:/program files/cypress/psoc creator/4.0/psoc creator/import/gnu/arm/4.9.3/bin/../lib/gcc/arm-none-eabi/4.9.3/../../../../arm-none-eabi/lib/armv7-m\libnosys.a(lseek.o)
                0x0000650c                _lseek
 *(.plt)
 *(.gnu.warning)
 *(.glue_7t)
 .glue_7t       0x00000000        0x0 linker stubs
 *(.glue_7)
 .glue_7        0x00000000        0x0 linker stubs
 *(.vfp11_veneer)
 .vfp11_veneer  0x00000000        0x0 linker stubs
 *(.bootloader)
 *(.ARM.extab* .gnu.linkonce.armextab.*)
 *(.gcc_except_table)

.v4_bx          0x0000651c        0x0
 .v4_bx         0x00000000        0x0 linker stubs

.iplt           0x0000651c        0x0
 .iplt          0x00000000        0x0 c:/program files/cypress/psoc creator/4.0/psoc creator/import/gnu/arm/4.9.3/bin/../lib/gcc/arm-none-eabi/4.9.3/armv7-m/crtbegin.o

.eh_frame_hdr
 *(.eh_frame_hdr)

.eh_frame       0x0000651c        0x4
 *(.eh_frame)
 .eh_frame      0x0000651c        0x0 c:/program files/cypress/psoc creator/4.0/psoc creator/import/gnu/arm/4.9.3/bin/../lib/gcc/arm-none-eabi/4.9.3/armv7-m/crtbegin.o
 .eh_frame      0x0000651c        0x0 c:/program files/cypress/psoc creator/4.0/psoc creator/import/gnu/arm/4.9.3/bin/../lib/gcc/arm-none-eabi/4.9.3/../../../../arm-none-eabi/lib/armv7-m\libg.a(lib_a-strcmp.o)
                                 0x38 (size before relaxing)
 .eh_frame      0x0000651c        0x4 c:/program files/cypress/psoc creator/4.0/psoc creator/import/gnu/arm/4.9.3/bin/../lib/gcc/arm-none-eabi/4.9.3/armv7-m/crtend.o
                0x00006520                PROVIDE (__exidx_start, .)

.ARM.exidx      0x00006520        0x8
 *(.ARM.exidx* .gnu.linkonce.armexidx.*)
 .ARM.exidx     0x00006520        0x8 c:/program files/cypress/psoc creator/4.0/psoc creator/import/gnu/arm/4.9.3/bin/../lib/gcc/arm-none-eabi/4.9.3/armv7-m\libgcc.a(_divdi3.o)
 .ARM.exidx     0x00006528        0x0 c:/program files/cypress/psoc creator/4.0/psoc creator/import/gnu/arm/4.9.3/bin/../lib/gcc/arm-none-eabi/4.9.3/armv7-m\libgcc.a(_udivdi3.o)
                                  0x8 (size before relaxing)
                0x00006528                __exidx_end = .

.rodata         0x00006528      0x230
 *(.rodata .rodata.* .gnu.linkonce.r.*)
 .rodata.str1.4
                0x00006528       0x35 .\CortexM3\ARM_GCC_493\Debug\main.o
                                 0x38 (size before relaxing)
 *fill*         0x0000655d        0x3 
 .rodata        0x00006560       0x3c .\CortexM3\ARM_GCC_493\Debug\ZumoBot.a(cyfitter_cfg.o)
 .rodata.str1.4
                0x0000659c        0x2 c:/program files/cypress/psoc creator/4.0/psoc creator/import/gnu/arm/4.9.3/bin/../lib/gcc/arm-none-eabi/4.9.3/../../../../arm-none-eabi/lib/armv7-m\libg.a(lib_a-impure.o)
                                  0x4 (size before relaxing)
 *fill*         0x0000659e        0x2 
 .rodata._global_impure_ptr
                0x000065a0        0x4 c:/program files/cypress/psoc creator/4.0/psoc creator/import/gnu/arm/4.9.3/bin/../lib/gcc/arm-none-eabi/4.9.3/../../../../arm-none-eabi/lib/armv7-m\libg.a(lib_a-impure.o)
                0x000065a0                _global_impure_ptr
 .rodata.zeroes.6931
                0x000065a4       0x10 c:/program files/cypress/psoc creator/4.0/psoc creator/import/gnu/arm/4.9.3/bin/../lib/gcc/arm-none-eabi/4.9.3/../../../../arm-none-eabi/lib/armv7-m\libg.a(lib_a-vfprintf.o)
 .rodata.str1.4
                0x000065b4       0x42 c:/program files/cypress/psoc creator/4.0/psoc creator/import/gnu/arm/4.9.3/bin/../lib/gcc/arm-none-eabi/4.9.3/../../../../arm-none-eabi/lib/armv7-m\libg.a(lib_a-vfprintf.o)
                                 0x44 (size before relaxing)
 *fill*         0x000065f6        0x2 
 .rodata.blanks.6930
                0x000065f8       0x10 c:/program files/cypress/psoc creator/4.0/psoc creator/import/gnu/arm/4.9.3/bin/../lib/gcc/arm-none-eabi/4.9.3/../../../../arm-none-eabi/lib/armv7-m\libg.a(lib_a-vfprintf.o)
 .rodata.str1.4
                0x00006608       0x10 c:/program files/cypress/psoc creator/4.0/psoc creator/import/gnu/arm/4.9.3/bin/../lib/gcc/arm-none-eabi/4.9.3/../../../../arm-none-eabi/lib/armv7-m\libg.a(lib_a-dtoa.o)
                                 0x14 (size before relaxing)
 .rodata.str1.4
                0x00006618        0xc c:/program files/cypress/psoc creator/4.0/psoc creator/import/gnu/arm/4.9.3/bin/../lib/gcc/arm-none-eabi/4.9.3/../../../../arm-none-eabi/lib/armv7-m\libg.a(lib_a-locale.o)
                                 0x14 (size before relaxing)
 .rodata.p05.5296
                0x00006624        0xc c:/program files/cypress/psoc creator/4.0/psoc creator/import/gnu/arm/4.9.3/bin/../lib/gcc/arm-none-eabi/4.9.3/../../../../arm-none-eabi/lib/armv7-m\libg.a(lib_a-mprec.o)
 .rodata.__mprec_tens
                0x00006630       0xc8 c:/program files/cypress/psoc creator/4.0/psoc creator/import/gnu/arm/4.9.3/bin/../lib/gcc/arm-none-eabi/4.9.3/../../../../arm-none-eabi/lib/armv7-m\libg.a(lib_a-mprec.o)
                0x00006630                __mprec_tens
 .rodata.__mprec_bigtens
                0x000066f8       0x28 c:/program files/cypress/psoc creator/4.0/psoc creator/import/gnu/arm/4.9.3/bin/../lib/gcc/arm-none-eabi/4.9.3/../../../../arm-none-eabi/lib/armv7-m\libg.a(lib_a-mprec.o)
                0x000066f8                __mprec_bigtens
                0x00006720                . = ALIGN (0x4)
 *(.init)
 .init          0x00006720        0x4 c:/program files/cypress/psoc creator/4.0/psoc creator/import/gnu/arm/4.9.3/bin/../lib/gcc/arm-none-eabi/4.9.3/armv7-m/crti.o
                0x00006720                _init
 .init          0x00006724        0x8 c:/program files/cypress/psoc creator/4.0/psoc creator/import/gnu/arm/4.9.3/bin/../lib/gcc/arm-none-eabi/4.9.3/armv7-m/crtn.o
                0x0000672c                . = ALIGN (0x4)
                0x0000672c                __preinit_array_start = .
 *(.preinit_array)
                0x0000672c                __preinit_array_end = .
                0x0000672c                . = ALIGN (0x4)
                0x0000672c                __init_array_start = .
 *(SORT(.init_array.*))
 .init_array.00000
                0x0000672c        0x4 c:/program files/cypress/psoc creator/4.0/psoc creator/import/gnu/arm/4.9.3/bin/../lib/gcc/arm-none-eabi/4.9.3/../../../../arm-none-eabi/lib/armv7-m\libg.a(lib_a-__call_atexit.o)
 *(.init_array)
 .init_array    0x00006730        0x4 c:/program files/cypress/psoc creator/4.0/psoc creator/import/gnu/arm/4.9.3/bin/../lib/gcc/arm-none-eabi/4.9.3/armv7-m/crtbegin.o
 .init_array    0x00006734        0x4 .\CortexM3\ARM_GCC_493\Debug\Cm3Start.o
                0x00006738                __init_array_end = .
                0x00006738                . = ALIGN (0x4)
 *(.fini)
 .fini          0x00006738        0x4 c:/program files/cypress/psoc creator/4.0/psoc creator/import/gnu/arm/4.9.3/bin/../lib/gcc/arm-none-eabi/4.9.3/armv7-m/crti.o
                0x00006738                _fini
 .fini          0x0000673c        0x8 c:/program files/cypress/psoc creator/4.0/psoc creator/import/gnu/arm/4.9.3/bin/../lib/gcc/arm-none-eabi/4.9.3/armv7-m/crtn.o
                0x00006744                . = ALIGN (0x4)
                0x00006744                __fini_array_start = .
 *(.fini_array)
 .fini_array    0x00006744        0x4 c:/program files/cypress/psoc creator/4.0/psoc creator/import/gnu/arm/4.9.3/bin/../lib/gcc/arm-none-eabi/4.9.3/armv7-m/crtbegin.o
 *(SORT(.fini_array.*))
                0x00006748                __fini_array_end = .
                0x00006748                . = ALIGN (0x4)
 *crtbegin.o(.ctors)
 *(EXCLUDE_FILE(*crtend.o) .ctors)
 *(SORT(.ctors.*))
 *crtend.o(.ctors)
                0x00006748                . = ALIGN (0x4)
 *crtbegin.o(.dtors)
 *(EXCLUDE_FILE(*crtend.o) .dtors)
 *(SORT(.dtors.*))
 *crtend.o(.dtors)
                0x00006748                . = ALIGN (0x4)
                0x00006748                __cy_regions = .
                0x00006748        0x4 LONG 0x6758 __cy_region_init_ram
                0x0000674c        0x4 LONG 0x1fff8108 __cy_region_start_data
                0x00006750        0x4 LONG 0x8c0 __cy_region_init_size_ram
                0x00006754        0x4 LONG 0x70 __cy_region_zero_size_ram
                0x00006758                __cy_regions_end = .
                0x00006758                . = ALIGN (0x8)
                0x00006758                _etext = .

.cy_checksum_exclude
                0x00006758        0x0
 *(.cy_checksum_exclude)

.ramvectors     0x1fff8000      0x100
                0x1fff8000                __cy_region_start_ram = .
 *(.ramvectors)
 .ramvectors    0x1fff8000      0x100 .\CortexM3\ARM_GCC_493\Debug\Cm3Start.o
                0x1fff8000                CyRamVectors

.noinit         0x1fff8100        0x5
 *(.noinit)
 .noinit        0x1fff8100        0x4 .\CortexM3\ARM_GCC_493\Debug\Cm3Start.o
 .noinit        0x1fff8104        0x1 .\CortexM3\ARM_GCC_493\Debug\ZumoBot.a(CyLib.o)
                0x1fff8104                CyResetStatus

.data           0x1fff8108      0x8c0 load address 0x00006758
                0x1fff8108                __cy_region_start_data = .
 *(.jcr)
 .jcr           0x1fff8108        0x0 c:/program files/cypress/psoc creator/4.0/psoc creator/import/gnu/arm/4.9.3/bin/../lib/gcc/arm-none-eabi/4.9.3/armv7-m/crtbegin.o
 .jcr           0x1fff8108        0x4 c:/program files/cypress/psoc creator/4.0/psoc creator/import/gnu/arm/4.9.3/bin/../lib/gcc/arm-none-eabi/4.9.3/armv7-m/crtend.o
 *(.got.plt)
 *(.got)
 *(.shdata)
 *(.data .data.* .gnu.linkonce.d.*)
 .data          0x1fff810c        0x8 .\CortexM3\ARM_GCC_493\Debug\Reflectance.o
 .data          0x1fff8114        0x4 .\CortexM3\ARM_GCC_493\Debug\Cm3Start.o
 .data          0x1fff8118       0x10 .\CortexM3\ARM_GCC_493\Debug\ZumoBot.a(CyLib.o)
                0x1fff8118                cydelay_32k_ms
                0x1fff811c                cydelay_freq_khz
                0x1fff8120                cydelay_freq_mhz
                0x1fff8124                cydelay_freq_hz
 .data.impure_data
                0x1fff8128      0x428 c:/program files/cypress/psoc creator/4.0/psoc creator/import/gnu/arm/4.9.3/bin/../lib/gcc/arm-none-eabi/4.9.3/../../../../arm-none-eabi/lib/armv7-m\libg.a(lib_a-impure.o)
 .data._impure_ptr
                0x1fff8550        0x4 c:/program files/cypress/psoc creator/4.0/psoc creator/import/gnu/arm/4.9.3/bin/../lib/gcc/arm-none-eabi/4.9.3/../../../../arm-none-eabi/lib/armv7-m\libg.a(lib_a-impure.o)
                0x1fff8550                _impure_ptr
 .data.lconv    0x1fff8554       0x38 c:/program files/cypress/psoc creator/4.0/psoc creator/import/gnu/arm/4.9.3/bin/../lib/gcc/arm-none-eabi/4.9.3/../../../../arm-none-eabi/lib/armv7-m\libg.a(lib_a-locale.o)
 .data.lc_ctype_charset
                0x1fff858c       0x20 c:/program files/cypress/psoc creator/4.0/psoc creator/import/gnu/arm/4.9.3/bin/../lib/gcc/arm-none-eabi/4.9.3/../../../../arm-none-eabi/lib/armv7-m\libg.a(lib_a-locale.o)
 .data.__mb_cur_max
                0x1fff85ac        0x4 c:/program files/cypress/psoc creator/4.0/psoc creator/import/gnu/arm/4.9.3/bin/../lib/gcc/arm-none-eabi/4.9.3/../../../../arm-none-eabi/lib/armv7-m\libg.a(lib_a-locale.o)
                0x1fff85ac                __mb_cur_max
 .data.__malloc_av_
                0x1fff85b0      0x408 c:/program files/cypress/psoc creator/4.0/psoc creator/import/gnu/arm/4.9.3/bin/../lib/gcc/arm-none-eabi/4.9.3/../../../../arm-none-eabi/lib/armv7-m\libg.a(lib_a-mallocr.o)
                0x1fff85b0                __malloc_av_
 .data.__malloc_trim_threshold
                0x1fff89b8        0x4 c:/program files/cypress/psoc creator/4.0/psoc creator/import/gnu/arm/4.9.3/bin/../lib/gcc/arm-none-eabi/4.9.3/../../../../arm-none-eabi/lib/armv7-m\libg.a(lib_a-mallocr.o)
                0x1fff89b8                __malloc_trim_threshold
 .data.__malloc_sbrk_base
                0x1fff89bc        0x4 c:/program files/cypress/psoc creator/4.0/psoc creator/import/gnu/arm/4.9.3/bin/../lib/gcc/arm-none-eabi/4.9.3/../../../../arm-none-eabi/lib/armv7-m\libg.a(lib_a-mallocr.o)
                0x1fff89bc                __malloc_sbrk_base
 .data.__wctomb
                0x1fff89c0        0x4 c:/program files/cypress/psoc creator/4.0/psoc creator/import/gnu/arm/4.9.3/bin/../lib/gcc/arm-none-eabi/4.9.3/../../../../arm-none-eabi/lib/armv7-m\libg.a(lib_a-wctomb_r.o)
                0x1fff89c0                __wctomb
                0x1fff89c8                . = ALIGN (0x8)
 *fill*         0x1fff89c4        0x4 
 *(.ram)
                0x1fff89c8                _edata = .

.igot.plt       0x1fff89c8        0x0 load address 0x00007018
 .igot.plt      0x00000000        0x0 c:/program files/cypress/psoc creator/4.0/psoc creator/import/gnu/arm/4.9.3/bin/../lib/gcc/arm-none-eabi/4.9.3/armv7-m/crtbegin.o

.bss            0x1fff89c8       0x70 load address 0x00007018
                0x1fff89c8                PROVIDE (__bss_start__, .)
 *(.shbss)
 *(.bss .bss.* .gnu.linkonce.b.*)
 .bss           0x1fff89c8       0x1c c:/program files/cypress/psoc creator/4.0/psoc creator/import/gnu/arm/4.9.3/bin/../lib/gcc/arm-none-eabi/4.9.3/armv7-m/crtbegin.o
 .bss           0x1fff89e4       0x10 .\CortexM3\ARM_GCC_493\Debug\Reflectance.o
 .bss           0x1fff89f4        0x1 .\CortexM3\ARM_GCC_493\Debug\ZumoBot.a(PWM.o)
                0x1fff89f4                PWM_initVar
 .bss           0x1fff89f5        0x2 .\CortexM3\ARM_GCC_493\Debug\ZumoBot.a(UART_1.o)
                0x1fff89f5                UART_1_initVar
 .bss           0x1fff89f7        0x1 .\CortexM3\ARM_GCC_493\Debug\ZumoBot.a(Timer_L3.o)
                0x1fff89f7                Timer_L3_initVar
 .bss           0x1fff89f8        0x1 .\CortexM3\ARM_GCC_493\Debug\ZumoBot.a(Timer_R3.o)
                0x1fff89f8                Timer_R3_initVar
 .bss           0x1fff89f9        0x1 .\CortexM3\ARM_GCC_493\Debug\ZumoBot.a(Timer_R1.o)
                0x1fff89f9                Timer_R1_initVar
 .bss           0x1fff89fa        0x1 .\CortexM3\ARM_GCC_493\Debug\ZumoBot.a(Timer_L1.o)
                0x1fff89fa                Timer_L1_initVar
 *fill*         0x1fff89fb        0x1 
 .bss.__malloc_max_total_mem
                0x1fff89fc        0x4 c:/program files/cypress/psoc creator/4.0/psoc creator/import/gnu/arm/4.9.3/bin/../lib/gcc/arm-none-eabi/4.9.3/../../../../arm-none-eabi/lib/armv7-m\libg.a(lib_a-mallocr.o)
                0x1fff89fc                __malloc_max_total_mem
 .bss.__malloc_max_sbrked_mem
                0x1fff8a00        0x4 c:/program files/cypress/psoc creator/4.0/psoc creator/import/gnu/arm/4.9.3/bin/../lib/gcc/arm-none-eabi/4.9.3/../../../../arm-none-eabi/lib/armv7-m\libg.a(lib_a-mallocr.o)
                0x1fff8a00                __malloc_max_sbrked_mem
 .bss.__malloc_top_pad
                0x1fff8a04        0x4 c:/program files/cypress/psoc creator/4.0/psoc creator/import/gnu/arm/4.9.3/bin/../lib/gcc/arm-none-eabi/4.9.3/../../../../arm-none-eabi/lib/armv7-m\libg.a(lib_a-mallocr.o)
                0x1fff8a04                __malloc_top_pad
 .bss.__malloc_current_mallinfo
                0x1fff8a08       0x28 c:/program files/cypress/psoc creator/4.0/psoc creator/import/gnu/arm/4.9.3/bin/../lib/gcc/arm-none-eabi/4.9.3/../../../../arm-none-eabi/lib/armv7-m\libg.a(lib_a-mallocr.o)
                0x1fff8a08                __malloc_current_mallinfo
 *(COMMON)
 COMMON         0x1fff8a30        0x4 c:/program files/cypress/psoc creator/4.0/psoc creator/import/gnu/arm/4.9.3/bin/../lib/gcc/arm-none-eabi/4.9.3/../../../../arm-none-eabi/lib/armv7-m\libg.a(lib_a-reent.o)
                0x1fff8a30                errno
                0x1fff8a38                . = ALIGN (0x8)
 *fill*         0x1fff8a34        0x4 
 *(.ram.b)
                0x1fff8a38                _end = .
                0x1fff8a38                __end = .
                0x1fff8a38                PROVIDE (end, .)
                0x1fff8a38                PROVIDE (__bss_end__, .)
                0x00006758                __cy_region_init_ram = LOADADDR (.data)
                0x000008c0                __cy_region_init_size_ram = (_edata - ADDR (.data))
                0x00000070                __cy_region_zero_size_ram = (_end - _edata)

.heap           0x1fff8a38      0x800 load address 0x00007018
                0x1fff8a38                . = _end
                0x1fff9238                . = (. + 0x800)
 *fill*         0x1fff8a38      0x800 
                0x1fff9238                __cy_heap_limit = .

.stack          0x20007800      0x800
                0x20007800                __cy_stack_limit = .
                0x20008000                . = (. + 0x800)
 *fill*         0x20007800      0x800 
                0x00000001                ASSERT ((__cy_stack_limit >= __cy_heap_limit), region RAM overflowed with stack)
                0x00000000                cy_checksum_exclude_size = (CY_APPL_LOADABLE == 0x1)?SIZEOF (.cy_checksum_exclude):0x0
                0x00000001                ASSERT ((cy_checksum_exclude_size <= CY_CHECKSUM_EXCLUDE_SIZE), CY_BOOT: Section .cy_checksum_exclude size exceedes specified limit.)

.cyloadermeta
 *(.cyloadermeta)

.cyloadablemeta
 *(.cyloadablemeta)

.cyconfigecc    0x80000000      0x8b4
 *(.cyconfigecc)
 .cyconfigecc   0x80000000      0x8b4 .\CortexM3\ARM_GCC_493\Debug\cymetadata.o
                0x80000000                cy_meta_configecc

.cycustnvl      0x90000000        0x4
 *(.cycustnvl)
 .cycustnvl     0x90000000        0x4 .\CortexM3\ARM_GCC_493\Debug\cymetadata.o
                0x90000000                cy_meta_custnvl

.cywolatch      0x90100000        0x4
 *(.cywolatch)
 .cywolatch     0x90100000        0x4 .\CortexM3\ARM_GCC_493\Debug\cymetadata.o
                0x90100000                cy_meta_wonvl

.cyeeprom       0x90200000        0x0
 *(.cyeeprom)
                0x00000001                ASSERT ((. <= ((0x90200000 + ee_offset) + ee_size)), .cyeeprom data will not fit in EEPROM)

.cyflashprotect
                0x90400000      0x100
 *(.cyflashprotect)
 .cyflashprotect
                0x90400000      0x100 .\CortexM3\ARM_GCC_493\Debug\cymetadata.o
                0x90400000                cy_meta_flashprotect

.cymeta         0x90500000        0xc
 *(.cymeta)
 .cymeta        0x90500000        0xc .\CortexM3\ARM_GCC_493\Debug\cymetadata.o
                0x90500000                cy_metadata

.rel.dyn        0x00007018        0x0 load address 0x9050000c
 .rel.iplt      0x00000000        0x0 c:/program files/cypress/psoc creator/4.0/psoc creator/import/gnu/arm/4.9.3/bin/../lib/gcc/arm-none-eabi/4.9.3/armv7-m/crtbegin.o

.stab           0x00000000       0x6c
 *(.stab)
 .stab          0x00000000       0x24 c:/program files/cypress/psoc creator/4.0/psoc creator/import/gnu/arm/4.9.3/bin/../lib/gcc/arm-none-eabi/4.9.3/../../../../arm-none-eabi/lib/armv7-m\libnosys.a(close.o)
 .stab          0x00000024       0x18 c:/program files/cypress/psoc creator/4.0/psoc creator/import/gnu/arm/4.9.3/bin/../lib/gcc/arm-none-eabi/4.9.3/../../../../arm-none-eabi/lib/armv7-m\libnosys.a(fstat.o)
                                 0x24 (size before relaxing)
 .stab          0x0000003c       0x18 c:/program files/cypress/psoc creator/4.0/psoc creator/import/gnu/arm/4.9.3/bin/../lib/gcc/arm-none-eabi/4.9.3/../../../../arm-none-eabi/lib/armv7-m\libnosys.a(isatty.o)
                                 0x24 (size before relaxing)
 .stab          0x00000054       0x18 c:/program files/cypress/psoc creator/4.0/psoc creator/import/gnu/arm/4.9.3/bin/../lib/gcc/arm-none-eabi/4.9.3/../../../../arm-none-eabi/lib/armv7-m\libnosys.a(lseek.o)
                                 0x24 (size before relaxing)

.stabstr        0x00000000       0xe3
 *(.stabstr)
 .stabstr       0x00000000       0xe3 c:/program files/cypress/psoc creator/4.0/psoc creator/import/gnu/arm/4.9.3/bin/../lib/gcc/arm-none-eabi/4.9.3/../../../../arm-none-eabi/lib/armv7-m\libnosys.a(close.o)

.debug
 *(.debug)

.line
 *(.line)

.debug_srcinfo
 *(.debug_srcinfo)

.debug_sfnames
 *(.debug_sfnames)

.debug_aranges  0x00000000     0x10a0
 *(.debug_aranges)
 .debug_aranges
                0x00000000       0x30 .\CortexM3\ARM_GCC_493\Debug\main.o
 .debug_aranges
                0x00000030       0x20 .\CortexM3\ARM_GCC_493\Debug\Accel.o
 .debug_aranges
                0x00000050       0x20 .\CortexM3\ARM_GCC_493\Debug\Ambient.o
 .debug_aranges
                0x00000070       0x20 .\CortexM3\ARM_GCC_493\Debug\Gyro.o
 .debug_aranges
                0x00000090       0x30 .\CortexM3\ARM_GCC_493\Debug\I2C_made.o
 .debug_aranges
                0x000000c0       0x40 .\CortexM3\ARM_GCC_493\Debug\IR.o
 .debug_aranges
                0x00000100       0x20 .\CortexM3\ARM_GCC_493\Debug\Magnet.o
 .debug_aranges
                0x00000120       0x40 .\CortexM3\ARM_GCC_493\Debug\Motor.o
 .debug_aranges
                0x00000160       0x30 .\CortexM3\ARM_GCC_493\Debug\Nunchuk.o
 .debug_aranges
                0x00000190       0x40 .\CortexM3\ARM_GCC_493\Debug\Reflectance.o
 .debug_aranges
                0x000001d0       0x38 .\CortexM3\ARM_GCC_493\Debug\Ultra.o
 .debug_aranges
                0x00000208       0x20 .\CortexM3\ARM_GCC_493\Debug\Beep.o
 .debug_aranges
                0x00000228       0x18 .\CortexM3\ARM_GCC_493\Debug\cymetadata.o
 .debug_aranges
                0x00000240       0x48 .\CortexM3\ARM_GCC_493\Debug\Cm3Start.o
 .debug_aranges
                0x00000288       0x58 .\CortexM3\ARM_GCC_493\Debug\ZumoBot.a(cyfitter_cfg.o)
 .debug_aranges
                0x000002e0       0xa8 .\CortexM3\ARM_GCC_493\Debug\ZumoBot.a(PWM.o)
 .debug_aranges
                0x00000388       0x38 .\CortexM3\ARM_GCC_493\Debug\ZumoBot.a(I2C.o)
 .debug_aranges
                0x000003c0       0x20 .\CortexM3\ARM_GCC_493\Debug\ZumoBot.a(I2C_INT.o)
 .debug_aranges
                0x000003e0       0x38 .\CortexM3\ARM_GCC_493\Debug\ZumoBot.a(I2C_PM.o)
 .debug_aranges
                0x00000418       0x80 .\CortexM3\ARM_GCC_493\Debug\ZumoBot.a(I2C_MASTER.o)
 .debug_aranges
                0x00000498      0x2a0 .\CortexM3\ARM_GCC_493\Debug\ZumoBot.a(CyLib.o)
 .debug_aranges
                0x00000738       0x98 .\CortexM3\ARM_GCC_493\Debug\ZumoBot.a(cyPm.o)
 .debug_aranges
                0x000007d0       0x38 .\CortexM3\ARM_GCC_493\Debug\ZumoBot.a(MotorDirLeft.o)
 .debug_aranges
                0x00000808       0x38 .\CortexM3\ARM_GCC_493\Debug\ZumoBot.a(MotorDirRight.o)
 .debug_aranges
                0x00000840       0x38 .\CortexM3\ARM_GCC_493\Debug\ZumoBot.a(IR_led.o)
 .debug_aranges
                0x00000878       0x80 .\CortexM3\ARM_GCC_493\Debug\ZumoBot.a(sensor_isr.o)
 .debug_aranges
                0x000008f8       0xf0 .\CortexM3\ARM_GCC_493\Debug\ZumoBot.a(UART_1.o)
 .debug_aranges
                0x000009e8       0x38 .\CortexM3\ARM_GCC_493\Debug\ZumoBot.a(IR_receiver.o)
 .debug_aranges
                0x00000a20       0x38 .\CortexM3\ARM_GCC_493\Debug\ZumoBot.a(Trig.o)
 .debug_aranges
                0x00000a58       0x88 .\CortexM3\ARM_GCC_493\Debug\ZumoBot.a(Timer.o)
 .debug_aranges
                0x00000ae0       0x38 .\CortexM3\ARM_GCC_493\Debug\ZumoBot.a(Echo.o)
 .debug_aranges
                0x00000b18       0x80 .\CortexM3\ARM_GCC_493\Debug\ZumoBot.a(ultra_isr.o)
 .debug_aranges
                0x00000b98       0x70 .\CortexM3\ARM_GCC_493\Debug\ZumoBot.a(UART_1_IntClock.o)
 .debug_aranges
                0x00000c08       0x80 .\CortexM3\ARM_GCC_493\Debug\ZumoBot.a(Buzzer_PWM.o)
 .debug_aranges
                0x00000c88       0x38 .\CortexM3\ARM_GCC_493\Debug\ZumoBot.a(L3.o)
 .debug_aranges
                0x00000cc0       0x88 .\CortexM3\ARM_GCC_493\Debug\ZumoBot.a(Timer_L3.o)
 .debug_aranges
                0x00000d48       0x88 .\CortexM3\ARM_GCC_493\Debug\ZumoBot.a(Timer_R3.o)
 .debug_aranges
                0x00000dd0       0x88 .\CortexM3\ARM_GCC_493\Debug\ZumoBot.a(Timer_R1.o)
 .debug_aranges
                0x00000e58       0x38 .\CortexM3\ARM_GCC_493\Debug\ZumoBot.a(R1.o)
 .debug_aranges
                0x00000e90       0x38 .\CortexM3\ARM_GCC_493\Debug\ZumoBot.a(R3.o)
 .debug_aranges
                0x00000ec8       0x88 .\CortexM3\ARM_GCC_493\Debug\ZumoBot.a(Timer_L1.o)
 .debug_aranges
                0x00000f50       0x38 .\CortexM3\ARM_GCC_493\Debug\ZumoBot.a(L1.o)
 .debug_aranges
                0x00000f88       0x20 .\CortexM3\ARM_GCC_493\Debug\ZumoBot.a(CyBootAsmGnu.o)
 .debug_aranges
                0x00000fa8       0x80 .\CortexM3\ARM_GCC_493\Debug\ZumoBot.a(CyFlash.o)
 .debug_aranges
                0x00001028       0x78 .\CortexM3\ARM_GCC_493\Debug\ZumoBot.a(CySpc.o)

.debug_pubnames
 *(.debug_pubnames)

.debug_info     0x00000000     0x8dd8
 *(.debug_info .gnu.linkonce.wi.*)
 .debug_info    0x00000000      0x4aa .\CortexM3\ARM_GCC_493\Debug\main.o
 .debug_info    0x000004aa      0x143 .\CortexM3\ARM_GCC_493\Debug\Accel.o
 .debug_info    0x000005ed      0x119 .\CortexM3\ARM_GCC_493\Debug\Ambient.o
 .debug_info    0x00000706      0x103 .\CortexM3\ARM_GCC_493\Debug\Gyro.o
 .debug_info    0x00000809      0x322 .\CortexM3\ARM_GCC_493\Debug\I2C_made.o
 .debug_info    0x00000b2b      0x205 .\CortexM3\ARM_GCC_493\Debug\IR.o
 .debug_info    0x00000d30      0x162 .\CortexM3\ARM_GCC_493\Debug\Magnet.o
 .debug_info    0x00000e92      0x2f8 .\CortexM3\ARM_GCC_493\Debug\Motor.o
 .debug_info    0x0000118a      0x311 .\CortexM3\ARM_GCC_493\Debug\Nunchuk.o
 .debug_info    0x0000149b      0x5a3 .\CortexM3\ARM_GCC_493\Debug\Reflectance.o
 .debug_info    0x00001a3e      0x6c4 .\CortexM3\ARM_GCC_493\Debug\Ultra.o
 .debug_info    0x00002102      0x197 .\CortexM3\ARM_GCC_493\Debug\Beep.o
 .debug_info    0x00002299      0x13f .\CortexM3\ARM_GCC_493\Debug\cymetadata.o
 .debug_info    0x000023d8      0x3b3 .\CortexM3\ARM_GCC_493\Debug\Cm3Start.o
 .debug_info    0x0000278b      0x64d .\CortexM3\ARM_GCC_493\Debug\ZumoBot.a(cyfitter_cfg.o)
 .debug_info    0x00002dd8      0x37e .\CortexM3\ARM_GCC_493\Debug\ZumoBot.a(PWM.o)
 .debug_info    0x00003156      0x2db .\CortexM3\ARM_GCC_493\Debug\ZumoBot.a(I2C.o)
 .debug_info    0x00003431      0x17f .\CortexM3\ARM_GCC_493\Debug\ZumoBot.a(I2C_INT.o)
 .debug_info    0x000035b0      0x1fe .\CortexM3\ARM_GCC_493\Debug\ZumoBot.a(I2C_PM.o)
 .debug_info    0x000037ae      0x400 .\CortexM3\ARM_GCC_493\Debug\ZumoBot.a(I2C_MASTER.o)
 .debug_info    0x00003bae     0x1385 .\CortexM3\ARM_GCC_493\Debug\ZumoBot.a(CyLib.o)
 .debug_info    0x00004f33      0xa57 .\CortexM3\ARM_GCC_493\Debug\ZumoBot.a(cyPm.o)
 .debug_info    0x0000598a      0x121 .\CortexM3\ARM_GCC_493\Debug\ZumoBot.a(MotorDirLeft.o)
 .debug_info    0x00005aab      0x11f .\CortexM3\ARM_GCC_493\Debug\ZumoBot.a(MotorDirRight.o)
 .debug_info    0x00005bca      0x11f .\CortexM3\ARM_GCC_493\Debug\ZumoBot.a(IR_led.o)
 .debug_info    0x00005ce9      0x2cb .\CortexM3\ARM_GCC_493\Debug\ZumoBot.a(sensor_isr.o)
 .debug_info    0x00005fb4      0x603 .\CortexM3\ARM_GCC_493\Debug\ZumoBot.a(UART_1.o)
 .debug_info    0x000065b7      0x121 .\CortexM3\ARM_GCC_493\Debug\ZumoBot.a(IR_receiver.o)
 .debug_info    0x000066d8      0x121 .\CortexM3\ARM_GCC_493\Debug\ZumoBot.a(Trig.o)
 .debug_info    0x000067f9      0x2ce .\CortexM3\ARM_GCC_493\Debug\ZumoBot.a(Timer.o)
 .debug_info    0x00006ac7      0x11f .\CortexM3\ARM_GCC_493\Debug\ZumoBot.a(Echo.o)
 .debug_info    0x00006be6      0x2cb .\CortexM3\ARM_GCC_493\Debug\ZumoBot.a(ultra_isr.o)
 .debug_info    0x00006eb1      0x283 .\CortexM3\ARM_GCC_493\Debug\ZumoBot.a(UART_1_IntClock.o)
 .debug_info    0x00007134      0x272 .\CortexM3\ARM_GCC_493\Debug\ZumoBot.a(Buzzer_PWM.o)
 .debug_info    0x000073a6      0x11f .\CortexM3\ARM_GCC_493\Debug\ZumoBot.a(L3.o)
 .debug_info    0x000074c5      0x28e .\CortexM3\ARM_GCC_493\Debug\ZumoBot.a(Timer_L3.o)
 .debug_info    0x00007753      0x28e .\CortexM3\ARM_GCC_493\Debug\ZumoBot.a(Timer_R3.o)
 .debug_info    0x000079e1      0x28e .\CortexM3\ARM_GCC_493\Debug\ZumoBot.a(Timer_R1.o)
 .debug_info    0x00007c6f      0x11f .\CortexM3\ARM_GCC_493\Debug\ZumoBot.a(R1.o)
 .debug_info    0x00007d8e      0x11f .\CortexM3\ARM_GCC_493\Debug\ZumoBot.a(R3.o)
 .debug_info    0x00007ead      0x28e .\CortexM3\ARM_GCC_493\Debug\ZumoBot.a(Timer_L1.o)
 .debug_info    0x0000813b      0x11f .\CortexM3\ARM_GCC_493\Debug\ZumoBot.a(L1.o)
 .debug_info    0x0000825a       0x8c .\CortexM3\ARM_GCC_493\Debug\ZumoBot.a(CyBootAsmGnu.o)
 .debug_info    0x000082e6      0x608 .\CortexM3\ARM_GCC_493\Debug\ZumoBot.a(CyFlash.o)
 .debug_info    0x000088ee      0x4ea .\CortexM3\ARM_GCC_493\Debug\ZumoBot.a(CySpc.o)

.debug_abbrev   0x00000000     0x32fa
 *(.debug_abbrev)
 .debug_abbrev  0x00000000      0x1e2 .\CortexM3\ARM_GCC_493\Debug\main.o
 .debug_abbrev  0x000001e2       0xb7 .\CortexM3\ARM_GCC_493\Debug\Accel.o
 .debug_abbrev  0x00000299       0x95 .\CortexM3\ARM_GCC_493\Debug\Ambient.o
 .debug_abbrev  0x0000032e       0xa5 .\CortexM3\ARM_GCC_493\Debug\Gyro.o
 .debug_abbrev  0x000003d3      0x171 .\CortexM3\ARM_GCC_493\Debug\I2C_made.o
 .debug_abbrev  0x00000544       0xdc .\CortexM3\ARM_GCC_493\Debug\IR.o
 .debug_abbrev  0x00000620       0xe3 .\CortexM3\ARM_GCC_493\Debug\Magnet.o
 .debug_abbrev  0x00000703      0x108 .\CortexM3\ARM_GCC_493\Debug\Motor.o
 .debug_abbrev  0x0000080b      0x151 .\CortexM3\ARM_GCC_493\Debug\Nunchuk.o
 .debug_abbrev  0x0000095c      0x151 .\CortexM3\ARM_GCC_493\Debug\Reflectance.o
 .debug_abbrev  0x00000aad      0x28e .\CortexM3\ARM_GCC_493\Debug\Ultra.o
 .debug_abbrev  0x00000d3b       0xe3 .\CortexM3\ARM_GCC_493\Debug\Beep.o
 .debug_abbrev  0x00000e1e       0x77 .\CortexM3\ARM_GCC_493\Debug\cymetadata.o
 .debug_abbrev  0x00000e95      0x1f7 .\CortexM3\ARM_GCC_493\Debug\Cm3Start.o
 .debug_abbrev  0x0000108c      0x212 .\CortexM3\ARM_GCC_493\Debug\ZumoBot.a(cyfitter_cfg.o)
 .debug_abbrev  0x0000129e      0x14d .\CortexM3\ARM_GCC_493\Debug\ZumoBot.a(PWM.o)
 .debug_abbrev  0x000013eb      0x15c .\CortexM3\ARM_GCC_493\Debug\ZumoBot.a(I2C.o)
 .debug_abbrev  0x00001547       0xbd .\CortexM3\ARM_GCC_493\Debug\ZumoBot.a(I2C_INT.o)
 .debug_abbrev  0x00001604      0x12b .\CortexM3\ARM_GCC_493\Debug\ZumoBot.a(I2C_PM.o)
 .debug_abbrev  0x0000172f      0x13c .\CortexM3\ARM_GCC_493\Debug\ZumoBot.a(I2C_MASTER.o)
 .debug_abbrev  0x0000186b      0x296 .\CortexM3\ARM_GCC_493\Debug\ZumoBot.a(CyLib.o)
 .debug_abbrev  0x00001b01      0x1ed .\CortexM3\ARM_GCC_493\Debug\ZumoBot.a(cyPm.o)
 .debug_abbrev  0x00001cee       0x90 .\CortexM3\ARM_GCC_493\Debug\ZumoBot.a(MotorDirLeft.o)
 .debug_abbrev  0x00001d7e       0x90 .\CortexM3\ARM_GCC_493\Debug\ZumoBot.a(MotorDirRight.o)
 .debug_abbrev  0x00001e0e       0x90 .\CortexM3\ARM_GCC_493\Debug\ZumoBot.a(IR_led.o)
 .debug_abbrev  0x00001e9e      0x173 .\CortexM3\ARM_GCC_493\Debug\ZumoBot.a(sensor_isr.o)
 .debug_abbrev  0x00002011      0x1a2 .\CortexM3\ARM_GCC_493\Debug\ZumoBot.a(UART_1.o)
 .debug_abbrev  0x000021b3       0x90 .\CortexM3\ARM_GCC_493\Debug\ZumoBot.a(IR_receiver.o)
 .debug_abbrev  0x00002243       0x90 .\CortexM3\ARM_GCC_493\Debug\ZumoBot.a(Trig.o)
 .debug_abbrev  0x000022d3      0x154 .\CortexM3\ARM_GCC_493\Debug\ZumoBot.a(Timer.o)
 .debug_abbrev  0x00002427       0x90 .\CortexM3\ARM_GCC_493\Debug\ZumoBot.a(Echo.o)
 .debug_abbrev  0x000024b7      0x173 .\CortexM3\ARM_GCC_493\Debug\ZumoBot.a(ultra_isr.o)
 .debug_abbrev  0x0000262a      0x139 .\CortexM3\ARM_GCC_493\Debug\ZumoBot.a(UART_1_IntClock.o)
 .debug_abbrev  0x00002763      0x12d .\CortexM3\ARM_GCC_493\Debug\ZumoBot.a(Buzzer_PWM.o)
 .debug_abbrev  0x00002890       0x90 .\CortexM3\ARM_GCC_493\Debug\ZumoBot.a(L3.o)
 .debug_abbrev  0x00002920      0x11a .\CortexM3\ARM_GCC_493\Debug\ZumoBot.a(Timer_L3.o)
 .debug_abbrev  0x00002a3a      0x11a .\CortexM3\ARM_GCC_493\Debug\ZumoBot.a(Timer_R3.o)
 .debug_abbrev  0x00002b54      0x11a .\CortexM3\ARM_GCC_493\Debug\ZumoBot.a(Timer_R1.o)
 .debug_abbrev  0x00002c6e       0x90 .\CortexM3\ARM_GCC_493\Debug\ZumoBot.a(R1.o)
 .debug_abbrev  0x00002cfe       0x90 .\CortexM3\ARM_GCC_493\Debug\ZumoBot.a(R3.o)
 .debug_abbrev  0x00002d8e      0x11a .\CortexM3\ARM_GCC_493\Debug\ZumoBot.a(Timer_L1.o)
 .debug_abbrev  0x00002ea8       0x90 .\CortexM3\ARM_GCC_493\Debug\ZumoBot.a(L1.o)
 .debug_abbrev  0x00002f38       0x14 .\CortexM3\ARM_GCC_493\Debug\ZumoBot.a(CyBootAsmGnu.o)
 .debug_abbrev  0x00002f4c      0x1ed .\CortexM3\ARM_GCC_493\Debug\ZumoBot.a(CyFlash.o)
 .debug_abbrev  0x00003139      0x1c1 .\CortexM3\ARM_GCC_493\Debug\ZumoBot.a(CySpc.o)

.debug_line     0x00000000     0x444d
 *(.debug_line)
 .debug_line    0x00000000      0x234 .\CortexM3\ARM_GCC_493\Debug\main.o
 .debug_line    0x00000234      0x16d .\CortexM3\ARM_GCC_493\Debug\Accel.o
 .debug_line    0x000003a1       0xe3 .\CortexM3\ARM_GCC_493\Debug\Ambient.o
 .debug_line    0x00000484      0x163 .\CortexM3\ARM_GCC_493\Debug\Gyro.o
 .debug_line    0x000005e7      0x1b5 .\CortexM3\ARM_GCC_493\Debug\I2C_made.o
 .debug_line    0x0000079c      0x25d .\CortexM3\ARM_GCC_493\Debug\IR.o
 .debug_line    0x000009f9      0x179 .\CortexM3\ARM_GCC_493\Debug\Magnet.o
 .debug_line    0x00000b72      0x1e6 .\CortexM3\ARM_GCC_493\Debug\Motor.o
 .debug_line    0x00000d58      0x1c1 .\CortexM3\ARM_GCC_493\Debug\Nunchuk.o
 .debug_line    0x00000f19      0x263 .\CortexM3\ARM_GCC_493\Debug\Reflectance.o
 .debug_line    0x0000117c      0x206 .\CortexM3\ARM_GCC_493\Debug\Ultra.o
 .debug_line    0x00001382      0x181 .\CortexM3\ARM_GCC_493\Debug\Beep.o
 .debug_line    0x00001503       0x51 .\CortexM3\ARM_GCC_493\Debug\cymetadata.o
 .debug_line    0x00001554      0x243 .\CortexM3\ARM_GCC_493\Debug\Cm3Start.o
 .debug_line    0x00001797      0x20d .\CortexM3\ARM_GCC_493\Debug\ZumoBot.a(cyfitter_cfg.o)
 .debug_line    0x000019a4      0x1a7 .\CortexM3\ARM_GCC_493\Debug\ZumoBot.a(PWM.o)
 .debug_line    0x00001b4b       0xd9 .\CortexM3\ARM_GCC_493\Debug\ZumoBot.a(I2C.o)
 .debug_line    0x00001c24      0x114 .\CortexM3\ARM_GCC_493\Debug\ZumoBot.a(I2C_INT.o)
 .debug_line    0x00001d38       0xbb .\CortexM3\ARM_GCC_493\Debug\ZumoBot.a(I2C_PM.o)
 .debug_line    0x00001df3      0x1fd .\CortexM3\ARM_GCC_493\Debug\ZumoBot.a(I2C_MASTER.o)
 .debug_line    0x00001ff0      0x816 .\CortexM3\ARM_GCC_493\Debug\ZumoBot.a(CyLib.o)
 .debug_line    0x00002806      0x364 .\CortexM3\ARM_GCC_493\Debug\ZumoBot.a(cyPm.o)
 .debug_line    0x00002b6a       0x99 .\CortexM3\ARM_GCC_493\Debug\ZumoBot.a(MotorDirLeft.o)
 .debug_line    0x00002c03       0x9a .\CortexM3\ARM_GCC_493\Debug\ZumoBot.a(MotorDirRight.o)
 .debug_line    0x00002c9d       0x93 .\CortexM3\ARM_GCC_493\Debug\ZumoBot.a(IR_led.o)
 .debug_line    0x00002d30      0x137 .\CortexM3\ARM_GCC_493\Debug\ZumoBot.a(sensor_isr.o)
 .debug_line    0x00002e67      0x2c0 .\CortexM3\ARM_GCC_493\Debug\ZumoBot.a(UART_1.o)
 .debug_line    0x00003127       0x98 .\CortexM3\ARM_GCC_493\Debug\ZumoBot.a(IR_receiver.o)
 .debug_line    0x000031bf       0x91 .\CortexM3\ARM_GCC_493\Debug\ZumoBot.a(Trig.o)
 .debug_line    0x00003250      0x159 .\CortexM3\ARM_GCC_493\Debug\ZumoBot.a(Timer.o)
 .debug_line    0x000033a9       0x91 .\CortexM3\ARM_GCC_493\Debug\ZumoBot.a(Echo.o)
 .debug_line    0x0000343a      0x136 .\CortexM3\ARM_GCC_493\Debug\ZumoBot.a(ultra_isr.o)
 .debug_line    0x00003570      0x17e .\CortexM3\ARM_GCC_493\Debug\ZumoBot.a(UART_1_IntClock.o)
 .debug_line    0x000036ee      0x13f .\CortexM3\ARM_GCC_493\Debug\ZumoBot.a(Buzzer_PWM.o)
 .debug_line    0x0000382d       0x8f .\CortexM3\ARM_GCC_493\Debug\ZumoBot.a(L3.o)
 .debug_line    0x000038bc      0x156 .\CortexM3\ARM_GCC_493\Debug\ZumoBot.a(Timer_L3.o)
 .debug_line    0x00003a12      0x156 .\CortexM3\ARM_GCC_493\Debug\ZumoBot.a(Timer_R3.o)
 .debug_line    0x00003b68      0x156 .\CortexM3\ARM_GCC_493\Debug\ZumoBot.a(Timer_R1.o)
 .debug_line    0x00003cbe       0x8f .\CortexM3\ARM_GCC_493\Debug\ZumoBot.a(R1.o)
 .debug_line    0x00003d4d       0x8f .\CortexM3\ARM_GCC_493\Debug\ZumoBot.a(R3.o)
 .debug_line    0x00003ddc      0x156 .\CortexM3\ARM_GCC_493\Debug\ZumoBot.a(Timer_L1.o)
 .debug_line    0x00003f32       0x8f .\CortexM3\ARM_GCC_493\Debug\ZumoBot.a(L1.o)
 .debug_line    0x00003fc1       0x66 .\CortexM3\ARM_GCC_493\Debug\ZumoBot.a(CyBootAsmGnu.o)
 .debug_line    0x00004027      0x1ea .\CortexM3\ARM_GCC_493\Debug\ZumoBot.a(CyFlash.o)
 .debug_line    0x00004211      0x23c .\CortexM3\ARM_GCC_493\Debug\ZumoBot.a(CySpc.o)

.debug_frame    0x00000000     0x3830
 *(.debug_frame)
 .debug_frame   0x00000000       0x88 .\CortexM3\ARM_GCC_493\Debug\main.o
 .debug_frame   0x00000088       0x38 .\CortexM3\ARM_GCC_493\Debug\Accel.o
 .debug_frame   0x000000c0       0x3c .\CortexM3\ARM_GCC_493\Debug\Ambient.o
 .debug_frame   0x000000fc       0x2c .\CortexM3\ARM_GCC_493\Debug\Gyro.o
 .debug_frame   0x00000128       0x64 .\CortexM3\ARM_GCC_493\Debug\I2C_made.o
 .debug_frame   0x0000018c       0xa4 .\CortexM3\ARM_GCC_493\Debug\IR.o
 .debug_frame   0x00000230       0x2c .\CortexM3\ARM_GCC_493\Debug\Magnet.o
 .debug_frame   0x0000025c       0xa8 .\CortexM3\ARM_GCC_493\Debug\Motor.o
 .debug_frame   0x00000304       0x70 .\CortexM3\ARM_GCC_493\Debug\Nunchuk.o
 .debug_frame   0x00000374       0x90 .\CortexM3\ARM_GCC_493\Debug\Reflectance.o
 .debug_frame   0x00000404       0x74 .\CortexM3\ARM_GCC_493\Debug\Ultra.o
 .debug_frame   0x00000478       0x30 .\CortexM3\ARM_GCC_493\Debug\Beep.o
 .debug_frame   0x000004a8       0xb8 .\CortexM3\ARM_GCC_493\Debug\Cm3Start.o
 .debug_frame   0x00000560       0xfc .\CortexM3\ARM_GCC_493\Debug\ZumoBot.a(cyfitter_cfg.o)
 .debug_frame   0x0000065c      0x154 .\CortexM3\ARM_GCC_493\Debug\ZumoBot.a(PWM.o)
 .debug_frame   0x000007b0       0x94 .\CortexM3\ARM_GCC_493\Debug\ZumoBot.a(I2C.o)
 .debug_frame   0x00000844       0x30 .\CortexM3\ARM_GCC_493\Debug\ZumoBot.a(I2C_INT.o)
 .debug_frame   0x00000874       0x74 .\CortexM3\ARM_GCC_493\Debug\ZumoBot.a(I2C_PM.o)
 .debug_frame   0x000008e8      0x138 .\CortexM3\ARM_GCC_493\Debug\ZumoBot.a(I2C_MASTER.o)
 .debug_frame   0x00000a20      0x738 .\CortexM3\ARM_GCC_493\Debug\ZumoBot.a(CyLib.o)
 .debug_frame   0x00001158      0x1f8 .\CortexM3\ARM_GCC_493\Debug\ZumoBot.a(cyPm.o)
 .debug_frame   0x00001350       0x50 .\CortexM3\ARM_GCC_493\Debug\ZumoBot.a(MotorDirLeft.o)
 .debug_frame   0x000013a0       0x50 .\CortexM3\ARM_GCC_493\Debug\ZumoBot.a(MotorDirRight.o)
 .debug_frame   0x000013f0       0x50 .\CortexM3\ARM_GCC_493\Debug\ZumoBot.a(IR_led.o)
 .debug_frame   0x00001440      0x104 .\CortexM3\ARM_GCC_493\Debug\ZumoBot.a(sensor_isr.o)
 .debug_frame   0x00001544      0x250 .\CortexM3\ARM_GCC_493\Debug\ZumoBot.a(UART_1.o)
 .debug_frame   0x00001794       0x50 .\CortexM3\ARM_GCC_493\Debug\ZumoBot.a(IR_receiver.o)
 .debug_frame   0x000017e4       0x50 .\CortexM3\ARM_GCC_493\Debug\ZumoBot.a(Trig.o)
 .debug_frame   0x00001834      0x114 .\CortexM3\ARM_GCC_493\Debug\ZumoBot.a(Timer.o)
 .debug_frame   0x00001948       0x50 .\CortexM3\ARM_GCC_493\Debug\ZumoBot.a(Echo.o)
 .debug_frame   0x00001998      0x104 .\CortexM3\ARM_GCC_493\Debug\ZumoBot.a(ultra_isr.o)
 .debug_frame   0x00001a9c       0xe0 .\CortexM3\ARM_GCC_493\Debug\ZumoBot.a(UART_1_IntClock.o)
 .debug_frame   0x00001b7c       0xf8 .\CortexM3\ARM_GCC_493\Debug\ZumoBot.a(Buzzer_PWM.o)
 .debug_frame   0x00001c74       0x50 .\CortexM3\ARM_GCC_493\Debug\ZumoBot.a(L3.o)
 .debug_frame   0x00001cc4      0x108 .\CortexM3\ARM_GCC_493\Debug\ZumoBot.a(Timer_L3.o)
 .debug_frame   0x00001dcc      0x108 .\CortexM3\ARM_GCC_493\Debug\ZumoBot.a(Timer_R3.o)
 .debug_frame   0x00001ed4      0x108 .\CortexM3\ARM_GCC_493\Debug\ZumoBot.a(Timer_R1.o)
 .debug_frame   0x00001fdc       0x50 .\CortexM3\ARM_GCC_493\Debug\ZumoBot.a(R1.o)
 .debug_frame   0x0000202c       0x50 .\CortexM3\ARM_GCC_493\Debug\ZumoBot.a(R3.o)
 .debug_frame   0x0000207c      0x108 .\CortexM3\ARM_GCC_493\Debug\ZumoBot.a(Timer_L1.o)
 .debug_frame   0x00002184       0x50 .\CortexM3\ARM_GCC_493\Debug\ZumoBot.a(L1.o)
 .debug_frame   0x000021d4      0x174 .\CortexM3\ARM_GCC_493\Debug\ZumoBot.a(CyFlash.o)
 .debug_frame   0x00002348      0x160 .\CortexM3\ARM_GCC_493\Debug\ZumoBot.a(CySpc.o)
 .debug_frame   0x000024a8       0x20 c:/program files/cypress/psoc creator/4.0/psoc creator/import/gnu/arm/4.9.3/bin/../lib/gcc/arm-none-eabi/4.9.3/../../../../arm-none-eabi/lib/armv7-m\libm.a(lib_a-w_atan2.o)
 .debug_frame   0x000024c8       0x44 c:/program files/cypress/psoc creator/4.0/psoc creator/import/gnu/arm/4.9.3/bin/../lib/gcc/arm-none-eabi/4.9.3/../../../../arm-none-eabi/lib/armv7-m\libm.a(lib_a-w_pow.o)
 .debug_frame   0x0000250c       0x48 c:/program files/cypress/psoc creator/4.0/psoc creator/import/gnu/arm/4.9.3/bin/../lib/gcc/arm-none-eabi/4.9.3/../../../../arm-none-eabi/lib/armv7-m\libm.a(lib_a-e_atan2.o)
 .debug_frame   0x00002554       0x64 c:/program files/cypress/psoc creator/4.0/psoc creator/import/gnu/arm/4.9.3/bin/../lib/gcc/arm-none-eabi/4.9.3/../../../../arm-none-eabi/lib/armv7-m\libm.a(lib_a-e_pow.o)
 .debug_frame   0x000025b8       0x30 c:/program files/cypress/psoc creator/4.0/psoc creator/import/gnu/arm/4.9.3/bin/../lib/gcc/arm-none-eabi/4.9.3/../../../../arm-none-eabi/lib/armv7-m\libm.a(lib_a-e_sqrt.o)
 .debug_frame   0x000025e8       0x38 c:/program files/cypress/psoc creator/4.0/psoc creator/import/gnu/arm/4.9.3/bin/../lib/gcc/arm-none-eabi/4.9.3/../../../../arm-none-eabi/lib/armv7-m\libm.a(lib_a-s_atan.o)
 .debug_frame   0x00002620       0x20 c:/program files/cypress/psoc creator/4.0/psoc creator/import/gnu/arm/4.9.3/bin/../lib/gcc/arm-none-eabi/4.9.3/../../../../arm-none-eabi/lib/armv7-m\libm.a(lib_a-s_fabs.o)
 .debug_frame   0x00002640       0x20 c:/program files/cypress/psoc creator/4.0/psoc creator/import/gnu/arm/4.9.3/bin/../lib/gcc/arm-none-eabi/4.9.3/../../../../arm-none-eabi/lib/armv7-m\libm.a(lib_a-s_finite.o)
 .debug_frame   0x00002660       0x34 c:/program files/cypress/psoc creator/4.0/psoc creator/import/gnu/arm/4.9.3/bin/../lib/gcc/arm-none-eabi/4.9.3/../../../../arm-none-eabi/lib/armv7-m\libm.a(lib_a-s_fpclassify.o)
 .debug_frame   0x00002694       0x20 c:/program files/cypress/psoc creator/4.0/psoc creator/import/gnu/arm/4.9.3/bin/../lib/gcc/arm-none-eabi/4.9.3/../../../../arm-none-eabi/lib/armv7-m\libm.a(lib_a-s_matherr.o)
 .debug_frame   0x000026b4       0x20 c:/program files/cypress/psoc creator/4.0/psoc creator/import/gnu/arm/4.9.3/bin/../lib/gcc/arm-none-eabi/4.9.3/../../../../arm-none-eabi/lib/armv7-m\libm.a(lib_a-s_nan.o)
 .debug_frame   0x000026d4       0x3c c:/program files/cypress/psoc creator/4.0/psoc creator/import/gnu/arm/4.9.3/bin/../lib/gcc/arm-none-eabi/4.9.3/../../../../arm-none-eabi/lib/armv7-m\libm.a(lib_a-s_rint.o)
 .debug_frame   0x00002710       0x30 c:/program files/cypress/psoc creator/4.0/psoc creator/import/gnu/arm/4.9.3/bin/../lib/gcc/arm-none-eabi/4.9.3/../../../../arm-none-eabi/lib/armv7-m\libm.a(lib_a-s_scalbn.o)
 .debug_frame   0x00002740       0x20 c:/program files/cypress/psoc creator/4.0/psoc creator/import/gnu/arm/4.9.3/bin/../lib/gcc/arm-none-eabi/4.9.3/../../../../arm-none-eabi/lib/armv7-m\libm.a(lib_a-s_copysign.o)
 .debug_frame   0x00002760       0x20 c:/program files/cypress/psoc creator/4.0/psoc creator/import/gnu/arm/4.9.3/bin/../lib/gcc/arm-none-eabi/4.9.3/../../../../arm-none-eabi/lib/armv7-m\libg.a(lib_a-errno.o)
 .debug_frame   0x00002780       0x28 c:/program files/cypress/psoc creator/4.0/psoc creator/import/gnu/arm/4.9.3/bin/../lib/gcc/arm-none-eabi/4.9.3/../../../../arm-none-eabi/lib/armv7-m\libg.a(lib_a-exit.o)
 .debug_frame   0x000027a8       0x2c c:/program files/cypress/psoc creator/4.0/psoc creator/import/gnu/arm/4.9.3/bin/../lib/gcc/arm-none-eabi/4.9.3/../../../../arm-none-eabi/lib/armv7-m\libg.a(lib_a-init.o)
 .debug_frame   0x000027d4       0x34 c:/program files/cypress/psoc creator/4.0/psoc creator/import/gnu/arm/4.9.3/bin/../lib/gcc/arm-none-eabi/4.9.3/../../../../arm-none-eabi/lib/armv7-m\libg.a(lib_a-memset.o)
 .debug_frame   0x00002808       0x78 c:/program files/cypress/psoc creator/4.0/psoc creator/import/gnu/arm/4.9.3/bin/../lib/gcc/arm-none-eabi/4.9.3/../../../../arm-none-eabi/lib/armv7-m\libg.a(lib_a-printf.o)
 .debug_frame   0x00002880       0x90 c:/program files/cypress/psoc creator/4.0/psoc creator/import/gnu/arm/4.9.3/bin/../lib/gcc/arm-none-eabi/4.9.3/../../../../arm-none-eabi/lib/armv7-m\libg.a(lib_a-vfprintf.o)
 .debug_frame   0x00002910       0x2c c:/program files/cypress/psoc creator/4.0/psoc creator/import/gnu/arm/4.9.3/bin/../lib/gcc/arm-none-eabi/4.9.3/../../../../arm-none-eabi/lib/armv7-m\libg.a(lib_a-wsetup.o)
 .debug_frame   0x0000293c       0x50 c:/program files/cypress/psoc creator/4.0/psoc creator/import/gnu/arm/4.9.3/bin/../lib/gcc/arm-none-eabi/4.9.3/../../../../arm-none-eabi/lib/armv7-m\libg.a(lib_a-__call_atexit.o)
 .debug_frame   0x0000298c       0x20 c:/program files/cypress/psoc creator/4.0/psoc creator/import/gnu/arm/4.9.3/bin/../lib/gcc/arm-none-eabi/4.9.3/../../../../arm-none-eabi/lib/armv7-m\libg.a(lib_a-atexit.o)
 .debug_frame   0x000029ac       0x84 c:/program files/cypress/psoc creator/4.0/psoc creator/import/gnu/arm/4.9.3/bin/../lib/gcc/arm-none-eabi/4.9.3/../../../../arm-none-eabi/lib/armv7-m\libg.a(lib_a-dtoa.o)
 .debug_frame   0x00002a30       0x6c c:/program files/cypress/psoc creator/4.0/psoc creator/import/gnu/arm/4.9.3/bin/../lib/gcc/arm-none-eabi/4.9.3/../../../../arm-none-eabi/lib/armv7-m\libg.a(lib_a-fflush.o)
 .debug_frame   0x00002a9c      0x124 c:/program files/cypress/psoc creator/4.0/psoc creator/import/gnu/arm/4.9.3/bin/../lib/gcc/arm-none-eabi/4.9.3/../../../../arm-none-eabi/lib/armv7-m\libg.a(lib_a-findfp.o)
 .debug_frame   0x00002bc0       0x34 c:/program files/cypress/psoc creator/4.0/psoc creator/import/gnu/arm/4.9.3/bin/../lib/gcc/arm-none-eabi/4.9.3/../../../../arm-none-eabi/lib/armv7-m\libg.a(lib_a-fini.o)
 .debug_frame   0x00002bf4       0x74 c:/program files/cypress/psoc creator/4.0/psoc creator/import/gnu/arm/4.9.3/bin/../lib/gcc/arm-none-eabi/4.9.3/../../../../arm-none-eabi/lib/armv7-m\libg.a(lib_a-freer.o)
 .debug_frame   0x00002c68       0x54 c:/program files/cypress/psoc creator/4.0/psoc creator/import/gnu/arm/4.9.3/bin/../lib/gcc/arm-none-eabi/4.9.3/../../../../arm-none-eabi/lib/armv7-m\libg.a(lib_a-fwalk.o)
 .debug_frame   0x00002cbc       0x9c c:/program files/cypress/psoc creator/4.0/psoc creator/import/gnu/arm/4.9.3/bin/../lib/gcc/arm-none-eabi/4.9.3/../../../../arm-none-eabi/lib/armv7-m\libg.a(lib_a-locale.o)
 .debug_frame   0x00002d58       0x48 c:/program files/cypress/psoc creator/4.0/psoc creator/import/gnu/arm/4.9.3/bin/../lib/gcc/arm-none-eabi/4.9.3/../../../../arm-none-eabi/lib/armv7-m\libg.a(lib_a-makebuf.o)
 .debug_frame   0x00002da0       0x54 c:/program files/cypress/psoc creator/4.0/psoc creator/import/gnu/arm/4.9.3/bin/../lib/gcc/arm-none-eabi/4.9.3/../../../../arm-none-eabi/lib/armv7-m\libg.a(lib_a-mallocr.o)
 .debug_frame   0x00002df4       0x3c c:/program files/cypress/psoc creator/4.0/psoc creator/import/gnu/arm/4.9.3/bin/../lib/gcc/arm-none-eabi/4.9.3/../../../../arm-none-eabi/lib/armv7-m\libg.a(lib_a-memchr.o)
 .debug_frame   0x00002e30       0x30 c:/program files/cypress/psoc creator/4.0/psoc creator/import/gnu/arm/4.9.3/bin/../lib/gcc/arm-none-eabi/4.9.3/../../../../arm-none-eabi/lib/armv7-m\libg.a(lib_a-mlock.o)
 .debug_frame   0x00002e60      0x268 c:/program files/cypress/psoc creator/4.0/psoc creator/import/gnu/arm/4.9.3/bin/../lib/gcc/arm-none-eabi/4.9.3/../../../../arm-none-eabi/lib/armv7-m\libg.a(lib_a-mprec.o)
 .debug_frame   0x000030c8       0x2c c:/program files/cypress/psoc creator/4.0/psoc creator/import/gnu/arm/4.9.3/bin/../lib/gcc/arm-none-eabi/4.9.3/../../../../arm-none-eabi/lib/armv7-m\libg.a(lib_a-sbrkr.o)
 .debug_frame   0x000030f4       0x88 c:/program files/cypress/psoc creator/4.0/psoc creator/import/gnu/arm/4.9.3/bin/../lib/gcc/arm-none-eabi/4.9.3/../../../../arm-none-eabi/lib/armv7-m\libg.a(lib_a-stdio.o)
 .debug_frame   0x0000317c       0x20 c:/program files/cypress/psoc creator/4.0/psoc creator/import/gnu/arm/4.9.3/bin/../lib/gcc/arm-none-eabi/4.9.3/../../../../arm-none-eabi/lib/armv7-m\libg.a(lib_a-strlen.o)
 .debug_frame   0x0000319c       0xd8 c:/program files/cypress/psoc creator/4.0/psoc creator/import/gnu/arm/4.9.3/bin/../lib/gcc/arm-none-eabi/4.9.3/../../../../arm-none-eabi/lib/armv7-m\libg.a(lib_a-vfiprintf.o)
 .debug_frame   0x00003274       0x2c c:/program files/cypress/psoc creator/4.0/psoc creator/import/gnu/arm/4.9.3/bin/../lib/gcc/arm-none-eabi/4.9.3/../../../../arm-none-eabi/lib/armv7-m\libg.a(lib_a-writer.o)
 .debug_frame   0x000032a0       0x34 c:/program files/cypress/psoc creator/4.0/psoc creator/import/gnu/arm/4.9.3/bin/../lib/gcc/arm-none-eabi/4.9.3/../../../../arm-none-eabi/lib/armv7-m\libg.a(lib_a-__atexit.o)
 .debug_frame   0x000032d4       0x28 c:/program files/cypress/psoc creator/4.0/psoc creator/import/gnu/arm/4.9.3/bin/../lib/gcc/arm-none-eabi/4.9.3/../../../../arm-none-eabi/lib/armv7-m\libg.a(lib_a-callocr.o)
 .debug_frame   0x000032fc       0x2c c:/program files/cypress/psoc creator/4.0/psoc creator/import/gnu/arm/4.9.3/bin/../lib/gcc/arm-none-eabi/4.9.3/../../../../arm-none-eabi/lib/armv7-m\libg.a(lib_a-closer.o)
 .debug_frame   0x00003328       0x44 c:/program files/cypress/psoc creator/4.0/psoc creator/import/gnu/arm/4.9.3/bin/../lib/gcc/arm-none-eabi/4.9.3/../../../../arm-none-eabi/lib/armv7-m\libg.a(lib_a-fclose.o)
 .debug_frame   0x0000336c       0x84 c:/program files/cypress/psoc creator/4.0/psoc creator/import/gnu/arm/4.9.3/bin/../lib/gcc/arm-none-eabi/4.9.3/../../../../arm-none-eabi/lib/armv7-m\libg.a(lib_a-fputwc.o)
 .debug_frame   0x000033f0       0x2c c:/program files/cypress/psoc creator/4.0/psoc creator/import/gnu/arm/4.9.3/bin/../lib/gcc/arm-none-eabi/4.9.3/../../../../arm-none-eabi/lib/armv7-m\libg.a(lib_a-fstatr.o)
 .debug_frame   0x0000341c       0x68 c:/program files/cypress/psoc creator/4.0/psoc creator/import/gnu/arm/4.9.3/bin/../lib/gcc/arm-none-eabi/4.9.3/../../../../arm-none-eabi/lib/armv7-m\libg.a(lib_a-fvwrite.o)
 .debug_frame   0x00003484       0x2c c:/program files/cypress/psoc creator/4.0/psoc creator/import/gnu/arm/4.9.3/bin/../lib/gcc/arm-none-eabi/4.9.3/../../../../arm-none-eabi/lib/armv7-m\libg.a(lib_a-isattyr.o)
 .debug_frame   0x000034b0       0x2c c:/program files/cypress/psoc creator/4.0/psoc creator/import/gnu/arm/4.9.3/bin/../lib/gcc/arm-none-eabi/4.9.3/../../../../arm-none-eabi/lib/armv7-m\libg.a(lib_a-lseekr.o)