Archive member included because of file (symbol)

.\CortexM3\ARM_GCC_493\Debug\ZumoBot_Paini.a(cyfitter_cfg.o)
                              .\CortexM3\ARM_GCC_493\Debug\Cm3Start.o (cyfitter_cfg)
.\CortexM3\ARM_GCC_493\Debug\ZumoBot_Paini.a(PWM.o)
                              .\CortexM3\ARM_GCC_493\Debug\Motor.o (PWM_Stop)
.\CortexM3\ARM_GCC_493\Debug\ZumoBot_Paini.a(I2C.o)
                              .\CortexM3\ARM_GCC_493\Debug\Nunchuk.o (I2C_Start)
.\CortexM3\ARM_GCC_493\Debug\ZumoBot_Paini.a(I2C_INT.o)
                              .\CortexM3\ARM_GCC_493\Debug\ZumoBot_Paini.a(I2C.o) (I2C_ISR)
.\CortexM3\ARM_GCC_493\Debug\ZumoBot_Paini.a(I2C_PM.o)
                              .\CortexM3\ARM_GCC_493\Debug\ZumoBot_Paini.a(I2C.o) (I2C_backup)
.\CortexM3\ARM_GCC_493\Debug\ZumoBot_Paini.a(I2C_MASTER.o)
                              .\CortexM3\ARM_GCC_493\Debug\I2C_made.o (I2C_MasterWriteBuf)
.\CortexM3\ARM_GCC_493\Debug\ZumoBot_Paini.a(CyLib.o)
                              .\CortexM3\ARM_GCC_493\Debug\Cm3Start.o (CyHalt)
.\CortexM3\ARM_GCC_493\Debug\ZumoBot_Paini.a(cyPm.o)
                              .\CortexM3\ARM_GCC_493\Debug\ZumoBot_Paini.a(CyLib.o) (CyPmReadStatus)
.\CortexM3\ARM_GCC_493\Debug\ZumoBot_Paini.a(MotorDirLeft.o)
                              .\CortexM3\ARM_GCC_493\Debug\Motor.o (MotorDirLeft_Write)
.\CortexM3\ARM_GCC_493\Debug\ZumoBot_Paini.a(MotorDirRight.o)
                              .\CortexM3\ARM_GCC_493\Debug\Motor.o (MotorDirRight_Write)
.\CortexM3\ARM_GCC_493\Debug\ZumoBot_Paini.a(IR_led.o)
                              .\CortexM3\ARM_GCC_493\Debug\main.o (IR_led_Write)
.\CortexM3\ARM_GCC_493\Debug\ZumoBot_Paini.a(sensor_isr.o)
                              .\CortexM3\ARM_GCC_493\Debug\main.o (sensor_isr_StartEx)
.\CortexM3\ARM_GCC_493\Debug\ZumoBot_Paini.a(UART_1.o)
                              .\CortexM3\ARM_GCC_493\Debug\main.o (UART_1_Start)
.\CortexM3\ARM_GCC_493\Debug\ZumoBot_Paini.a(IR_receiver.o)
                              .\CortexM3\ARM_GCC_493\Debug\main.o (IR_receiver_Read)
.\CortexM3\ARM_GCC_493\Debug\ZumoBot_Paini.a(Trig.o)
                              .\CortexM3\ARM_GCC_493\Debug\Ultra.o (Trig_Write)
.\CortexM3\ARM_GCC_493\Debug\ZumoBot_Paini.a(Timer.o)
                              .\CortexM3\ARM_GCC_493\Debug\Ultra.o (Timer_Stop)
.\CortexM3\ARM_GCC_493\Debug\ZumoBot_Paini.a(Echo.o)
                              .\CortexM3\ARM_GCC_493\Debug\Ultra.o (Echo_Read)
.\CortexM3\ARM_GCC_493\Debug\ZumoBot_Paini.a(ultra_isr.o)
                              .\CortexM3\ARM_GCC_493\Debug\Ultra.o (ultra_isr_StartEx)
.\CortexM3\ARM_GCC_493\Debug\ZumoBot_Paini.a(UART_1_IntClock.o)
                              .\CortexM3\ARM_GCC_493\Debug\ZumoBot_Paini.a(UART_1.o) (UART_1_IntClock_Start)
.\CortexM3\ARM_GCC_493\Debug\ZumoBot_Paini.a(Buzzer_PWM.o)
                              .\CortexM3\ARM_GCC_493\Debug\Beep.o (Buzzer_PWM_Stop)
.\CortexM3\ARM_GCC_493\Debug\ZumoBot_Paini.a(L3.o)
                              .\CortexM3\ARM_GCC_493\Debug\Reflectance.o (L3_Write)
.\CortexM3\ARM_GCC_493\Debug\ZumoBot_Paini.a(Timer_L3.o)
                              .\CortexM3\ARM_GCC_493\Debug\Reflectance.o (Timer_L3_ReadStatusRegister)
.\CortexM3\ARM_GCC_493\Debug\ZumoBot_Paini.a(Timer_R3.o)
                              .\CortexM3\ARM_GCC_493\Debug\Reflectance.o (Timer_R3_ReadStatusRegister)
.\CortexM3\ARM_GCC_493\Debug\ZumoBot_Paini.a(Timer_R1.o)
                              .\CortexM3\ARM_GCC_493\Debug\Reflectance.o (Timer_R1_ReadStatusRegister)
.\CortexM3\ARM_GCC_493\Debug\ZumoBot_Paini.a(R1.o)
                              .\CortexM3\ARM_GCC_493\Debug\Reflectance.o (R1_Write)
.\CortexM3\ARM_GCC_493\Debug\ZumoBot_Paini.a(R3.o)
                              .\CortexM3\ARM_GCC_493\Debug\Reflectance.o (R3_Write)
.\CortexM3\ARM_GCC_493\Debug\ZumoBot_Paini.a(Timer_L1.o)
                              .\CortexM3\ARM_GCC_493\Debug\Reflectance.o (Timer_L1_ReadStatusRegister)
.\CortexM3\ARM_GCC_493\Debug\ZumoBot_Paini.a(L1.o)
                              .\CortexM3\ARM_GCC_493\Debug\Reflectance.o (L1_Write)
.\CortexM3\ARM_GCC_493\Debug\ZumoBot_Paini.a(CyBootAsmGnu.o)
                              .\CortexM3\ARM_GCC_493\Debug\ZumoBot_Paini.a(cyfitter_cfg.o) (CyDelayCycles)
.\CortexM3\ARM_GCC_493\Debug\ZumoBot_Paini.a(CyFlash.o)
                              .\CortexM3\ARM_GCC_493\Debug\ZumoBot_Paini.a(cyPm.o) (CyFlash_SetWaitCycles)
.\CortexM3\ARM_GCC_493\Debug\ZumoBot_Paini.a(CySpc.o)
                              .\CortexM3\ARM_GCC_493\Debug\ZumoBot_Paini.a(CyFlash.o) (CySpcStart)
c:/program files (x86)/cypress/psoc creator/4.0/psoc creator/import/gnu/arm/4.9.3/bin/../lib/gcc/arm-none-eabi/4.9.3/../../../../arm-none-eabi/lib/armv7-m\libm.a(lib_a-w_atan2.o)
                              .\CortexM3\ARM_GCC_493\Debug\Accel.o (atan2)
[...]
Memory Configuration

Name             Origin             Length             Attributes
rom              0x00000000         0x00040000         xr
ram              0x1fff8000         0x00010000         xrw
*default*        0x00000000         0xffffffff

Linker script and memory map

LOAD c:/program files (x86)/cypress/psoc creator/4.0/psoc creator/import/gnu/arm/4.9.3/bin/../lib/gcc/arm-none-eabi/4.9.3/armv7-m/crti.o
LOAD c:/program files (x86)/cypress/psoc creator/4.0/psoc creator/import/gnu/arm/4.9.3/bin/../lib/gcc/arm-none-eabi/4.9.3/armv7-m/crtbegin.o
LOAD c:/program files (x86)/cypress/psoc creator/4.0/psoc creator/import/gnu/arm/4.9.3/bin/../lib/gcc/arm-none-eabi/4.9.3/../../../../arm-none-eabi/lib/armv7-m/crt0.o
START GROUP
LOAD .\CortexM3\ARM_GCC_493\Debug\main.o
LOAD .\CortexM3\ARM_GCC_493\Debug\Accel.o
LOAD .\CortexM3\ARM_GCC_493\Debug\Ambient.o
LOAD .\CortexM3\ARM_GCC_493\Debug\Gyro.o
LOAD .\CortexM3\ARM_GCC_493\Debug\I2C_made.o
LOAD .\CortexM3\ARM_GCC_493\Debug\IR.o
LOAD .\CortexM3\ARM_GCC_493\Debug\Magnet.o
LOAD .\CortexM3\ARM_GCC_493\Debug\Motor.o
LOAD .\CortexM3\ARM_GCC_493\Debug\Nunchuk.o
LOAD .\CortexM3\ARM_GCC_493\Debug\Reflectance.o
LOAD .\CortexM3\ARM_GCC_493\Debug\Ultra.o
LOAD .\CortexM3\ARM_GCC_493\Debug\Beep.o
LOAD .\CortexM3\ARM_GCC_493\Debug\cymetadata.o
LOAD .\CortexM3\ARM_GCC_493\Debug\Cm3Start.o
LOAD .\CortexM3\ARM_GCC_493\Debug\ZumoBot_Paini.a
LOAD C:\Program Files (x86)\Cypress\PSoC Creator\4.0\PSoC Creator\psoc\content\cycomponentlibrary\CyComponentLibrary.cylib\CortexM3\ARM_GCC_493\Debug\CyComponentLibrary.a
LOAD c:/program files (x86)/cypress/psoc creator/4.0/psoc creator/import/gnu/arm/4.9.3/bin/../lib/gcc/arm-none-eabi/4.9.3/../../../../arm-none-eabi/lib/armv7-m\libm.a
END GROUP
START GROUP
LOAD c:/program files (x86)/cypress/psoc creator/4.0/psoc creator/import/gnu/arm/4.9.3/bin/../lib/gcc/arm-none-eabi/4.9.3/armv7-m\libgcc.a
LOAD c:/program files (x86)/cypress/psoc creator/4.0/psoc creator/import/gnu/arm/4.9.3/bin/../lib/gcc/arm-none-eabi/4.9.3/../../../../arm-none-eabi/lib/armv7-m\libg.a
LOAD c:/program files (x86)/cypress/psoc creator/4.0/psoc creator/import/gnu/arm/4.9.3/bin/../lib/gcc/arm-none-eabi/4.9.3/../../../../arm-none-eabi/lib/armv7-m\libc.a
END GROUP
LOAD c:/program files (x86)/cypress/psoc creator/4.0/psoc creator/import/gnu/arm/4.9.3/bin/../lib/gcc/arm-none-eabi/4.9.3/armv7-m/crtend.o
LOAD c:/program files (x86)/cypress/psoc creator/4.0/psoc creator/import/gnu/arm/4.9.3/bin/../lib/gcc/arm-none-eabi/4.9.3/armv7-m/crtn.o
START GROUP
LOAD c:/program files (x86)/cypress/psoc creator/4.0/psoc creator/import/gnu/arm/4.9.3/bin/../lib/gcc/arm-none-eabi/4.9.3/armv7-m\libgcc.a
LOAD c:/program files (x86)/cypress/psoc creator/4.0/psoc creator/import/gnu/arm/4.9.3/bin/../lib/gcc/arm-none-eabi/4.9.3/../../../../arm-none-eabi/lib/armv7-m\libc.a
LOAD c:/program files (x86)/cypress/psoc creator/4.0/psoc creator/import/gnu/arm/4.9.3/bin/../lib/gcc/arm-none-eabi/4.9.3/../../../../arm-none-eabi/lib/armv7-m\libnosys.a
END GROUP
                0x00000000                CY_APPL_ORIGIN = 0x0
                0x00000100                CY_FLASH_ROW_SIZE = 0x100
                0x00000020                CY_ECC_ROW_SIZE = 0x20
                0x00000000                CY_EE_IN_BTLDR = 0x0
                0x00000000                CY_APPL_LOADABLE = 0x0
                0x00000800                CY_EE_SIZE = 0x800
                0x00000001                CY_APPL_NUM = 0x1
                0x00000001                CY_APPL_MAX = 0x1
                0x00000040                CY_METADATA_SIZE = 0x40
                0x00000000                CY_APPL_LOADABLE = 0x0
                0x00000000                CY_CHECKSUM_EXCLUDE_SIZE = ALIGN (0x0, CY_FLASH_ROW_SIZE)
                0x1fff8a38                PROVIDE (__cy_heap_start, _end)
                0x00000001                PROVIDE (__cy_region_num, ((__cy_regions_end - __cy_regions) / 0x10))
                0x20008000                PROVIDE (__cy_stack, (ORIGIN (ram) + 0x10000))
                0x20007800                PROVIDE (__cy_heap_end, (__cy_stack - 0x800))

.cybootloader   0x00000000        0x0
 *(.cybootloader)
                0x00000000                appl1_start = CY_APPL_ORIGIN?CY_APPL_ORIGIN:ALIGN (CY_FLASH_ROW_SIZE)
                0x0001ff00                appl2_start = (appl1_start + ALIGN ((((0x40000 - appl1_start) - (0x2 * CY_FLASH_ROW_SIZE)) / 0x2), CY_FLASH_ROW_SIZE))
                0x00000000                appl_start = (CY_APPL_NUM == 0x1)?appl1_start:appl2_start
                0x00000000                ecc_offset = ((appl_start / CY_FLASH_ROW_SIZE) * CY_ECC_ROW_SIZE)
                0x00000000                ee_offset = (CY_APPL_LOADABLE && ! (CY_EE_IN_BTLDR))?((CY_EE_SIZE / CY_APPL_MAX) * (CY_APPL_NUM - 0x1)):0x0
                0x00000800                ee_size = (CY_APPL_LOADABLE && ! (CY_EE_IN_BTLDR))?(CY_EE_SIZE / CY_APPL_MAX):CY_EE_SIZE
                0x00000000                PROVIDE (CY_ECC_OFFSET, ecc_offset)

.text           0x00000000     0x6830
 CREATE_OBJECT_SYMBOLS
                0x00000000                PROVIDE (__cy_interrupt_vector, RomVectors)
 *(.romvectors)
 .romvectors    0x00000000       0x10 .\CortexM3\ARM_GCC_493\Debug\Cm3Start.o
                0x00000000                RomVectors
                0x00000001                ASSERT ((. != __cy_interrupt_vector), No interrupt vector)
                0x00000001                ASSERT (CY_APPL_ORIGIN?(SIZEOF (.cybootloader) <= CY_APPL_ORIGIN):0x1, Wrong image location)
                0x00000010                PROVIDE (__cy_reset, Reset)
 *(.text.Reset)
 .text.Reset    0x00000010       0x18 .\CortexM3\ARM_GCC_493\Debug\Cm3Start.o
                0x00000010                Reset
                0x00000001                ASSERT ((. != __cy_reset), No reset code)
 *(.dma_init)
                0x00000001                ASSERT ((((appl_start + .) <= 0x10000) || 0x1), DMA Init must be within the first 64k of flash)
 *(.text .text.* .gnu.linkonce.t.*)
 .text          0x00000028       0x5c c:/program files (x86)/cypress/psoc creator/4.0/psoc creator/import/gnu/arm/4.9.3/bin/../lib/gcc/arm-none-eabi/4.9.3/armv7-m/crtbegin.o
 .text.main     0x00000084      0x248 .\CortexM3\ARM_GCC_493\Debug\main.o
                0x00000084                main
 .text._write   0x000002cc       0x2c .\CortexM3\ARM_GCC_493\Debug\main.o
                0x000002cc                _write
 .text._read    0x000002f8       0x38 .\CortexM3\ARM_GCC_493\Debug\main.o
                0x000002f8                _read
 .text.wait_going_down
                0x00000330        0xc .\CortexM3\ARM_GCC_493\Debug\IR.o
                0x00000330                wait_going_down
 .text.motor_start
                0x0000033c        0x8 .\CortexM3\ARM_GCC_493\Debug\Motor.o
                0x0000033c                motor_start
 .text.motor_forward
                0x00000344       0x28 .\CortexM3\ARM_GCC_493\Debug\Motor.o
                0x00000344                motor_forward
 .text.motor_turn
                0x0000036c       0x18 .\CortexM3\ARM_GCC_493\Debug\Motor.o
                0x0000036c                motor_turn
 .text.motor_drive
                0x00000384       0xa4 .\CortexM3\ARM_GCC_493\Debug\Motor.o
                0x00000384                motor_drive
 .text.motor_backward
                0x00000428       0x28 .\CortexM3\ARM_GCC_493\Debug\Motor.o
                0x00000428                motor_backward
 .text.sensor_isr_handler
                0x00000450      0x108 .\CortexM3\ARM_GCC_493\Debug\Reflectance.o
                0x00000450                sensor_isr_handler
 .text.reflectance_start
                0x00000558       0x20 .\CortexM3\ARM_GCC_493\Debug\Reflectance.o
                0x00000558                reflectance_start
 .text.reflectance_read
                0x00000578       0x10 .\CortexM3\ARM_GCC_493\Debug\Reflectance.o
                0x00000578                reflectance_read
 .text.reflectance_digital
                0x00000588       0x6c .\CortexM3\ARM_GCC_493\Debug\Reflectance.o
                0x00000588                reflectance_digital
 .text.IntDefaultHandler
                0x000005f4       0x10 .\CortexM3\ARM_GCC_493\Debug\Cm3Start.o
                0x000005f4                IntDefaultHandler
 .text._sbrk    0x00000604       0x30 .\CortexM3\ARM_GCC_493\Debug\Cm3Start.o
                0x00000604                _sbrk
 .text.Start_c  0x00000634       0x4c .\CortexM3\ARM_GCC_493\Debug\Cm3Start.o
                0x00000634                Start_c
 .text.initialize_psoc
                0x00000680       0x74 .\CortexM3\ARM_GCC_493\Debug\Cm3Start.o
                0x00000680                initialize_psoc
 .text.CyClockStartupError
                0x000006f4        0x4 .\CortexM3\ARM_GCC_493\Debug\ZumoBot_Paini.a(cyfitter_cfg.o)
 .text.cfg_write_bytes32
                0x000006f8       0x34 .\CortexM3\ARM_GCC_493\Debug\ZumoBot_Paini.a(cyfitter_cfg.o)
 .text.CYMEMZERO
                0x0000072c        0xc .\CortexM3\ARM_GCC_493\Debug\ZumoBot_Paini.a(cyfitter_cfg.o)
 .text.ClockSetup
                0x00000738       0xf0 .\CortexM3\ARM_GCC_493\Debug\ZumoBot_Paini.a(cyfitter_cfg.o)
 .text.AnalogSetDefault
                0x00000828       0x80 .\CortexM3\ARM_GCC_493\Debug\ZumoBot_Paini.a(cyfitter_cfg.o)
 .text.CYCONFIGCPY
                0x000008a8        0x8 .\CortexM3\ARM_GCC_493\Debug\ZumoBot_Paini.a(cyfitter_cfg.o)
 .text.cyfitter_cfg
                0x000008b0      0x144 .\CortexM3\ARM_GCC_493\Debug\ZumoBot_Paini.a(cyfitter_cfg.o)
                0x000008b0                cyfitter_cfg
 .text.PWM_Enable
                0x000009f4       0x10 .\CortexM3\ARM_GCC_493\Debug\ZumoBot_Paini.a(PWM.o)
                0x000009f4                PWM_Enable
 .text.PWM_WriteCounter
                0x00000a04        0xc .\CortexM3\ARM_GCC_493\Debug\ZumoBot_Paini.a(PWM.o)
                0x00000a04                PWM_WriteCounter
 .text.PWM_WritePeriod
                0x00000a10        0xc .\CortexM3\ARM_GCC_493\Debug\ZumoBot_Paini.a(PWM.o)
                0x00000a10                PWM_WritePeriod
 .text.PWM_WriteCompare1
                0x00000a1c        0xc .\CortexM3\ARM_GCC_493\Debug\ZumoBot_Paini.a(PWM.o)
                0x00000a1c                PWM_WriteCompare1
 .text.PWM_WriteCompare2
                0x00000a28        0xc .\CortexM3\ARM_GCC_493\Debug\ZumoBot_Paini.a(PWM.o)
                0x00000a28                PWM_WriteCompare2
 .text.PWM_SetInterruptMode
                0x00000a34        0xc .\CortexM3\ARM_GCC_493\Debug\ZumoBot_Paini.a(PWM.o)
                0x00000a34                PWM_SetInterruptMode
 .text.PWM_ReadStatusRegister
                0x00000a40        0xc .\CortexM3\ARM_GCC_493\Debug\ZumoBot_Paini.a(PWM.o)
                0x00000a40                PWM_ReadStatusRegister
 .text.PWM_ReadCapture
                0x00000a4c        0xc .\CortexM3\ARM_GCC_493\Debug\ZumoBot_Paini.a(PWM.o)
                0x00000a4c                PWM_ReadCapture
 .text.PWM_ClearFIFO
                0x00000a58       0x14 .\CortexM3\ARM_GCC_493\Debug\ZumoBot_Paini.a(PWM.o)
                0x00000a58                PWM_ClearFIFO
 .text.PWM_Init
                0x00000a6c       0x58 .\CortexM3\ARM_GCC_493\Debug\ZumoBot_Paini.a(PWM.o)
                0x00000a6c                PWM_Init
 .text.PWM_Start
                0x00000ac4       0x1c .\CortexM3\ARM_GCC_493\Debug\ZumoBot_Paini.a(PWM.o)
                0x00000ac4                PWM_Start
 .text.CyDelay  0x00000ae0       0x2c .\CortexM3\ARM_GCC_493\Debug\ZumoBot_Paini.a(CyLib.o)
                0x00000ae0                CyDelay
 .text.CyDelayUs
                0x00000b0c       0x14 .\CortexM3\ARM_GCC_493\Debug\ZumoBot_Paini.a(CyLib.o)
                0x00000b0c                CyDelayUs
 .text.MotorDirLeft_Write
                0x00000b20       0x18 .\CortexM3\ARM_GCC_493\Debug\ZumoBot_Paini.a(MotorDirLeft.o)
                0x00000b20                MotorDirLeft_Write
 .text.MotorDirRight_Write
                0x00000b38       0x18 .\CortexM3\ARM_GCC_493\Debug\ZumoBot_Paini.a(MotorDirRight.o)
                0x00000b38                MotorDirRight_Write
 .text.IR_led_Write
                0x00000b50       0x18 .\CortexM3\ARM_GCC_493\Debug\ZumoBot_Paini.a(IR_led.o)
                0x00000b50                IR_led_Write
 .text.sensor_isr_SetVector
                0x00000b68        0xc .\CortexM3\ARM_GCC_493\Debug\ZumoBot_Paini.a(sensor_isr.o)
                0x00000b68                sensor_isr_SetVector
 .text.sensor_isr_SetPriority
                0x00000b74       0x10 .\CortexM3\ARM_GCC_493\Debug\ZumoBot_Paini.a(sensor_isr.o)
                0x00000b74                sensor_isr_SetPriority
 .text.sensor_isr_Enable
                0x00000b84        0xc .\CortexM3\ARM_GCC_493\Debug\ZumoBot_Paini.a(sensor_isr.o)
                0x00000b84                sensor_isr_Enable
 .text.sensor_isr_Disable
                0x00000b90        0xc .\CortexM3\ARM_GCC_493\Debug\ZumoBot_Paini.a(sensor_isr.o)
                0x00000b90                sensor_isr_Disable
 .text.sensor_isr_StartEx
                0x00000b9c       0x1c .\CortexM3\ARM_GCC_493\Debug\ZumoBot_Paini.a(sensor_isr.o)
                0x00000b9c                sensor_isr_StartEx
 .text.UART_1_Init
                0x00000bb8       0x28 .\CortexM3\ARM_GCC_493\Debug\ZumoBot_Paini.a(UART_1.o)
                0x00000bb8                UART_1_Init
 .text.UART_1_Enable
                0x00000be0       0x38 .\CortexM3\ARM_GCC_493\Debug\ZumoBot_Paini.a(UART_1.o)
                0x00000be0                UART_1_Enable
 .text.UART_1_Start
                0x00000c18       0x1c .\CortexM3\ARM_GCC_493\Debug\ZumoBot_Paini.a(UART_1.o)
                0x00000c18                UART_1_Start
 .text.UART_1_GetChar
                0x00000c34       0x2c .\CortexM3\ARM_GCC_493\Debug\ZumoBot_Paini.a(UART_1.o)
                0x00000c34                UART_1_GetChar
 .text.UART_1_PutChar
                0x00000c60       0x18 .\CortexM3\ARM_GCC_493\Debug\ZumoBot_Paini.a(UART_1.o)
                0x00000c60                UART_1_PutChar
 .text.IR_receiver_Read
                0x00000c78        0xc .\CortexM3\ARM_GCC_493\Debug\ZumoBot_Paini.a(IR_receiver.o)
                0x00000c78                IR_receiver_Read
 .text.UART_1_IntClock_Start
                0x00000c84       0x1c .\CortexM3\ARM_GCC_493\Debug\ZumoBot_Paini.a(UART_1_IntClock.o)
                0x00000c84                UART_1_IntClock_Start
 .text.L3_Write
                0x00000ca0       0x18 .\CortexM3\ARM_GCC_493\Debug\ZumoBot_Paini.a(L3.o)
                0x00000ca0                L3_Write
 .text.L3_SetDriveMode
                0x00000cb8       0x18 .\CortexM3\ARM_GCC_493\Debug\ZumoBot_Paini.a(L3.o)
                0x00000cb8                L3_SetDriveMode
 .text.Timer_L3_Enable
                0x00000cd0       0x28 .\CortexM3\ARM_GCC_493\Debug\ZumoBot_Paini.a(Timer_L3.o)
                0x00000cd0                Timer_L3_Enable
 .text.Timer_L3_SetInterruptMode
                0x00000cf8        0xc .\CortexM3\ARM_GCC_493\Debug\ZumoBot_Paini.a(Timer_L3.o)
                0x00000cf8                Timer_L3_SetInterruptMode
 .text.Timer_L3_ReadStatusRegister
                0x00000d04        0xc .\CortexM3\ARM_GCC_493\Debug\ZumoBot_Paini.a(Timer_L3.o)
                0x00000d04                Timer_L3_ReadStatusRegister
 .text.Timer_L3_ReadPeriod
                0x00000d10        0xc .\CortexM3\ARM_GCC_493\Debug\ZumoBot_Paini.a(Timer_L3.o)
                0x00000d10                Timer_L3_ReadPeriod
 .text.Timer_L3_WritePeriod
                0x00000d1c        0xc .\CortexM3\ARM_GCC_493\Debug\ZumoBot_Paini.a(Timer_L3.o)
                0x00000d1c                Timer_L3_WritePeriod
 .text.Timer_L3_ReadCapture
                0x00000d28        0xc .\CortexM3\ARM_GCC_493\Debug\ZumoBot_Paini.a(Timer_L3.o)
                0x00000d28                Timer_L3_ReadCapture
 .text.Timer_L3_WriteCounter
                0x00000d34        0xc .\CortexM3\ARM_GCC_493\Debug\ZumoBot_Paini.a(Timer_L3.o)
                0x00000d34                Timer_L3_WriteCounter
 .text.Timer_L3_Init
                0x00000d40       0x68 .\CortexM3\ARM_GCC_493\Debug\ZumoBot_Paini.a(Timer_L3.o)
                0x00000d40                Timer_L3_Init
 .text.Timer_L3_Start
                0x00000da8       0x1c .\CortexM3\ARM_GCC_493\Debug\ZumoBot_Paini.a(Timer_L3.o)
                0x00000da8                Timer_L3_Start
 .text.Timer_R3_Enable
                0x00000dc4       0x28 .\CortexM3\ARM_GCC_493\Debug\ZumoBot_Paini.a(Timer_R3.o)
                0x00000dc4                Timer_R3_Enable
 .text.Timer_R3_SetInterruptMode
                0x00000dec        0xc .\CortexM3\ARM_GCC_493\Debug\ZumoBot_Paini.a(Timer_R3.o)
                0x00000dec                Timer_R3_SetInterruptMode
 .text.Timer_R3_ReadStatusRegister
                0x00000df8        0xc .\CortexM3\ARM_GCC_493\Debug\ZumoBot_Paini.a(Timer_R3.o)
                0x00000df8                Timer_R3_ReadStatusRegister
 .text.Timer_R3_ReadPeriod
                0x00000e04        0xc .\CortexM3\ARM_GCC_493\Debug\ZumoBot_Paini.a(Timer_R3.o)
                0x00000e04                Timer_R3_ReadPeriod
 .text.Timer_R3_WritePeriod
                0x00000e10        0xc .\CortexM3\ARM_GCC_493\Debug\ZumoBot_Paini.a(Timer_R3.o)
                0x00000e10                Timer_R3_WritePeriod
 .text.Timer_R3_ReadCapture
                0x00000e1c        0xc .\CortexM3\ARM_GCC_493\Debug\ZumoBot_Paini.a(Timer_R3.o)
                0x00000e1c                Timer_R3_ReadCapture
 .text.Timer_R3_WriteCounter
                0x00000e28        0xc .\CortexM3\ARM_GCC_493\Debug\ZumoBot_Paini.a(Timer_R3.o)
                0x00000e28                Timer_R3_WriteCounter
 .text.Timer_R3_Init
                0x00000e34       0x68 .\CortexM3\ARM_GCC_493\Debug\ZumoBot_Paini.a(Timer_R3.o)
                0x00000e34                Timer_R3_Init
 .text.Timer_R3_Start
                0x00000e9c       0x1c .\CortexM3\ARM_GCC_493\Debug\ZumoBot_Paini.a(Timer_R3.o)
                0x00000e9c                Timer_R3_Start
 .text.Timer_R1_Enable
                0x00000eb8       0x28 .\CortexM3\ARM_GCC_493\Debug\ZumoBot_Paini.a(Timer_R1.o)
                0x00000eb8                Timer_R1_Enable
 .text.Timer_R1_SetInterruptMode
                0x00000ee0        0xc .\CortexM3\ARM_GCC_493\Debug\ZumoBot_Paini.a(Timer_R1.o)
                0x00000ee0                Timer_R1_SetInterruptMode
 .text.Timer_R1_ReadStatusRegister
                0x00000eec        0xc .\CortexM3\ARM_GCC_493\Debug\ZumoBot_Paini.a(Timer_R1.o)
                0x00000eec                Timer_R1_ReadStatusRegister
 .text.Timer_R1_ReadPeriod
                0x00000ef8        0xc .\CortexM3\ARM_GCC_493\Debug\ZumoBot_Paini.a(Timer_R1.o)
                0x00000ef8                Timer_R1_ReadPeriod
 .text.Timer_R1_WritePeriod
                0x00000f04        0xc .\CortexM3\ARM_GCC_493\Debug\ZumoBot_Paini.a(Timer_R1.o)
                0x00000f04                Timer_R1_WritePeriod
 .text.Timer_R1_ReadCapture
                0x00000f10        0xc .\CortexM3\ARM_GCC_493\Debug\ZumoBot_Paini.a(Timer_R1.o)
                0x00000f10                Timer_R1_ReadCapture
 .text.Timer_R1_WriteCounter
                0x00000f1c        0xc .\CortexM3\ARM_GCC_493\Debug\ZumoBot_Paini.a(Timer_R1.o)
                0x00000f1c                Timer_R1_WriteCounter
 .text.Timer_R1_Init
                0x00000f28       0x68 .\CortexM3\ARM_GCC_493\Debug\ZumoBot_Paini.a(Timer_R1.o)
                0x00000f28                Timer_R1_Init
 .text.Timer_R1_Start
                0x00000f90       0x1c .\CortexM3\ARM_GCC_493\Debug\ZumoBot_Paini.a(Timer_R1.o)
                0x00000f90                Timer_R1_Start
 .text.R1_Write
                0x00000fac       0x18 .\CortexM3\ARM_GCC_493\Debug\ZumoBot_Paini.a(R1.o)
                0x00000fac                R1_Write
 .text.R1_SetDriveMode
                0x00000fc4       0x18 .\CortexM3\ARM_GCC_493\Debug\ZumoBot_Paini.a(R1.o)
                0x00000fc4                R1_SetDriveMode
 .text.R3_Write
                0x00000fdc       0x18 .\CortexM3\ARM_GCC_493\Debug\ZumoBot_Paini.a(R3.o)
                0x00000fdc                R3_Write
 .text.R3_SetDriveMode
                0x00000ff4       0x18 .\CortexM3\ARM_GCC_493\Debug\ZumoBot_Paini.a(R3.o)
                0x00000ff4                R3_SetDriveMode
 .text.Timer_L1_Enable
                0x0000100c       0x28 .\CortexM3\ARM_GCC_493\Debug\ZumoBot_Paini.a(Timer_L1.o)
                0x0000100c                Timer_L1_Enable
 .text.Timer_L1_SetInterruptMode
                0x00001034        0xc .\CortexM3\ARM_GCC_493\Debug\ZumoBot_Paini.a(Timer_L1.o)
                0x00001034                Timer_L1_SetInterruptMode
 .text.Timer_L1_ReadStatusRegister
                0x00001040        0xc .\CortexM3\ARM_GCC_493\Debug\ZumoBot_Paini.a(Timer_L1.o)
                0x00001040                Timer_L1_ReadStatusRegister
 .text.Timer_L1_ReadPeriod
                0x0000104c        0xc .\CortexM3\ARM_GCC_493\Debug\ZumoBot_Paini.a(Timer_L1.o)
                0x0000104c                Timer_L1_ReadPeriod
 .text.Timer_L1_WritePeriod
                0x00001058        0xc .\CortexM3\ARM_GCC_493\Debug\ZumoBot_Paini.a(Timer_L1.o)
                0x00001058                Timer_L1_WritePeriod
 .text.Timer_L1_ReadCapture
                0x00001064        0xc .\CortexM3\ARM_GCC_493\Debug\ZumoBot_Paini.a(Timer_L1.o)
                0x00001064                Timer_L1_ReadCapture
 .text.Timer_L1_WriteCounter
                0x00001070        0xc .\CortexM3\ARM_GCC_493\Debug\ZumoBot_Paini.a(Timer_L1.o)
                0x00001070                Timer_L1_WriteCounter
 .text.Timer_L1_Init
                0x0000107c       0x68 .\CortexM3\ARM_GCC_493\Debug\ZumoBot_Paini.a(Timer_L1.o)
                0x0000107c                Timer_L1_Init
 .text.Timer_L1_Start
                0x000010e4       0x1c .\CortexM3\ARM_GCC_493\Debug\ZumoBot_Paini.a(Timer_L1.o)
                0x000010e4                Timer_L1_Start
 .text.L1_Write
                0x00001100       0x18 .\CortexM3\ARM_GCC_493\Debug\ZumoBot_Paini.a(L1.o)
                0x00001100                L1_Write
 .text.L1_SetDriveMode
                0x00001118       0x18 .\CortexM3\ARM_GCC_493\Debug\ZumoBot_Paini.a(L1.o)
                0x00001118                L1_SetDriveMode
 .text          0x00001130       0x20 .\CortexM3\ARM_GCC_493\Debug\ZumoBot_Paini.a(CyBootAsmGnu.o)
                0x00001130                CyDelayCycles
                0x00001140                CyEnterCriticalSection
                0x00001148                CyExitCriticalSection
 .text.__fpclassifyd
                0x00001150       0x58 c:/program files (x86)/cypress/psoc creator/4.0/psoc creator/import/gnu/arm/4.9.3/bin/../lib/gcc/arm-none-eabi/4.9.3/../../../../arm-none-eabi/lib/armv7-m\libm.a(lib_a-s_fpclassify.o)
                0x00001150                __fpclassifyd
 .text          0x000011a8      0x370 c:/program files (x86)/cypress/psoc creator/4.0/psoc creator/import/gnu/arm/4.9.3/bin/../lib/gcc/arm-none-eabi/4.9.3/armv7-m\libgcc.a(_arm_addsubdf3.o)
                0x000011a8                __aeabi_drsub
                0x000011b0                __aeabi_dsub
                0x000011b0                __subdf3
                0x000011b4                __aeabi_dadd
                0x000011b4                __adddf3
                0x0000142c                __floatunsidf
                0x0000142c                __aeabi_ui2d
                0x0000144c                __floatsidf
                0x0000144c                __aeabi_i2d
                0x00001470                __aeabi_f2d
                0x00001470                __extendsfdf2
                0x000014ac                __floatundidf
                0x000014ac                __aeabi_ul2d
                0x000014bc                __floatdidf
                0x000014bc                __aeabi_l2d
 .text          0x00001518      0x424 c:/program files (x86)/cypress/psoc creator/4.0/psoc creator/import/gnu/arm/4.9.3/bin/../lib/gcc/arm-none-eabi/4.9.3/armv7-m\libgcc.a(_arm_muldivdf3.o)
                0x00001518                __aeabi_dmul
                0x00001518                __muldf3
                0x0000176c                __divdf3
                0x0000176c                __aeabi_ddiv
 .text          0x0000193c      0x110 c:/program files (x86)/cypress/psoc creator/4.0/psoc creator/import/gnu/arm/4.9.3/bin/../lib/gcc/arm-none-eabi/4.9.3/armv7-m\libgcc.a(_arm_cmpdf2.o)
                0x0000193c                __gtdf2
                0x0000193c                __gedf2
                0x00001944                __ltdf2
                0x00001944                __ledf2
                0x0000194c                __nedf2
                0x0000194c                __eqdf2
                0x0000194c                __cmpdf2
                0x000019c8                __aeabi_cdrcmple
                0x000019d8                __aeabi_cdcmpeq
                0x000019d8                __aeabi_cdcmple
                0x000019e8                __aeabi_dcmpeq
                0x000019fc                __aeabi_dcmplt
                0x00001a10                __aeabi_dcmple
                0x00001a24                __aeabi_dcmpge
                0x00001a38                __aeabi_dcmpgt
 .text.__errno  0x00001a4c        0xc c:/program files (x86)/cypress/psoc creator/4.0/psoc creator/import/gnu/arm/4.9.3/bin/../lib/gcc/arm-none-eabi/4.9.3/../../../../arm-none-eabi/lib/armv7-m\libg.a(lib_a-errno.o)
                0x00001a4c                __errno
 .text.__libc_init_array
                0x00001a58       0x50 c:/program files (x86)/cypress/psoc creator/4.0/psoc creator/import/gnu/arm/4.9.3/bin/../lib/gcc/arm-none-eabi/4.9.3/../../../../arm-none-eabi/lib/armv7-m\libg.a(lib_a-init.o)
                0x00001a58                __libc_init_array
 .text          0x00001aa8       0xec c:/program files (x86)/cypress/psoc creator/4.0/psoc creator/import/gnu/arm/4.9.3/bin/../lib/gcc/arm-none-eabi/4.9.3/../../../../arm-none-eabi/lib/armv7-m\libg.a(lib_a-memcpy.o)
                0x00001aa8                memcpy
 .text.memset   0x00001b94       0x9c c:/program files (x86)/cypress/psoc creator/4.0/psoc creator/import/gnu/arm/4.9.3/bin/../lib/gcc/arm-none-eabi/4.9.3/../../../../arm-none-eabi/lib/armv7-m\libg.a(lib_a-memset.o)
                0x00001b94                memset
 .text.printf   0x00001c30       0x28 c:/program files (x86)/cypress/psoc creator/4.0/psoc creator/import/gnu/arm/4.9.3/bin/../lib/gcc/arm-none-eabi/4.9.3/../../../../arm-none-eabi/lib/armv7-m\libg.a(lib_a-printf.o)
                0x00001c30                printf
 .text._puts_r  0x00001c58       0x60 c:/program files (x86)/cypress/psoc creator/4.0/psoc creator/import/gnu/arm/4.9.3/bin/../lib/gcc/arm-none-eabi/4.9.3/../../../../arm-none-eabi/lib/armv7-m\libg.a(lib_a-puts.o)
                0x00001c58                _puts_r
 .text.puts     0x00001cb8       0x10 c:/program files (x86)/cypress/psoc creator/4.0/psoc creator/import/gnu/arm/4.9.3/bin/../lib/gcc/arm-none-eabi/4.9.3/../../../../arm-none-eabi/lib/armv7-m\libg.a(lib_a-puts.o)
                0x00001cb8                puts
 .text.strlen   0x00001cc8       0x5c c:/program files (x86)/cypress/psoc creator/4.0/psoc creator/import/gnu/arm/4.9.3/bin/../lib/gcc/arm-none-eabi/4.9.3/../../../../arm-none-eabi/lib/armv7-m\libg.a(lib_a-strlen.o)
                0x00001cc8                strlen
 .text._vfprintf_r
                0x00001d24     0x1448 c:/program files (x86)/cypress/psoc creator/4.0/psoc creator/import/gnu/arm/4.9.3/bin/../lib/gcc/arm-none-eabi/4.9.3/../../../../arm-none-eabi/lib/armv7-m\libg.a(lib_a-vfprintf.o)
                0x00001d24                _vfprintf_r
 .text.__sbprintf
                0x0000316c       0x7c c:/program files (x86)/cypress/psoc creator/4.0/psoc creator/import/gnu/arm/4.9.3/bin/../lib/gcc/arm-none-eabi/4.9.3/../../../../arm-none-eabi/lib/armv7-m\libg.a(lib_a-vfprintf.o)
 .text.__swsetup_r
                0x000031e8       0xc4 c:/program files (x86)/cypress/psoc creator/4.0/psoc creator/import/gnu/arm/4.9.3/bin/../lib/gcc/arm-none-eabi/4.9.3/../../../../arm-none-eabi/lib/armv7-m\libg.a(lib_a-wsetup.o)
                0x000031e8                __swsetup_r
 .text.startup.register_fini
                0x000032ac       0x14 c:/program files (x86)/cypress/psoc creator/4.0/psoc creator/import/gnu/arm/4.9.3/bin/../lib/gcc/arm-none-eabi/4.9.3/../../../../arm-none-eabi/lib/armv7-m\libg.a(lib_a-__call_atexit.o)
 .text.atexit   0x000032c0        0xc c:/program files (x86)/cypress/psoc creator/4.0/psoc creator/import/gnu/arm/4.9.3/bin/../lib/gcc/arm-none-eabi/4.9.3/../../../../arm-none-eabi/lib/armv7-m\libg.a(lib_a-atexit.o)
                0x000032c0                atexit
 .text.quorem   0x000032cc      0x130 c:/program files (x86)/cypress/psoc creator/4.0/psoc creator/import/gnu/arm/4.9.3/bin/../lib/gcc/arm-none-eabi/4.9.3/../../../../arm-none-eabi/lib/armv7-m\libg.a(lib_a-dtoa.o)
 *fill*         0x000033fc        0x4 
 .text._dtoa_r  0x00003400      0xea8 c:/program files (x86)/cypress/psoc creator/4.0/psoc creator/import/gnu/arm/4.9.3/bin/../lib/gcc/arm-none-eabi/4.9.3/../../../../arm-none-eabi/lib/armv7-m\libg.a(lib_a-dtoa.o)
                0x00003400                _dtoa_r
 .text.__sflush_r
                0x000042a8      0x148 c:/program files (x86)/cypress/psoc creator/4.0/psoc creator/import/gnu/arm/4.9.3/bin/../lib/gcc/arm-none-eabi/4.9.3/../../../../arm-none-eabi/lib/armv7-m\libg.a(lib_a-fflush.o)
                0x000042a8                __sflush_r
 .text._fflush_r
                0x000043f0       0x2c c:/program files (x86)/cypress/psoc creator/4.0/psoc creator/import/gnu/arm/4.9.3/bin/../lib/gcc/arm-none-eabi/4.9.3/../../../../arm-none-eabi/lib/armv7-m\libg.a(lib_a-fflush.o)
                0x000043f0                _fflush_r
 .text._cleanup_r
                0x0000441c        0xc c:/program files (x86)/cypress/psoc creator/4.0/psoc creator/import/gnu/arm/4.9.3/bin/../lib/gcc/arm-none-eabi/4.9.3/../../../../arm-none-eabi/lib/armv7-m\libg.a(lib_a-findfp.o)
                0x0000441c                _cleanup_r
 .text.__sinit.part.1
                0x00004428       0xf0 c:/program files (x86)/cypress/psoc creator/4.0/psoc creator/import/gnu/arm/4.9.3/bin/../lib/gcc/arm-none-eabi/4.9.3/../../../../arm-none-eabi/lib/armv7-m\libg.a(lib_a-findfp.o)
 .text.__sinit  0x00004518        0xc c:/program files (x86)/cypress/psoc creator/4.0/psoc creator/import/gnu/arm/4.9.3/bin/../lib/gcc/arm-none-eabi/4.9.3/../../../../arm-none-eabi/lib/armv7-m\libg.a(lib_a-findfp.o)
                0x00004518                __sinit
 .text.__sfp_lock_acquire
                0x00004524        0x4 c:/program files (x86)/cypress/psoc creator/4.0/psoc creator/import/gnu/arm/4.9.3/bin/../lib/gcc/arm-none-eabi/4.9.3/../../../../arm-none-eabi/lib/armv7-m\libg.a(lib_a-findfp.o)
                0x00004524                __sfp_lock_acquire
 .text.__sfp_lock_release
                0x00004528        0x4 c:/program files (x86)/cypress/psoc creator/4.0/psoc creator/import/gnu/arm/4.9.3/bin/../lib/gcc/arm-none-eabi/4.9.3/../../../../arm-none-eabi/lib/armv7-m\libg.a(lib_a-findfp.o)
                0x00004528                __sfp_lock_release
 .text.__libc_fini_array
                0x0000452c       0x2c c:/program files (x86)/cypress/psoc creator/4.0/psoc creator/import/gnu/arm/4.9.3/bin/../lib/gcc/arm-none-eabi/4.9.3/../../../../arm-none-eabi/lib/armv7-m\libg.a(lib_a-fini.o)
                0x0000452c                __libc_fini_array
 .text._malloc_trim_r
                0x00004558       0x9c c:/program files (x86)/cypress/psoc creator/4.0/psoc creator/import/gnu/arm/4.9.3/bin/../lib/gcc/arm-none-eabi/4.9.3/../../../../arm-none-eabi/lib/armv7-m\libg.a(lib_a-freer.o)
                0x00004558                _malloc_trim_r
 .text._free_r  0x000045f4      0x1b0 c:/program files (x86)/cypress/psoc creator/4.0/psoc creator/import/gnu/arm/4.9.3/bin/../lib/gcc/arm-none-eabi/4.9.3/../../../../arm-none-eabi/lib/armv7-m\libg.a(lib_a-freer.o)
                0x000045f4                _free_r
 .text.__sfvwrite_r
                0x000047a4      0x320 c:/program files (x86)/cypress/psoc creator/4.0/psoc creator/import/gnu/arm/4.9.3/bin/../lib/gcc/arm-none-eabi/4.9.3/../../../../arm-none-eabi/lib/armv7-m\libg.a(lib_a-fvwrite.o)
                0x000047a4                __sfvwrite_r
 .text._fwalk_reent
                0x00004ac4       0x50 c:/program files (x86)/cypress/psoc creator/4.0/psoc creator/import/gnu/arm/4.9.3/bin/../lib/gcc/arm-none-eabi/4.9.3/../../../../arm-none-eabi/lib/armv7-m\libg.a(lib_a-fwalk.o)
                0x00004ac4                _fwalk_reent
 .text.__locale_charset
                0x00004b14        0x8 c:/program files (x86)/cypress/psoc creator/4.0/psoc creator/import/gnu/arm/4.9.3/bin/../lib/gcc/arm-none-eabi/4.9.3/../../../../arm-none-eabi/lib/armv7-m\libg.a(lib_a-locale.o)
                0x00004b14                __locale_charset
 .text.__locale_mb_cur_max
                0x00004b1c        0xc c:/program files (x86)/cypress/psoc creator/4.0/psoc creator/import/gnu/arm/4.9.3/bin/../lib/gcc/arm-none-eabi/4.9.3/../../../../arm-none-eabi/lib/armv7-m\libg.a(lib_a-locale.o)
                0x00004b1c                __locale_mb_cur_max
 .text._localeconv_r
                0x00004b28        0x8 c:/program files (x86)/cypress/psoc creator/4.0/psoc creator/import/gnu/arm/4.9.3/bin/../lib/gcc/arm-none-eabi/4.9.3/../../../../arm-none-eabi/lib/armv7-m\libg.a(lib_a-locale.o)
                0x00004b28                _localeconv_r
 .text.__smakebuf_r
                0x00004b30       0xe0 c:/program files (x86)/cypress/psoc creator/4.0/psoc creator/import/gnu/arm/4.9.3/bin/../lib/gcc/arm-none-eabi/4.9.3/../../../../arm-none-eabi/lib/armv7-m\libg.a(lib_a-makebuf.o)
                0x00004b30                __smakebuf_r
 .text._malloc_r
                0x00004c10      0x50c c:/program files (x86)/cypress/psoc creator/4.0/psoc creator/import/gnu/arm/4.9.3/bin/../lib/gcc/arm-none-eabi/4.9.3/../../../../arm-none-eabi/lib/armv7-m\libg.a(lib_a-mallocr.o)
                0x00004c10                _malloc_r
 .text.memchr   0x0000511c       0x94 c:/program files (x86)/cypress/psoc creator/4.0/psoc creator/import/gnu/arm/4.9.3/bin/../lib/gcc/arm-none-eabi/4.9.3/../../../../arm-none-eabi/lib/armv7-m\libg.a(lib_a-memchr.o)
                0x0000511c                memchr
 .text.memmove  0x000051b0       0xc8 c:/program files (x86)/cypress/psoc creator/4.0/psoc creator/import/gnu/arm/4.9.3/bin/../lib/gcc/arm-none-eabi/4.9.3/../../../../arm-none-eabi/lib/armv7-m\libg.a(lib_a-memmove.o)
                0x000051b0                memmove
 .text.__malloc_lock
                0x00005278        0x4 c:/program files (x86)/cypress/psoc creator/4.0/psoc creator/import/gnu/arm/4.9.3/bin/../lib/gcc/arm-none-eabi/4.9.3/../../../../arm-none-eabi/lib/armv7-m\libg.a(lib_a-mlock.o)
                0x00005278                __malloc_lock
 .text.__malloc_unlock
                0x0000527c        0x4 c:/program files (x86)/cypress/psoc creator/4.0/psoc creator/import/gnu/arm/4.9.3/bin/../lib/gcc/arm-none-eabi/4.9.3/../../../../arm-none-eabi/lib/armv7-m\libg.a(lib_a-mlock.o)
                0x0000527c                __malloc_unlock
 .text._Balloc  0x00005280       0x50 c:/program files (x86)/cypress/psoc creator/4.0/psoc creator/import/gnu/arm/4.9.3/bin/../lib/gcc/arm-none-eabi/4.9.3/../../../../arm-none-eabi/lib/armv7-m\libg.a(lib_a-mprec.o)
                0x00005280                _Balloc
 .text._Bfree   0x000052d0       0x14 c:/program files (x86)/cypress/psoc creator/4.0/psoc creator/import/gnu/arm/4.9.3/bin/../lib/gcc/arm-none-eabi/4.9.3/../../../../arm-none-eabi/lib/armv7-m\libg.a(lib_a-mprec.o)
                0x000052d0                _Bfree
 .text.__multadd
                0x000052e4       0x84 c:/program files (x86)/cypress/psoc creator/4.0/psoc creator/import/gnu/arm/4.9.3/bin/../lib/gcc/arm-none-eabi/4.9.3/../../../../arm-none-eabi/lib/armv7-m\libg.a(lib_a-mprec.o)
                0x000052e4                __multadd
 .text.__hi0bits
                0x00005368       0x40 c:/program files (x86)/cypress/psoc creator/4.0/psoc creator/import/gnu/arm/4.9.3/bin/../lib/gcc/arm-none-eabi/4.9.3/../../../../arm-none-eabi/lib/armv7-m\libg.a(lib_a-mprec.o)
                0x00005368                __hi0bits
 .text.__lo0bits
                0x000053a8       0x5c c:/program files (x86)/cypress/psoc creator/4.0/psoc creator/import/gnu/arm/4.9.3/bin/../lib/gcc/arm-none-eabi/4.9.3/../../../../arm-none-eabi/lib/armv7-m\libg.a(lib_a-mprec.o)
                0x000053a8                __lo0bits
 .text.__i2b    0x00005404       0x14 c:/program files (x86)/cypress/psoc creator/4.0/psoc creator/import/gnu/arm/4.9.3/bin/../lib/gcc/arm-none-eabi/4.9.3/../../../../arm-none-eabi/lib/armv7-m\libg.a(lib_a-mprec.o)
                0x00005404                __i2b
 .text.__multiply
                0x00005418      0x140 c:/program files (x86)/cypress/psoc creator/4.0/psoc creator/import/gnu/arm/4.9.3/bin/../lib/gcc/arm-none-eabi/4.9.3/../../../../arm-none-eabi/lib/armv7-m\libg.a(lib_a-mprec.o)
                0x00005418                __multiply
 .text.__pow5mult
                0x00005558       0xa0 c:/program files (x86)/cypress/psoc creator/4.0/psoc creator/import/gnu/arm/4.9.3/bin/../lib/gcc/arm-none-eabi/4.9.3/../../../../arm-none-eabi/lib/armv7-m\libg.a(lib_a-mprec.o)
                0x00005558                __pow5mult
 .text.__lshift
                0x000055f8       0xb0 c:/program files (x86)/cypress/psoc creator/4.0/psoc creator/import/gnu/arm/4.9.3/bin/../lib/gcc/arm-none-eabi/4.9.3/../../../../arm-none-eabi/lib/armv7-m\libg.a(lib_a-mprec.o)
                0x000055f8                __lshift
 .text.__mcmp   0x000056a8       0x48 c:/program files (x86)/cypress/psoc creator/4.0/psoc creator/import/gnu/arm/4.9.3/bin/../lib/gcc/arm-none-eabi/4.9.3/../../../../arm-none-eabi/lib/armv7-m\libg.a(lib_a-mprec.o)
                0x000056a8                __mcmp
 .text.__mdiff  0x000056f0       0xe4 c:/program files (x86)/cypress/psoc creator/4.0/psoc creator/import/gnu/arm/4.9.3/bin/../lib/gcc/arm-none-eabi/4.9.3/../../../../arm-none-eabi/lib/armv7-m\libg.a(lib_a-mprec.o)
                0x000056f0                __mdiff
 .text.__d2b    0x000057d4       0xa8 c:/program files (x86)/cypress/psoc creator/4.0/psoc creator/import/gnu/arm/4.9.3/bin/../lib/gcc/arm-none-eabi/4.9.3/../../../../arm-none-eabi/lib/armv7-m\libg.a(lib_a-mprec.o)
                0x000057d4                __d2b
 .text._realloc_r
                0x0000587c      0x3e0 c:/program files (x86)/cypress/psoc creator/4.0/psoc creator/import/gnu/arm/4.9.3/bin/../lib/gcc/arm-none-eabi/4.9.3/../../../../arm-none-eabi/lib/armv7-m\libg.a(lib_a-reallocr.o)
                0x0000587c                _realloc_r
 .text._sbrk_r  0x00005c5c       0x24 c:/program files (x86)/cypress/psoc creator/4.0/psoc creator/import/gnu/arm/4.9.3/bin/../lib/gcc/arm-none-eabi/4.9.3/../../../../arm-none-eabi/lib/armv7-m\libg.a(lib_a-sbrkr.o)
                0x00005c5c                _sbrk_r
 .text.__sread  0x00005c80       0x24 c:/program files (x86)/cypress/psoc creator/4.0/psoc creator/import/gnu/arm/4.9.3/bin/../lib/gcc/arm-none-eabi/4.9.3/../../../../arm-none-eabi/lib/armv7-m\libg.a(lib_a-stdio.o)
                0x00005c80                __sread
 .text.__swrite
                0x00005ca4       0x38 c:/program files (x86)/cypress/psoc creator/4.0/psoc creator/import/gnu/arm/4.9.3/bin/../lib/gcc/arm-none-eabi/4.9.3/../../../../arm-none-eabi/lib/armv7-m\libg.a(lib_a-stdio.o)
                0x00005ca4                __swrite
 .text.__sseek  0x00005cdc       0x20 c:/program files (x86)/cypress/psoc creator/4.0/psoc creator/import/gnu/arm/4.9.3/bin/../lib/gcc/arm-none-eabi/4.9.3/../../../../arm-none-eabi/lib/armv7-m\libg.a(lib_a-stdio.o)
                0x00005cdc                __sseek
 .text.__sclose
                0x00005cfc        0x8 c:/program files (x86)/cypress/psoc creator/4.0/psoc creator/import/gnu/arm/4.9.3/bin/../lib/gcc/arm-none-eabi/4.9.3/../../../../arm-none-eabi/lib/armv7-m\libg.a(lib_a-stdio.o)
                0x00005cfc                __sclose
 .text.__sprint_r.part.0
                0x00005d04       0x78 c:/program files (x86)/cypress/psoc creator/4.0/psoc creator/import/gnu/arm/4.9.3/bin/../lib/gcc/arm-none-eabi/4.9.3/../../../../arm-none-eabi/lib/armv7-m\libg.a(lib_a-vfiprintf.o)
 .text.__sprint_r
                0x00005d7c       0x18 c:/program files (x86)/cypress/psoc creator/4.0/psoc creator/import/gnu/arm/4.9.3/bin/../lib/gcc/arm-none-eabi/4.9.3/../../../../arm-none-eabi/lib/armv7-m\libg.a(lib_a-vfiprintf.o)
                0x00005d7c                __sprint_r
 .text._write_r
                0x00005d94       0x28 c:/program files (x86)/cypress/psoc creator/4.0/psoc creator/import/gnu/arm/4.9.3/bin/../lib/gcc/arm-none-eabi/4.9.3/../../../../arm-none-eabi/lib/armv7-m\libg.a(lib_a-writer.o)
                0x00005d94                _write_r
 .text.__register_exitproc
                0x00005dbc       0xa4 c:/program files (x86)/cypress/psoc creator/4.0/psoc creator/import/gnu/arm/4.9.3/bin/../lib/gcc/arm-none-eabi/4.9.3/../../../../arm-none-eabi/lib/armv7-m\libg.a(lib_a-__atexit.o)
                0x00005dbc                __register_exitproc
 .text._calloc_r
                0x00005e60       0x60 c:/program files (x86)/cypress/psoc creator/4.0/psoc creator/import/gnu/arm/4.9.3/bin/../lib/gcc/arm-none-eabi/4.9.3/../../../../arm-none-eabi/lib/armv7-m\libg.a(lib_a-callocr.o)
                0x00005e60                _calloc_r
 .text._close_r
                0x00005ec0       0x24 c:/program files (x86)/cypress/psoc creator/4.0/psoc creator/import/gnu/arm/4.9.3/bin/../lib/gcc/arm-none-eabi/4.9.3/../../../../arm-none-eabi/lib/armv7-m\libg.a(lib_a-closer.o)
                0x00005ec0                _close_r
 .text._fclose_r
                0x00005ee4       0x84 c:/program files (x86)/cypress/psoc creator/4.0/psoc creator/import/gnu/arm/4.9.3/bin/../lib/gcc/arm-none-eabi/4.9.3/../../../../arm-none-eabi/lib/armv7-m\libg.a(lib_a-fclose.o)
                0x00005ee4                _fclose_r
 .text.__fputwc
                0x00005f68       0xb0 c:/program files (x86)/cypress/psoc creator/4.0/psoc creator/import/gnu/arm/4.9.3/bin/../lib/gcc/arm-none-eabi/4.9.3/../../../../arm-none-eabi/lib/armv7-m\libg.a(lib_a-fputwc.o)
                0x00005f68                __fputwc
 .text._fputwc_r
                0x00006018       0x24 c:/program files (x86)/cypress/psoc creator/4.0/psoc creator/import/gnu/arm/4.9.3/bin/../lib/gcc/arm-none-eabi/4.9.3/../../../../arm-none-eabi/lib/armv7-m\libg.a(lib_a-fputwc.o)
                0x00006018                _fputwc_r
 .text._fstat_r
                0x0000603c       0x28 c:/program files (x86)/cypress/psoc creator/4.0/psoc creator/import/gnu/arm/4.9.3/bin/../lib/gcc/arm-none-eabi/4.9.3/../../../../arm-none-eabi/lib/armv7-m\libg.a(lib_a-fstatr.o)
                0x0000603c                _fstat_r
 .text._isatty_r
                0x00006064       0x24 c:/program files (x86)/cypress/psoc creator/4.0/psoc creator/import/gnu/arm/4.9.3/bin/../lib/gcc/arm-none-eabi/4.9.3/../../../../arm-none-eabi/lib/armv7-m\libg.a(lib_a-isattyr.o)
                0x00006064                _isatty_r
 .text._lseek_r
                0x00006088       0x28 c:/program files (x86)/cypress/psoc creator/4.0/psoc creator/import/gnu/arm/4.9.3/bin/../lib/gcc/arm-none-eabi/4.9.3/../../../../arm-none-eabi/lib/armv7-m\libg.a(lib_a-lseekr.o)
                0x00006088                _lseek_r
 .text._read_r  0x000060b0       0x28 c:/program files (x86)/cypress/psoc creator/4.0/psoc creator/import/gnu/arm/4.9.3/bin/../lib/gcc/arm-none-eabi/4.9.3/../../../../arm-none-eabi/lib/armv7-m\libg.a(lib_a-readr.o)
                0x000060b0                _read_r
 .text.__swbuf_r
                0x000060d8       0xa8 c:/program files (x86)/cypress/psoc creator/4.0/psoc creator/import/gnu/arm/4.9.3/bin/../lib/gcc/arm-none-eabi/4.9.3/../../../../arm-none-eabi/lib/armv7-m\libg.a(lib_a-wbuf.o)
                0x000060d8                __swbuf_r
 .text._wcrtomb_r
                0x00006180       0x54 c:/program files (x86)/cypress/psoc creator/4.0/psoc creator/import/gnu/arm/4.9.3/bin/../lib/gcc/arm-none-eabi/4.9.3/../../../../arm-none-eabi/lib/armv7-m\libg.a(lib_a-wcrtomb.o)
                0x00006180                _wcrtomb_r
 .text.__ascii_wctomb
                0x000061d4       0x1c c:/program files (x86)/cypress/psoc creator/4.0/psoc creator/import/gnu/arm/4.9.3/bin/../lib/gcc/arm-none-eabi/4.9.3/../../../../arm-none-eabi/lib/armv7-m\libg.a(lib_a-wctomb_r.o)
                0x000061d4                __ascii_wctomb
 .text          0x000061f0       0x50 c:/program files (x86)/cypress/psoc creator/4.0/psoc creator/import/gnu/arm/4.9.3/bin/../lib/gcc/arm-none-eabi/4.9.3/armv7-m\libgcc.a(_arm_fixdfsi.o)
                0x000061f0                __aeabi_d2iz
                0x000061f0                __fixdfsi
 .text          0x00006240       0x30 c:/program files (x86)/cypress/psoc creator/4.0/psoc creator/import/gnu/arm/4.9.3/bin/../lib/gcc/arm-none-eabi/4.9.3/armv7-m\libgcc.a(_aeabi_uldivmod.o)
                0x00006240                __aeabi_uldivmod
 .text          0x00006270       0x60 c:/program files (x86)/cypress/psoc creator/4.0/psoc creator/import/gnu/arm/4.9.3/bin/../lib/gcc/arm-none-eabi/4.9.3/armv7-m\libgcc.a(bpabi.o)
                0x00006270                __gnu_ldivmod_helper
                0x000062a0                __gnu_uldivmod_helper
 .text          0x000062d0        0x4 c:/program files (x86)/cypress/psoc creator/4.0/psoc creator/import/gnu/arm/4.9.3/bin/../lib/gcc/arm-none-eabi/4.9.3/armv7-m\libgcc.a(_dvmd_tls.o)
                0x000062d0                __aeabi_idiv0
                0x000062d0                __aeabi_ldiv0
 .text          0x000062d4      0x2ac c:/program files (x86)/cypress/psoc creator/4.0/psoc creator/import/gnu/arm/4.9.3/bin/../lib/gcc/arm-none-eabi/4.9.3/armv7-m\libgcc.a(_divdi3.o)
                0x000062d4                __divdi3
 .text          0x00006580      0x270 c:/program files (x86)/cypress/psoc creator/4.0/psoc creator/import/gnu/arm/4.9.3/bin/../lib/gcc/arm-none-eabi/4.9.3/armv7-m\libgcc.a(_udivdi3.o)
                0x00006580                __udivdi3
 .text._close   0x000067f0       0x10 c:/program files (x86)/cypress/psoc creator/4.0/psoc creator/import/gnu/arm/4.9.3/bin/../lib/gcc/arm-none-eabi/4.9.3/../../../../arm-none-eabi/lib/armv7-m\libnosys.a(close.o)
                0x000067f0                _close
 .text._fstat   0x00006800       0x10 c:/program files (x86)/cypress/psoc creator/4.0/psoc creator/import/gnu/arm/4.9.3/bin/../lib/gcc/arm-none-eabi/4.9.3/../../../../arm-none-eabi/lib/armv7-m\libnosys.a(fstat.o)
                0x00006800                _fstat
 .text._isatty  0x00006810       0x10 c:/program files (x86)/cypress/psoc creator/4.0/psoc creator/import/gnu/arm/4.9.3/bin/../lib/gcc/arm-none-eabi/4.9.3/../../../../arm-none-eabi/lib/armv7-m\libnosys.a(isatty.o)
                0x00006810                _isatty
 .text._lseek   0x00006820       0x10 c:/program files (x86)/cypress/psoc creator/4.0/psoc creator/import/gnu/arm/4.9.3/bin/../lib/gcc/arm-none-eabi/4.9.3/../../../../arm-none-eabi/lib/armv7-m\libnosys.a(lseek.o)
                0x00006820                _lseek
 *(.plt)
 *(.gnu.warning)
 *(.glue_7t)
 .glue_7t       0x00000000        0x0 linker stubs
 *(.glue_7)
 .glue_7        0x00000000        0x0 linker stubs
 *(.vfp11_veneer)
 .vfp11_veneer  0x00000000        0x0 linker stubs
 *(.bootloader)
 *(.ARM.extab* .gnu.linkonce.armextab.*)
 *(.gcc_except_table)

.v4_bx          0x00006830        0x0
 .v4_bx         0x00000000        0x0 linker stubs

.iplt           0x00006830        0x0
 .iplt          0x00000000        0x0 c:/program files (x86)/cypress/psoc creator/4.0/psoc creator/import/gnu/arm/4.9.3/bin/../lib/gcc/arm-none-eabi/4.9.3/armv7-m/crtbegin.o

.eh_frame_hdr
 *(.eh_frame_hdr)

.eh_frame       0x00006830        0x4
 *(.eh_frame)
 .eh_frame      0x00006830        0x0 c:/program files (x86)/cypress/psoc creator/4.0/psoc creator/import/gnu/arm/4.9.3/bin/../lib/gcc/arm-none-eabi/4.9.3/armv7-m/crtbegin.o
 .eh_frame      0x00006830        0x0 c:/program files (x86)/cypress/psoc creator/4.0/psoc creator/import/gnu/arm/4.9.3/bin/../lib/gcc/arm-none-eabi/4.9.3/../../../../arm-none-eabi/lib/armv7-m\libg.a(lib_a-strcmp.o)
                                 0x38 (size before relaxing)
 .eh_frame      0x00006830        0x4 c:/program files (x86)/cypress/psoc creator/4.0/psoc creator/import/gnu/arm/4.9.3/bin/../lib/gcc/arm-none-eabi/4.9.3/armv7-m/crtend.o
                0x00006834                PROVIDE (__exidx_start, .)

.ARM.exidx      0x00006834        0x8
 *(.ARM.exidx* .gnu.linkonce.armexidx.*)
 .ARM.exidx     0x00006834        0x8 c:/program files (x86)/cypress/psoc creator/4.0/psoc creator/import/gnu/arm/4.9.3/bin/../lib/gcc/arm-none-eabi/4.9.3/armv7-m\libgcc.a(_divdi3.o)
 .ARM.exidx     0x0000683c        0x0 c:/program files (x86)/cypress/psoc creator/4.0/psoc creator/import/gnu/arm/4.9.3/bin/../lib/gcc/arm-none-eabi/4.9.3/armv7-m\libgcc.a(_udivdi3.o)
                                  0x8 (size before relaxing)
                0x0000683c                __exidx_end = .

.rodata         0x00006840      0x260
 *(.rodata .rodata.* .gnu.linkonce.r.*)
 .rodata.str1.4
                0x00006840       0x5f .\CortexM3\ARM_GCC_493\Debug\main.o
                                 0x60 (size before relaxing)
 *fill*         0x0000689f        0x1 
 .rodata        0x000068a0       0x3c .\CortexM3\ARM_GCC_493\Debug\ZumoBot_Paini.a(cyfitter_cfg.o)
 .rodata.str1.4
                0x000068dc        0x2 c:/program files (x86)/cypress/psoc creator/4.0/psoc creator/import/gnu/arm/4.9.3/bin/../lib/gcc/arm-none-eabi/4.9.3/../../../../arm-none-eabi/lib/armv7-m\libg.a(lib_a-impure.o)
                                  0x4 (size before relaxing)
 *fill*         0x000068de        0x2 
 .rodata._global_impure_ptr
                0x000068e0        0x4 c:/program files (x86)/cypress/psoc creator/4.0/psoc creator/import/gnu/arm/4.9.3/bin/../lib/gcc/arm-none-eabi/4.9.3/../../../../arm-none-eabi/lib/armv7-m\libg.a(lib_a-impure.o)
                0x000068e0                _global_impure_ptr
 .rodata.str1.4
                0x000068e4        0x2 c:/program files (x86)/cypress/psoc creator/4.0/psoc creator/import/gnu/arm/4.9.3/bin/../lib/gcc/arm-none-eabi/4.9.3/../../../../arm-none-eabi/lib/armv7-m\libg.a(lib_a-puts.o)
                                  0x4 (size before relaxing)
 *fill*         0x000068e6        0x2 
 .rodata.zeroes.6931
                0x000068e8       0x10 c:/program files (x86)/cypress/psoc creator/4.0/psoc creator/import/gnu/arm/4.9.3/bin/../lib/gcc/arm-none-eabi/4.9.3/../../../../arm-none-eabi/lib/armv7-m\libg.a(lib_a-vfprintf.o)
 .rodata.str1.4
                0x000068f8       0x42 c:/program files (x86)/cypress/psoc creator/4.0/psoc creator/import/gnu/arm/4.9.3/bin/../lib/gcc/arm-none-eabi/4.9.3/../../../../arm-none-eabi/lib/armv7-m\libg.a(lib_a-vfprintf.o)
                                 0x44 (size before relaxing)
 *fill*         0x0000693a        0x2 
 .rodata.blanks.6930
                0x0000693c       0x10 c:/program files (x86)/cypress/psoc creator/4.0/psoc creator/import/gnu/arm/4.9.3/bin/../lib/gcc/arm-none-eabi/4.9.3/../../../../arm-none-eabi/lib/armv7-m\libg.a(lib_a-vfprintf.o)
 .rodata.str1.4
                0x0000694c       0x10 c:/program files (x86)/cypress/psoc creator/4.0/psoc creator/import/gnu/arm/4.9.3/bin/../lib/gcc/arm-none-eabi/4.9.3/../../../../arm-none-eabi/lib/armv7-m\libg.a(lib_a-dtoa.o)
                                 0x14 (size before relaxing)
 .rodata.str1.4
                0x0000695c        0xc c:/program files (x86)/cypress/psoc creator/4.0/psoc creator/import/gnu/arm/4.9.3/bin/../lib/gcc/arm-none-eabi/4.9.3/../../../../arm-none-eabi/lib/armv7-m\libg.a(lib_a-locale.o)
                                 0x14 (size before relaxing)
 .rodata.p05.5296
                0x00006968        0xc c:/program files (x86)/cypress/psoc creator/4.0/psoc creator/import/gnu/arm/4.9.3/bin/../lib/gcc/arm-none-eabi/4.9.3/../../../../arm-none-eabi/lib/armv7-m\libg.a(lib_a-mprec.o)
 *fill*         0x00006974        0x4 
 .rodata.__mprec_tens
                0x00006978       0xc8 c:/program files (x86)/cypress/psoc creator/4.0/psoc creator/import/gnu/arm/4.9.3/bin/../lib/gcc/arm-none-eabi/4.9.3/../../../../arm-none-eabi/lib/armv7-m\libg.a(lib_a-mprec.o)
                0x00006978                __mprec_tens
 .rodata.__mprec_bigtens
                0x00006a40       0x28 c:/program files (x86)/cypress/psoc creator/4.0/psoc creator/import/gnu/arm/4.9.3/bin/../lib/gcc/arm-none-eabi/4.9.3/../../../../arm-none-eabi/lib/armv7-m\libg.a(lib_a-mprec.o)
                0x00006a40                __mprec_bigtens
                0x00006a68                . = ALIGN (0x4)
 *(.init)
 .init          0x00006a68        0x4 c:/program files (x86)/cypress/psoc creator/4.0/psoc creator/import/gnu/arm/4.9.3/bin/../lib/gcc/arm-none-eabi/4.9.3/armv7-m/crti.o
                0x00006a68                _init
 .init          0x00006a6c        0x8 c:/program files (x86)/cypress/psoc creator/4.0/psoc creator/import/gnu/arm/4.9.3/bin/../lib/gcc/arm-none-eabi/4.9.3/armv7-m/crtn.o
                0x00006a74                . = ALIGN (0x4)
                0x00006a74                __preinit_array_start = .
 *(.preinit_array)
                0x00006a74                __preinit_array_end = .
                0x00006a74                . = ALIGN (0x4)
                0x00006a74                __init_array_start = .
 *(SORT(.init_array.*))
 .init_array.00000
                0x00006a74        0x4 c:/program files (x86)/cypress/psoc creator/4.0/psoc creator/import/gnu/arm/4.9.3/bin/../lib/gcc/arm-none-eabi/4.9.3/../../../../arm-none-eabi/lib/armv7-m\libg.a(lib_a-__call_atexit.o)
 *(.init_array)
 .init_array    0x00006a78        0x4 c:/program files (x86)/cypress/psoc creator/4.0/psoc creator/import/gnu/arm/4.9.3/bin/../lib/gcc/arm-none-eabi/4.9.3/armv7-m/crtbegin.o
 .init_array    0x00006a7c        0x4 .\CortexM3\ARM_GCC_493\Debug\Cm3Start.o
                0x00006a80                __init_array_end = .
                0x00006a80                . = ALIGN (0x4)
 *(.fini)
 .fini          0x00006a80        0x4 c:/program files (x86)/cypress/psoc creator/4.0/psoc creator/import/gnu/arm/4.9.3/bin/../lib/gcc/arm-none-eabi/4.9.3/armv7-m/crti.o
                0x00006a80                _fini
 .fini          0x00006a84        0x8 c:/program files (x86)/cypress/psoc creator/4.0/psoc creator/import/gnu/arm/4.9.3/bin/../lib/gcc/arm-none-eabi/4.9.3/armv7-m/crtn.o
                0x00006a8c                . = ALIGN (0x4)
                0x00006a8c                __fini_array_start = .
 *(.fini_array)
 .fini_array    0x00006a8c        0x4 c:/program files (x86)/cypress/psoc creator/4.0/psoc creator/import/gnu/arm/4.9.3/bin/../lib/gcc/arm-none-eabi/4.9.3/armv7-m/crtbegin.o
 *(SORT(.fini_array.*))
                0x00006a90                __fini_array_end = .
                0x00006a90                . = ALIGN (0x4)
 *crtbegin.o(.ctors)
 *(EXCLUDE_FILE(*crtend.o) .ctors)
 *(SORT(.ctors.*))
 *crtend.o(.ctors)
                0x00006a90                . = ALIGN (0x4)
 *crtbegin.o(.dtors)
 *(EXCLUDE_FILE(*crtend.o) .dtors)
 *(SORT(.dtors.*))
 *crtend.o(.dtors)
                0x00006a90                . = ALIGN (0x4)
                0x00006a90                __cy_regions = .
                0x00006a90        0x4 LONG 0x6aa0 __cy_region_init_ram
                0x00006a94        0x4 LONG 0x1fff8108 __cy_region_start_data
                0x00006a98        0x4 LONG 0x8c0 __cy_region_init_size_ram
                0x00006a9c        0x4 LONG 0x70 __cy_region_zero_size_ram
                0x00006aa0                __cy_regions_end = .
                0x00006aa0                . = ALIGN (0x8)
                0x00006aa0                _etext = .

.cy_checksum_exclude
                0x00006aa0        0x0
 *(.cy_checksum_exclude)

.ramvectors     0x1fff8000      0x100
                0x1fff8000                __cy_region_start_ram = .
 *(.ramvectors)
 .ramvectors    0x1fff8000      0x100 .\CortexM3\ARM_GCC_493\Debug\Cm3Start.o
                0x1fff8000                CyRamVectors

.noinit         0x1fff8100        0x5
 *(.noinit)
 .noinit        0x1fff8100        0x4 .\CortexM3\ARM_GCC_493\Debug\Cm3Start.o
 .noinit        0x1fff8104        0x1 .\CortexM3\ARM_GCC_493\Debug\ZumoBot_Paini.a(CyLib.o)
                0x1fff8104                CyResetStatus

.data           0x1fff8108      0x8c0 load address 0x00006aa0
                0x1fff8108                __cy_region_start_data = .
 *(.jcr)
 .jcr           0x1fff8108        0x0 c:/program files (x86)/cypress/psoc creator/4.0/psoc creator/import/gnu/arm/4.9.3/bin/../lib/gcc/arm-none-eabi/4.9.3/armv7-m/crtbegin.o
 .jcr           0x1fff8108        0x4 c:/program files (x86)/cypress/psoc creator/4.0/psoc creator/import/gnu/arm/4.9.3/bin/../lib/gcc/arm-none-eabi/4.9.3/armv7-m/crtend.o
 *(.got.plt)
 *(.got)
 *(.shdata)
 *(.data .data.* .gnu.linkonce.d.*)
 .data          0x1fff810c        0x8 .\CortexM3\ARM_GCC_493\Debug\Reflectance.o
 .data          0x1fff8114        0x4 .\CortexM3\ARM_GCC_493\Debug\Cm3Start.o
 .data          0x1fff8118       0x10 .\CortexM3\ARM_GCC_493\Debug\ZumoBot_Paini.a(CyLib.o)
                0x1fff8118                cydelay_32k_ms
                0x1fff811c                cydelay_freq_khz
                0x1fff8120                cydelay_freq_mhz
                0x1fff8124                cydelay_freq_hz
 .data.impure_data
                0x1fff8128      0x428 c:/program files (x86)/cypress/psoc creator/4.0/psoc creator/import/gnu/arm/4.9.3/bin/../lib/gcc/arm-none-eabi/4.9.3/../../../../arm-none-eabi/lib/armv7-m\libg.a(lib_a-impure.o)
 .data._impure_ptr
                0x1fff8550        0x4 c:/program files (x86)/cypress/psoc creator/4.0/psoc creator/import/gnu/arm/4.9.3/bin/../lib/gcc/arm-none-eabi/4.9.3/../../../../arm-none-eabi/lib/armv7-m\libg.a(lib_a-impure.o)
                0x1fff8550                _impure_ptr
 .data.lconv    0x1fff8554       0x38 c:/program files (x86)/cypress/psoc creator/4.0/psoc creator/import/gnu/arm/4.9.3/bin/../lib/gcc/arm-none-eabi/4.9.3/../../../../arm-none-eabi/lib/armv7-m\libg.a(lib_a-locale.o)
 .data.lc_ctype_charset
                0x1fff858c       0x20 c:/program files (x86)/cypress/psoc creator/4.0/psoc creator/import/gnu/arm/4.9.3/bin/../lib/gcc/arm-none-eabi/4.9.3/../../../../arm-none-eabi/lib/armv7-m\libg.a(lib_a-locale.o)
 .data.__mb_cur_max
                0x1fff85ac        0x4 c:/program files (x86)/cypress/psoc creator/4.0/psoc creator/import/gnu/arm/4.9.3/bin/../lib/gcc/arm-none-eabi/4.9.3/../../../../arm-none-eabi/lib/armv7-m\libg.a(lib_a-locale.o)
                0x1fff85ac                __mb_cur_max
 .data.__malloc_av_
                0x1fff85b0      0x408 c:/program files (x86)/cypress/psoc creator/4.0/psoc creator/import/gnu/arm/4.9.3/bin/../lib/gcc/arm-none-eabi/4.9.3/../../../../arm-none-eabi/lib/armv7-m\libg.a(lib_a-mallocr.o)
                0x1fff85b0                __malloc_av_
 .data.__malloc_trim_threshold
                0x1fff89b8        0x4 c:/program files (x86)/cypress/psoc creator/4.0/psoc creator/import/gnu/arm/4.9.3/bin/../lib/gcc/arm-none-eabi/4.9.3/../../../../arm-none-eabi/lib/armv7-m\libg.a(lib_a-mallocr.o)
                0x1fff89b8                __malloc_trim_threshold
 .data.__malloc_sbrk_base
                0x1fff89bc        0x4 c:/program files (x86)/cypress/psoc creator/4.0/psoc creator/import/gnu/arm/4.9.3/bin/../lib/gcc/arm-none-eabi/4.9.3/../../../../arm-none-eabi/lib/armv7-m\libg.a(lib_a-mallocr.o)
                0x1fff89bc                __malloc_sbrk_base
 .data.__wctomb
                0x1fff89c0        0x4 c:/program files (x86)/cypress/psoc creator/4.0/psoc creator/import/gnu/arm/4.9.3/bin/../lib/gcc/arm-none-eabi/4.9.3/../../../../arm-none-eabi/lib/armv7-m\libg.a(lib_a-wctomb_r.o)
                0x1fff89c0                __wctomb
                0x1fff89c8                . = ALIGN (0x8)
 *fill*         0x1fff89c4        0x4 
 *(.ram)
                0x1fff89c8                _edata = .

.igot.plt       0x1fff89c8        0x0 load address 0x00007360
 .igot.plt      0x00000000        0x0 c:/program files (x86)/cypress/psoc creator/4.0/psoc creator/import/gnu/arm/4.9.3/bin/../lib/gcc/arm-none-eabi/4.9.3/armv7-m/crtbegin.o

.bss            0x1fff89c8       0x70 load address 0x00007360
                0x1fff89c8                PROVIDE (__bss_start__, .)
 *(.shbss)
 *(.bss .bss.* .gnu.linkonce.b.*)
 .bss           0x1fff89c8       0x1c c:/program files (x86)/cypress/psoc creator/4.0/psoc creator/import/gnu/arm/4.9.3/bin/../lib/gcc/arm-none-eabi/4.9.3/armv7-m/crtbegin.o
 .bss           0x1fff89e4       0x10 .\CortexM3\ARM_GCC_493\Debug\Reflectance.o
 .bss           0x1fff89f4        0x1 .\CortexM3\ARM_GCC_493\Debug\ZumoBot_Paini.a(PWM.o)
                0x1fff89f4                PWM_initVar
 .bss           0x1fff89f5        0x2 .\CortexM3\ARM_GCC_493\Debug\ZumoBot_Paini.a(UART_1.o)
                0x1fff89f5                UART_1_initVar
 .bss           0x1fff89f7        0x1 .\CortexM3\ARM_GCC_493\Debug\ZumoBot_Paini.a(Timer_L3.o)
                0x1fff89f7                Timer_L3_initVar
 .bss           0x1fff89f8        0x1 .\CortexM3\ARM_GCC_493\Debug\ZumoBot_Paini.a(Timer_R3.o)
                0x1fff89f8                Timer_R3_initVar
 .bss           0x1fff89f9        0x1 .\CortexM3\ARM_GCC_493\Debug\ZumoBot_Paini.a(Timer_R1.o)
                0x1fff89f9                Timer_R1_initVar
 .bss           0x1fff89fa        0x1 .\CortexM3\ARM_GCC_493\Debug\ZumoBot_Paini.a(Timer_L1.o)
                0x1fff89fa                Timer_L1_initVar
 *fill*         0x1fff89fb        0x1 
 .bss.__malloc_max_total_mem
                0x1fff89fc        0x4 c:/program files (x86)/cypress/psoc creator/4.0/psoc creator/import/gnu/arm/4.9.3/bin/../lib/gcc/arm-none-eabi/4.9.3/../../../../arm-none-eabi/lib/armv7-m\libg.a(lib_a-mallocr.o)
                0x1fff89fc                __malloc_max_total_mem
 .bss.__malloc_max_sbrked_mem
                0x1fff8a00        0x4 c:/program files (x86)/cypress/psoc creator/4.0/psoc creator/import/gnu/arm/4.9.3/bin/../lib/gcc/arm-none-eabi/4.9.3/../../../../arm-none-eabi/lib/armv7-m\libg.a(lib_a-mallocr.o)
                0x1fff8a00                __malloc_max_sbrked_mem
 .bss.__malloc_top_pad
                0x1fff8a04        0x4 c:/program files (x86)/cypress/psoc creator/4.0/psoc creator/import/gnu/arm/4.9.3/bin/../lib/gcc/arm-none-eabi/4.9.3/../../../../arm-none-eabi/lib/armv7-m\libg.a(lib_a-mallocr.o)
                0x1fff8a04                __malloc_top_pad
 .bss.__malloc_current_mallinfo
                0x1fff8a08       0x28 c:/program files (x86)/cypress/psoc creator/4.0/psoc creator/import/gnu/arm/4.9.3/bin/../lib/gcc/arm-none-eabi/4.9.3/../../../../arm-none-eabi/lib/armv7-m\libg.a(lib_a-mallocr.o)
                0x1fff8a08                __malloc_current_mallinfo
 *(COMMON)
 COMMON         0x1fff8a30        0x4 c:/program files (x86)/cypress/psoc creator/4.0/psoc creator/import/gnu/arm/4.9.3/bin/../lib/gcc/arm-none-eabi/4.9.3/../../../../arm-none-eabi/lib/armv7-m\libg.a(lib_a-reent.o)
                0x1fff8a30                errno
                0x1fff8a38                . = ALIGN (0x8)
 *fill*         0x1fff8a34        0x4 
 *(.ram.b)
                0x1fff8a38                _end = .
                0x1fff8a38                __end = .
                0x1fff8a38                PROVIDE (end, .)
                0x1fff8a38                PROVIDE (__bss_end__, .)
                0x00006aa0                __cy_region_init_ram = LOADADDR (.data)
                0x000008c0                __cy_region_init_size_ram = (_edata - ADDR (.data))
                0x00000070                __cy_region_zero_size_ram = (_end - _edata)

.heap           0x1fff8a38      0x800 load address 0x00007360
                0x1fff8a38                . = _end
                0x1fff9238                . = (. + 0x800)
 *fill*         0x1fff8a38      0x800 
                0x1fff9238                __cy_heap_limit = .

.stack          0x20007800      0x800
                0x20007800                __cy_stack_limit = .
                0x20008000                . = (. + 0x800)
 *fill*         0x20007800      0x800 
                0x00000001                ASSERT ((__cy_stack_limit >= __cy_heap_limit), region RAM overflowed with stack)
                0x00000000                cy_checksum_exclude_size = (CY_APPL_LOADABLE == 0x1)?SIZEOF (.cy_checksum_exclude):0x0
                0x00000001                ASSERT ((cy_checksum_exclude_size <= CY_CHECKSUM_EXCLUDE_SIZE), CY_BOOT: Section .cy_checksum_exclude size exceedes specified limit.)

.cyloadermeta
 *(.cyloadermeta)

.cyloadablemeta
 *(.cyloadablemeta)

.cyconfigecc    0x80000000      0x8b4
 *(.cyconfigecc)
 .cyconfigecc   0x80000000      0x8b4 .\CortexM3\ARM_GCC_493\Debug\cymetadata.o
                0x80000000                cy_meta_configecc

.cycustnvl      0x90000000        0x4
 *(.cycustnvl)
 .cycustnvl     0x90000000        0x4 .\CortexM3\ARM_GCC_493\Debug\cymetadata.o
                0x90000000                cy_meta_custnvl

.cywolatch      0x90100000        0x4
 *(.cywolatch)
 .cywolatch     0x90100000        0x4 .\CortexM3\ARM_GCC_493\Debug\cymetadata.o
                0x90100000                cy_meta_wonvl

.cyeeprom       0x90200000        0x0
 *(.cyeeprom)
                0x00000001                ASSERT ((. <= ((0x90200000 + ee_offset) + ee_size)), .cyeeprom data will not fit in EEPROM)

.cyflashprotect
                0x90400000      0x100
 *(.cyflashprotect)
 .cyflashprotect
                0x90400000      0x100 .\CortexM3\ARM_GCC_493\Debug\cymetadata.o
                0x90400000                cy_meta_flashprotect

.cymeta         0x90500000        0xc
 *(.cymeta)
 .cymeta        0x90500000        0xc .\CortexM3\ARM_GCC_493\Debug\cymetadata.o
                0x90500000                cy_metadata

.rel.dyn        0x00007360        0x0 load address 0x9050000c
 .rel.iplt      0x00000000        0x0 c:/program files (x86)/cypress/psoc creator/4.0/psoc creator/import/gnu/arm/4.9.3/bin/../lib/gcc/arm-none-eabi/4.9.3/armv7-m/crtbegin.o

.stab           0x00000000       0x6c
 *(.stab)
 .stab          0x00000000       0x24 c:/program files (x86)/cypress/psoc creator/4.0/psoc creator/import/gnu/arm/4.9.3/bin/../lib/gcc/arm-none-eabi/4.9.3/../../../../arm-none-eabi/lib/armv7-m\libnosys.a(close.o)
 .stab          0x00000024       0x18 c:/program files (x86)/cypress/psoc creator/4.0/psoc creator/import/gnu/arm/4.9.3/bin/../lib/gcc/arm-none-eabi/4.9.3/../../../../arm-none-eabi/lib/armv7-m\libnosys.a(fstat.o)
                                 0x24 (size before relaxing)
 .stab          0x0000003c       0x18 c:/program files (x86)/cypress/psoc creator/4.0/psoc creator/import/gnu/arm/4.9.3/bin/../lib/gcc/arm-none-eabi/4.9.3/../../../../arm-none-eabi/lib/armv7-m\libnosys.a(isatty.o)
                                 0x24 (size before relaxing)
 .stab          0x00000054       0x18 c:/program files (x86)/cypress/psoc creator/4.0/psoc creator/import/gnu/arm/4.9.3/bin/../lib/gcc/arm-none-eabi/4.9.3/../../../../arm-none-eabi/lib/armv7-m\libnosys.a(lseek.o)
                                 0x24 (size before relaxing)

.stabstr        0x00000000       0xe3
 *(.stabstr)
 .stabstr       0x00000000       0xe3 c:/program files (x86)/cypress/psoc creator/4.0/psoc creator/import/gnu/arm/4.9.3/bin/../lib/gcc/arm-none-eabi/4.9.3/../../../../arm-none-eabi/lib/armv7-m\libnosys.a(close.o)

.debug
 *(.debug)

.line
 *(.line)

.debug_srcinfo
 *(.debug_srcinfo)

.debug_sfnames
 *(.debug_sfnames)

.debug_aranges  0x00000000     0x10a8
 *(.debug_aranges)
 .debug_aranges
                0x00000000       0x30 .\CortexM3\ARM_GCC_493\Debug\main.o
 .debug_aranges
                0x00000030       0x20 .\CortexM3\ARM_GCC_493\Debug\Accel.o
 .debug_aranges
                0x00000050       0x20 .\CortexM3\ARM_GCC_493\Debug\Ambient.o
 .debug_aranges
                0x00000070       0x20 .\CortexM3\ARM_GCC_493\Debug\Gyro.o
 .debug_aranges
                0x00000090       0x30 .\CortexM3\ARM_GCC_493\Debug\I2C_made.o
 .debug_aranges
                0x000000c0       0x40 .\CortexM3\ARM_GCC_493\Debug\IR.o
 .debug_aranges
                0x00000100       0x20 .\CortexM3\ARM_GCC_493\Debug\Magnet.o
 .debug_aranges
                0x00000120       0x48 .\CortexM3\ARM_GCC_493\Debug\Motor.o
 .debug_aranges
                0x00000168       0x30 .\CortexM3\ARM_GCC_493\Debug\Nunchuk.o
 .debug_aranges
                0x00000198       0x40 .\CortexM3\ARM_GCC_493\Debug\Reflectance.o
 .debug_aranges
                0x000001d8       0x38 .\CortexM3\ARM_GCC_493\Debug\Ultra.o
 .debug_aranges
                0x00000210       0x20 .\CortexM3\ARM_GCC_493\Debug\Beep.o
 .debug_aranges
                0x00000230       0x18 .\CortexM3\ARM_GCC_493\Debug\cymetadata.o
 .debug_aranges
                0x00000248       0x48 .\CortexM3\ARM_GCC_493\Debug\Cm3Start.o
 .debug_aranges
                0x00000290       0x58 .\CortexM3\ARM_GCC_493\Debug\ZumoBot_Paini.a(cyfitter_cfg.o)
 .debug_aranges
                0x000002e8       0xa8 .\CortexM3\ARM_GCC_493\Debug\ZumoBot_Paini.a(PWM.o)
 .debug_aranges
                0x00000390       0x38 .\CortexM3\ARM_GCC_493\Debug\ZumoBot_Paini.a(I2C.o)
 .debug_aranges
                0x000003c8       0x20 .\CortexM3\ARM_GCC_493\Debug\ZumoBot_Paini.a(I2C_INT.o)
 .debug_aranges
                0x000003e8       0x38 .\CortexM3\ARM_GCC_493\Debug\ZumoBot_Paini.a(I2C_PM.o)
 .debug_aranges
                0x00000420       0x80 .\CortexM3\ARM_GCC_493\Debug\ZumoBot_Paini.a(I2C_MASTER.o)
 .debug_aranges
                0x000004a0      0x2a0 .\CortexM3\ARM_GCC_493\Debug\ZumoBot_Paini.a(CyLib.o)
 .debug_aranges
                0x00000740       0x98 .\CortexM3\ARM_GCC_493\Debug\ZumoBot_Paini.a(cyPm.o)
 .debug_aranges
                0x000007d8       0x38 .\CortexM3\ARM_GCC_493\Debug\ZumoBot_Paini.a(MotorDirLeft.o)
 .debug_aranges
                0x00000810       0x38 .\CortexM3\ARM_GCC_493\Debug\ZumoBot_Paini.a(MotorDirRight.o)
 .debug_aranges
                0x00000848       0x38 .\CortexM3\ARM_GCC_493\Debug\ZumoBot_Paini.a(IR_led.o)
 .debug_aranges
                0x00000880       0x80 .\CortexM3\ARM_GCC_493\Debug\ZumoBot_Paini.a(sensor_isr.o)
 .debug_aranges
                0x00000900       0xf0 .\CortexM3\ARM_GCC_493\Debug\ZumoBot_Paini.a(UART_1.o)
 .debug_aranges
                0x000009f0       0x38 .\CortexM3\ARM_GCC_493\Debug\ZumoBot_Paini.a(IR_receiver.o)
 .debug_aranges
                0x00000a28       0x38 .\CortexM3\ARM_GCC_493\Debug\ZumoBot_Paini.a(Trig.o)
 .debug_aranges
                0x00000a60       0x88 .\CortexM3\ARM_GCC_493\Debug\ZumoBot_Paini.a(Timer.o)
 .debug_aranges
                0x00000ae8       0x38 .\CortexM3\ARM_GCC_493\Debug\ZumoBot_Paini.a(Echo.o)
 .debug_aranges
                0x00000b20       0x80 .\CortexM3\ARM_GCC_493\Debug\ZumoBot_Paini.a(ultra_isr.o)
 .debug_aranges
                0x00000ba0       0x70 .\CortexM3\ARM_GCC_493\Debug\ZumoBot_Paini.a(UART_1_IntClock.o)
 .debug_aranges
                0x00000c10       0x80 .\CortexM3\ARM_GCC_493\Debug\ZumoBot_Paini.a(Buzzer_PWM.o)
 .debug_aranges
                0x00000c90       0x38 .\CortexM3\ARM_GCC_493\Debug\ZumoBot_Paini.a(L3.o)
 .debug_aranges
                0x00000cc8       0x88 .\CortexM3\ARM_GCC_493\Debug\ZumoBot_Paini.a(Timer_L3.o)
 .debug_aranges
                0x00000d50       0x88 .\CortexM3\ARM_GCC_493\Debug\ZumoBot_Paini.a(Timer_R3.o)
 .debug_aranges
                0x00000dd8       0x88 .\CortexM3\ARM_GCC_493\Debug\ZumoBot_Paini.a(Timer_R1.o)
 .debug_aranges
                0x00000e60       0x38 .\CortexM3\ARM_GCC_493\Debug\ZumoBot_Paini.a(R1.o)
 .debug_aranges
                0x00000e98       0x38 .\CortexM3\ARM_GCC_493\Debug\ZumoBot_Paini.a(R3.o)
 .debug_aranges
                0x00000ed0       0x88 .\CortexM3\ARM_GCC_493\Debug\ZumoBot_Paini.a(Timer_L1.o)
 .debug_aranges
                0x00000f58       0x38 .\CortexM3\ARM_GCC_493\Debug\ZumoBot_Paini.a(L1.o)
 .debug_aranges
                0x00000f90       0x20 .\CortexM3\ARM_GCC_493\Debug\ZumoBot_Paini.a(CyBootAsmGnu.o)
 .debug_aranges
                0x00000fb0       0x80 .\CortexM3\ARM_GCC_493\Debug\ZumoBot_Paini.a(CyFlash.o)
 .debug_aranges
                0x00001030       0x78 .\CortexM3\ARM_GCC_493\Debug\ZumoBot_Paini.a(CySpc.o)

.debug_pubnames
 *(.debug_pubnames)

.debug_info     0x00000000     0x9219
 *(.debug_info .gnu.linkonce.wi.*)
 .debug_info    0x00000000      0x739 .\CortexM3\ARM_GCC_493\Debug\main.o
 .debug_info    0x00000739      0x143 .\CortexM3\ARM_GCC_493\Debug\Accel.o
 .debug_info    0x0000087c      0x119 .\CortexM3\ARM_GCC_493\Debug\Ambient.o
 .debug_info    0x00000995      0x103 .\CortexM3\ARM_GCC_493\Debug\Gyro.o
 .debug_info    0x00000a98      0x322 .\CortexM3\ARM_GCC_493\Debug\I2C_made.o
 .debug_info    0x00000dba      0x205 .\CortexM3\ARM_GCC_493\Debug\IR.o
 .debug_info    0x00000fbf      0x162 .\CortexM3\ARM_GCC_493\Debug\Magnet.o
 .debug_info    0x00001121      0x4a5 .\CortexM3\ARM_GCC_493\Debug\Motor.o
 .debug_info    0x000015c6      0x311 .\CortexM3\ARM_GCC_493\Debug\Nunchuk.o
 .debug_info    0x000018d7      0x5a3 .\CortexM3\ARM_GCC_493\Debug\Reflectance.o
 .debug_info    0x00001e7a      0x6c4 .\CortexM3\ARM_GCC_493\Debug\Ultra.o
 .debug_info    0x0000253e      0x197 .\CortexM3\ARM_GCC_493\Debug\Beep.o
 .debug_info    0x000026d5      0x13f .\CortexM3\ARM_GCC_493\Debug\cymetadata.o
 .debug_info    0x00002814      0x3b3 .\CortexM3\ARM_GCC_493\Debug\Cm3Start.o
 .debug_info    0x00002bc7      0x64d .\CortexM3\ARM_GCC_493\Debug\ZumoBot_Paini.a(cyfitter_cfg.o)
 .debug_info    0x00003214      0x37e .\CortexM3\ARM_GCC_493\Debug\ZumoBot_Paini.a(PWM.o)
 .debug_info    0x00003592      0x2db .\CortexM3\ARM_GCC_493\Debug\ZumoBot_Paini.a(I2C.o)
 .debug_info    0x0000386d      0x17f .\CortexM3\ARM_GCC_493\Debug\ZumoBot_Paini.a(I2C_INT.o)
 .debug_info    0x000039ec      0x1fe .\CortexM3\ARM_GCC_493\Debug\ZumoBot_Paini.a(I2C_PM.o)
 .debug_info    0x00003bea      0x400 .\CortexM3\ARM_GCC_493\Debug\ZumoBot_Paini.a(I2C_MASTER.o)
 .debug_info    0x00003fea     0x1385 .\CortexM3\ARM_GCC_493\Debug\ZumoBot_Paini.a(CyLib.o)
 .debug_info    0x0000536f      0xa57 .\CortexM3\ARM_GCC_493\Debug\ZumoBot_Paini.a(cyPm.o)
 .debug_info    0x00005dc6      0x121 .\CortexM3\ARM_GCC_493\Debug\ZumoBot_Paini.a(MotorDirLeft.o)
 .debug_info    0x00005ee7      0x11f .\CortexM3\ARM_GCC_493\Debug\ZumoBot_Paini.a(MotorDirRight.o)
 .debug_info    0x00006006      0x11f .\CortexM3\ARM_GCC_493\Debug\ZumoBot_Paini.a(IR_led.o)
 .debug_info    0x00006125      0x2cb .\CortexM3\ARM_GCC_493\Debug\ZumoBot_Paini.a(sensor_isr.o)
 .debug_info    0x000063f0      0x603 .\CortexM3\ARM_GCC_493\Debug\ZumoBot_Paini.a(UART_1.o)
 .debug_info    0x000069f3      0x121 .\CortexM3\ARM_GCC_493\Debug\ZumoBot_Paini.a(IR_receiver.o)
 .debug_info    0x00006b14      0x121 .\CortexM3\ARM_GCC_493\Debug\ZumoBot_Paini.a(Trig.o)
 .debug_info    0x00006c35      0x2ce .\CortexM3\ARM_GCC_493\Debug\ZumoBot_Paini.a(Timer.o)
 .debug_info    0x00006f03      0x11f .\CortexM3\ARM_GCC_493\Debug\ZumoBot_Paini.a(Echo.o)
 .debug_info    0x00007022      0x2cb .\CortexM3\ARM_GCC_493\Debug\ZumoBot_Paini.a(ultra_isr.o)
 .debug_info    0x000072ed      0x283 .\CortexM3\ARM_GCC_493\Debug\ZumoBot_Paini.a(UART_1_IntClock.o)
 .debug_info    0x00007570      0x272 .\CortexM3\ARM_GCC_493\Debug\ZumoBot_Paini.a(Buzzer_PWM.o)
 .debug_info    0x000077e2      0x11f .\CortexM3\ARM_GCC_493\Debug\ZumoBot_Paini.a(L3.o)
 .debug_info    0x00007901      0x28e .\CortexM3\ARM_GCC_493\Debug\ZumoBot_Paini.a(Timer_L3.o)
 .debug_info    0x00007b8f      0x28e .\CortexM3\ARM_GCC_493\Debug\ZumoBot_Paini.a(Timer_R3.o)
 .debug_info    0x00007e1d      0x28e .\CortexM3\ARM_GCC_493\Debug\ZumoBot_Paini.a(Timer_R1.o)
 .debug_info    0x000080ab      0x11f .\CortexM3\ARM_GCC_493\Debug\ZumoBot_Paini.a(R1.o)
 .debug_info    0x000081ca      0x11f .\CortexM3\ARM_GCC_493\Debug\ZumoBot_Paini.a(R3.o)
 .debug_info    0x000082e9      0x28e .\CortexM3\ARM_GCC_493\Debug\ZumoBot_Paini.a(Timer_L1.o)
 .debug_info    0x00008577      0x11f .\CortexM3\ARM_GCC_493\Debug\ZumoBot_Paini.a(L1.o)
 .debug_info    0x00008696       0x91 .\CortexM3\ARM_GCC_493\Debug\ZumoBot_Paini.a(CyBootAsmGnu.o)
 .debug_info    0x00008727      0x608 .\CortexM3\ARM_GCC_493\Debug\ZumoBot_Paini.a(CyFlash.o)
 .debug_info    0x00008d2f      0x4ea .\CortexM3\ARM_GCC_493\Debug\ZumoBot_Paini.a(CySpc.o)

.debug_abbrev   0x00000000     0x32d9
 *(.debug_abbrev)
 .debug_abbrev  0x00000000      0x1c1 .\CortexM3\ARM_GCC_493\Debug\main.o
 .debug_abbrev  0x000001c1       0xb7 .\CortexM3\ARM_GCC_493\Debug\Accel.o
 .debug_abbrev  0x00000278       0x95 .\CortexM3\ARM_GCC_493\Debug\Ambient.o
 .debug_abbrev  0x0000030d       0xa5 .\CortexM3\ARM_GCC_493\Debug\Gyro.o
 .debug_abbrev  0x000003b2      0x171 .\CortexM3\ARM_GCC_493\Debug\I2C_made.o
 .debug_abbrev  0x00000523       0xdc .\CortexM3\ARM_GCC_493\Debug\IR.o
 .debug_abbrev  0x000005ff       0xe3 .\CortexM3\ARM_GCC_493\Debug\Magnet.o
 .debug_abbrev  0x000006e2      0x108 .\CortexM3\ARM_GCC_493\Debug\Motor.o
 .debug_abbrev  0x000007ea      0x151 .\CortexM3\ARM_GCC_493\Debug\Nunchuk.o
 .debug_abbrev  0x0000093b      0x151 .\CortexM3\ARM_GCC_493\Debug\Reflectance.o
 .debug_abbrev  0x00000a8c      0x28e .\CortexM3\ARM_GCC_493\Debug\Ultra.o
 .debug_abbrev  0x00000d1a       0xe3 .\CortexM3\ARM_GCC_493\Debug\Beep.o
 .debug_abbrev  0x00000dfd       0x77 .\CortexM3\ARM_GCC_493\Debug\cymetadata.o
 .debug_abbrev  0x00000e74      0x1f7 .\CortexM3\ARM_GCC_493\Debug\Cm3Start.o
 .debug_abbrev  0x0000106b      0x212 .\CortexM3\ARM_GCC_493\Debug\ZumoBot_Paini.a(cyfitter_cfg.o)
 .debug_abbrev  0x0000127d      0x14d .\CortexM3\ARM_GCC_493\Debug\ZumoBot_Paini.a(PWM.o)
 .debug_abbrev  0x000013ca      0x15c .\CortexM3\ARM_GCC_493\Debug\ZumoBot_Paini.a(I2C.o)
 .debug_abbrev  0x00001526       0xbd .\CortexM3\ARM_GCC_493\Debug\ZumoBot_Paini.a(I2C_INT.o)
 .debug_abbrev  0x000015e3      0x12b .\CortexM3\ARM_GCC_493\Debug\ZumoBot_Paini.a(I2C_PM.o)
 .debug_abbrev  0x0000170e      0x13c .\CortexM3\ARM_GCC_493\Debug\ZumoBot_Paini.a(I2C_MASTER.o)
 .debug_abbrev  0x0000184a      0x296 .\CortexM3\ARM_GCC_493\Debug\ZumoBot_Paini.a(CyLib.o)
 .debug_abbrev  0x00001ae0      0x1ed .\CortexM3\ARM_GCC_493\Debug\ZumoBot_Paini.a(cyPm.o)
 .debug_abbrev  0x00001ccd       0x90 .\CortexM3\ARM_GCC_493\Debug\ZumoBot_Paini.a(MotorDirLeft.o)
 .debug_abbrev  0x00001d5d       0x90 .\CortexM3\ARM_GCC_493\Debug\ZumoBot_Paini.a(MotorDirRight.o)
 .debug_abbrev  0x00001ded       0x90 .\CortexM3\ARM_GCC_493\Debug\ZumoBot_Paini.a(IR_led.o)
 .debug_abbrev  0x00001e7d      0x173 .\CortexM3\ARM_GCC_493\Debug\ZumoBot_Paini.a(sensor_isr.o)
 .debug_abbrev  0x00001ff0      0x1a2 .\CortexM3\ARM_GCC_493\Debug\ZumoBot_Paini.a(UART_1.o)
 .debug_abbrev  0x00002192       0x90 .\CortexM3\ARM_GCC_493\Debug\ZumoBot_Paini.a(IR_receiver.o)
 .debug_abbrev  0x00002222       0x90 .\CortexM3\ARM_GCC_493\Debug\ZumoBot_Paini.a(Trig.o)
 .debug_abbrev  0x000022b2      0x154 .\CortexM3\ARM_GCC_493\Debug\ZumoBot_Paini.a(Timer.o)
 .debug_abbrev  0x00002406       0x90 .\CortexM3\ARM_GCC_493\Debug\ZumoBot_Paini.a(Echo.o)
 .debug_abbrev  0x00002496      0x173 .\CortexM3\ARM_GCC_493\Debug\ZumoBot_Paini.a(ultra_isr.o)
 .debug_abbrev  0x00002609      0x139 .\CortexM3\ARM_GCC_493\Debug\ZumoBot_Paini.a(UART_1_IntClock.o)
 .debug_abbrev  0x00002742      0x12d .\CortexM3\ARM_GCC_493\Debug\ZumoBot_Paini.a(Buzzer_PWM.o)
 .debug_abbrev  0x0000286f       0x90 .\CortexM3\ARM_GCC_493\Debug\ZumoBot_Paini.a(L3.o)
 .debug_abbrev  0x000028ff      0x11a .\CortexM3\ARM_GCC_493\Debug\ZumoBot_Paini.a(Timer_L3.o)
 .debug_abbrev  0x00002a19      0x11a .\CortexM3\ARM_GCC_493\Debug\ZumoBot_Paini.a(Timer_R3.o)
 .debug_abbrev  0x00002b33      0x11a .\CortexM3\ARM_GCC_493\Debug\ZumoBot_Paini.a(Timer_R1.o)
 .debug_abbrev  0x00002c4d       0x90 .\CortexM3\ARM_GCC_493\Debug\ZumoBot_Paini.a(R1.o)
 .debug_abbrev  0x00002cdd       0x90 .\CortexM3\ARM_GCC_493\Debug\ZumoBot_Paini.a(R3.o)
 .debug_abbrev  0x00002d6d      0x11a .\CortexM3\ARM_GCC_493\Debug\ZumoBot_Paini.a(Timer_L1.o)
 .debug_abbrev  0x00002e87       0x90 .\CortexM3\ARM_GCC_493\Debug\ZumoBot_Paini.a(L1.o)
 .debug_abbrev  0x00002f17       0x14 .\CortexM3\ARM_GCC_493\Debug\ZumoBot_Paini.a(CyBootAsmGnu.o)
 .debug_abbrev  0x00002f2b      0x1ed .\CortexM3\ARM_GCC_493\Debug\ZumoBot_Paini.a(CyFlash.o)
 .debug_abbrev  0x00003118      0x1c1 .\CortexM3\ARM_GCC_493\Debug\ZumoBot_Paini.a(CySpc.o)

.debug_line     0x00000000     0x45c8
 *(.debug_line)
 .debug_line    0x00000000      0x2da .\CortexM3\ARM_GCC_493\Debug\main.o
 .debug_line    0x000002da      0x179 .\CortexM3\ARM_GCC_493\Debug\Accel.o
 .debug_line    0x00000453       0xe3 .\CortexM3\ARM_GCC_493\Debug\Ambient.o
 .debug_line    0x00000536      0x16f .\CortexM3\ARM_GCC_493\Debug\Gyro.o
 .debug_line    0x000006a5      0x1c1 .\CortexM3\ARM_GCC_493\Debug\I2C_made.o
 .debug_line    0x00000866      0x26f .\CortexM3\ARM_GCC_493\Debug\IR.o
 .debug_line    0x00000ad5      0x185 .\CortexM3\ARM_GCC_493\Debug\Magnet.o
 .debug_line    0x00000c5a      0x237 .\CortexM3\ARM_GCC_493\Debug\Motor.o
 .debug_line    0x00000e91      0x1cd .\CortexM3\ARM_GCC_493\Debug\Nunchuk.o
 .debug_line    0x0000105e      0x26f .\CortexM3\ARM_GCC_493\Debug\Reflectance.o
 .debug_line    0x000012cd      0x212 .\CortexM3\ARM_GCC_493\Debug\Ultra.o
 .debug_line    0x000014df      0x18d .\CortexM3\ARM_GCC_493\Debug\Beep.o
 .debug_line    0x0000166c       0x51 .\CortexM3\ARM_GCC_493\Debug\cymetadata.o
 .debug_line    0x000016bd      0x24f .\CortexM3\ARM_GCC_493\Debug\Cm3Start.o
 .debug_line    0x0000190c      0x213 .\CortexM3\ARM_GCC_493\Debug\ZumoBot_Paini.a(cyfitter_cfg.o)
 .debug_line    0x00001b1f      0x1a7 .\CortexM3\ARM_GCC_493\Debug\ZumoBot_Paini.a(PWM.o)
 .debug_line    0x00001cc6       0xd9 .\CortexM3\ARM_GCC_493\Debug\ZumoBot_Paini.a(I2C.o)
 .debug_line    0x00001d9f      0x114 .\CortexM3\ARM_GCC_493\Debug\ZumoBot_Paini.a(I2C_INT.o)
 .debug_line    0x00001eb3       0xbb .\CortexM3\ARM_GCC_493\Debug\ZumoBot_Paini.a(I2C_PM.o)
 .debug_line    0x00001f6e      0x1fd .\CortexM3\ARM_GCC_493\Debug\ZumoBot_Paini.a(I2C_MASTER.o)
 .debug_line    0x0000216b      0x816 .\CortexM3\ARM_GCC_493\Debug\ZumoBot_Paini.a(CyLib.o)
 .debug_line    0x00002981      0x364 .\CortexM3\ARM_GCC_493\Debug\ZumoBot_Paini.a(cyPm.o)
 .debug_line    0x00002ce5       0x99 .\CortexM3\ARM_GCC_493\Debug\ZumoBot_Paini.a(MotorDirLeft.o)
 .debug_line    0x00002d7e       0x9a .\CortexM3\ARM_GCC_493\Debug\ZumoBot_Paini.a(MotorDirRight.o)
 .debug_line    0x00002e18       0x93 .\CortexM3\ARM_GCC_493\Debug\ZumoBot_Paini.a(IR_led.o)
 .debug_line    0x00002eab      0x137 .\CortexM3\ARM_GCC_493\Debug\ZumoBot_Paini.a(sensor_isr.o)
 .debug_line    0x00002fe2      0x2c0 .\CortexM3\ARM_GCC_493\Debug\ZumoBot_Paini.a(UART_1.o)
 .debug_line    0x000032a2       0x98 .\CortexM3\ARM_GCC_493\Debug\ZumoBot_Paini.a(IR_receiver.o)
 .debug_line    0x0000333a       0x91 .\CortexM3\ARM_GCC_493\Debug\ZumoBot_Paini.a(Trig.o)
 .debug_line    0x000033cb      0x159 .\CortexM3\ARM_GCC_493\Debug\ZumoBot_Paini.a(Timer.o)
 .debug_line    0x00003524       0x91 .\CortexM3\ARM_GCC_493\Debug\ZumoBot_Paini.a(Echo.o)
 .debug_line    0x000035b5      0x136 .\CortexM3\ARM_GCC_493\Debug\ZumoBot_Paini.a(ultra_isr.o)
 .debug_line    0x000036eb      0x17e .\CortexM3\ARM_GCC_493\Debug\ZumoBot_Paini.a(UART_1_IntClock.o)
 .debug_line    0x00003869      0x13f .\CortexM3\ARM_GCC_493\Debug\ZumoBot_Paini.a(Buzzer_PWM.o)
 .debug_line    0x000039a8       0x8f .\CortexM3\ARM_GCC_493\Debug\ZumoBot_Paini.a(L3.o)
 .debug_line    0x00003a37      0x156 .\CortexM3\ARM_GCC_493\Debug\ZumoBot_Paini.a(Timer_L3.o)
 .debug_line    0x00003b8d      0x156 .\CortexM3\ARM_GCC_493\Debug\ZumoBot_Paini.a(Timer_R3.o)
 .debug_line    0x00003ce3      0x156 .\CortexM3\ARM_GCC_493\Debug\ZumoBot_Paini.a(Timer_R1.o)
 .debug_line    0x00003e39       0x8f .\CortexM3\ARM_GCC_493\Debug\ZumoBot_Paini.a(R1.o)
 .debug_line    0x00003ec8       0x8f .\CortexM3\ARM_GCC_493\Debug\ZumoBot_Paini.a(R3.o)
 .debug_line    0x00003f57      0x156 .\CortexM3\ARM_GCC_493\Debug\ZumoBot_Paini.a(Timer_L1.o)
 .debug_line    0x000040ad       0x8f .\CortexM3\ARM_GCC_493\Debug\ZumoBot_Paini.a(L1.o)
 .debug_line    0x0000413c       0x66 .\CortexM3\ARM_GCC_493\Debug\ZumoBot_Paini.a(CyBootAsmGnu.o)
 .debug_line    0x000041a2      0x1ea .\CortexM3\ARM_GCC_493\Debug\ZumoBot_Paini.a(CyFlash.o)
 .debug_line    0x0000438c      0x23c .\CortexM3\ARM_GCC_493\Debug\ZumoBot_Paini.a(CySpc.o)

.debug_frame    0x00000000     0x388c
 *(.debug_frame)
 .debug_frame   0x00000000       0x80 .\CortexM3\ARM_GCC_493\Debug\main.o
 .debug_frame   0x00000080       0x38 .\CortexM3\ARM_GCC_493\Debug\Accel.o
 .debug_frame   0x000000b8       0x3c .\CortexM3\ARM_GCC_493\Debug\Ambient.o
 .debug_frame   0x000000f4       0x2c .\CortexM3\ARM_GCC_493\Debug\Gyro.o
 .debug_frame   0x00000120       0x64 .\CortexM3\ARM_GCC_493\Debug\I2C_made.o
 .debug_frame   0x00000184       0xa4 .\CortexM3\ARM_GCC_493\Debug\IR.o
 .debug_frame   0x00000228       0x2c .\CortexM3\ARM_GCC_493\Debug\Magnet.o
 .debug_frame   0x00000254       0xc8 .\CortexM3\ARM_GCC_493\Debug\Motor.o
 .debug_frame   0x0000031c       0x70 .\CortexM3\ARM_GCC_493\Debug\Nunchuk.o
 .debug_frame   0x0000038c       0x90 .\CortexM3\ARM_GCC_493\Debug\Reflectance.o
 .debug_frame   0x0000041c       0x74 .\CortexM3\ARM_GCC_493\Debug\Ultra.o
 .debug_frame   0x00000490       0x30 .\CortexM3\ARM_GCC_493\Debug\Beep.o
 .debug_frame   0x000004c0       0xb8 .\CortexM3\ARM_GCC_493\Debug\Cm3Start.o
 .debug_frame   0x00000578       0xfc .\CortexM3\ARM_GCC_493\Debug\ZumoBot_Paini.a(cyfitter_cfg.o)
 .debug_frame   0x00000674      0x154 .\CortexM3\ARM_GCC_493\Debug\ZumoBot_Paini.a(PWM.o)
 .debug_frame   0x000007c8       0x94 .\CortexM3\ARM_GCC_493\Debug\ZumoBot_Paini.a(I2C.o)
 .debug_frame   0x0000085c       0x30 .\CortexM3\ARM_GCC_493\Debug\ZumoBot_Paini.a(I2C_INT.o)
 .debug_frame   0x0000088c       0x74 .\CortexM3\ARM_GCC_493\Debug\ZumoBot_Paini.a(I2C_PM.o)
 .debug_frame   0x00000900      0x138 .\CortexM3\ARM_GCC_493\Debug\ZumoBot_Paini.a(I2C_MASTER.o)
 .debug_frame   0x00000a38      0x738 .\CortexM3\ARM_GCC_493\Debug\ZumoBot_Paini.a(CyLib.o)
 .debug_frame   0x00001170      0x1f8 .\CortexM3\ARM_GCC_493\Debug\ZumoBot_Paini.a(cyPm.o)
 .debug_frame   0x00001368       0x50 .\CortexM3\ARM_GCC_493\Debug\ZumoBot_Paini.a(MotorDirLeft.o)
 .debug_frame   0x000013b8       0x50 .\CortexM3\ARM_GCC_493\Debug\ZumoBot_Paini.a(MotorDirRight.o)
 .debug_frame   0x00001408       0x50 .\CortexM3\ARM_GCC_493\Debug\ZumoBot_Paini.a(IR_led.o)
 .debug_frame   0x00001458      0x104 .\CortexM3\ARM_GCC_493\Debug\ZumoBot_Paini.a(sensor_isr.o)
 .debug_frame   0x0000155c      0x250 .\CortexM3\ARM_GCC_493\Debug\ZumoBot_Paini.a(UART_1.o)
 .debug_frame   0x000017ac       0x50 .\CortexM3\ARM_GCC_493\Debug\ZumoBot_Paini.a(IR_receiver.o)
 .debug_frame   0x000017fc       0x50 .\CortexM3\ARM_GCC_493\Debug\ZumoBot_Paini.a(Trig.o)
 .debug_frame   0x0000184c      0x114 .\CortexM3\ARM_GCC_493\Debug\ZumoBot_Paini.a(Timer.o)
 .debug_frame   0x00001960       0x50 .\CortexM3\ARM_GCC_493\Debug\ZumoBot_Paini.a(Echo.o)
 .debug_frame   0x000019b0      0x104 .\CortexM3\ARM_GCC_493\Debug\ZumoBot_Paini.a(ultra_isr.o)
 .debug_frame   0x00001ab4       0xe0 .\CortexM3\ARM_GCC_493\Debug\ZumoBot_Paini.a(UART_1_IntClock.o)
 .debug_frame   0x00001b94       0xf8 .\CortexM3\ARM_GCC_493\Debug\ZumoBot_Paini.a(Buzzer_PWM.o)
 .debug_frame   0x00001c8c       0x50 .\CortexM3\ARM_GCC_493\Debug\ZumoBot_Paini.a(L3.o)
 .debug_frame   0x00001cdc      0x108 .\CortexM3\ARM_GCC_493\Debug\ZumoBot_Paini.a(Timer_L3.o)
 .debug_frame   0x00001de4      0x108 .\CortexM3\ARM_GCC_493\Debug\ZumoBot_Paini.a(Timer_R3.o)
 .debug_frame   0x00001eec      0x108 .\CortexM3\ARM_GCC_493\Debug\ZumoBot_Paini.a(Timer_R1.o)
 .debug_frame   0x00001ff4       0x50 .\CortexM3\ARM_GCC_493\Debug\ZumoBot_Paini.a(R1.o)
 .debug_frame   0x00002044       0x50 .\CortexM3\ARM_GCC_493\Debug\ZumoBot_Paini.a(R3.o)
 .debug_frame   0x00002094      0x108 .\CortexM3\ARM_GCC_493\Debug\ZumoBot_Paini.a(Timer_L1.o)
 .debug_frame   0x0000219c       0x50 .\CortexM3\ARM_GCC_493\Debug\ZumoBot_Paini.a(L1.o)
 .debug_frame   0x000021ec      0x174 .\CortexM3\ARM_GCC_493\Debug\ZumoBot_Paini.a(CyFlash.o)
 .debug_frame   0x00002360      0x160 .\CortexM3\ARM_GCC_493\Debug\ZumoBot_Paini.a(CySpc.o)
 .debug_frame   0x000024c0       0x20 c:/program files (x86)/cypress/psoc creator/4.0/psoc creator/import/gnu/arm/4.9.3/bin/../lib/gcc/arm-none-eabi/4.9.3/../../../../arm-none-eabi/lib/armv7-m\libm.a(lib_a-w_atan2.o)
 .debug_frame   0x000024e0       0x44 c:/program files (x86)/cypress/psoc creator/4.0/psoc creator/import/gnu/arm/4.9.3/bin/../lib/gcc/arm-none-eabi/4.9.3/../../../../arm-none-eabi/lib/armv7-m\libm.a(lib_a-w_pow.o)
 .debug_frame   0x00002524       0x48 c:/program files (x86)/cypress/psoc creator/4.0/psoc creator/import/gnu/arm/4.9.3/bin/../lib/gcc/arm-none-eabi/4.9.3/../../../../arm-none-eabi/lib/armv7-m\libm.a(lib_a-e_atan2.o)
 .debug_frame   0x0000256c       0x64 c:/program files (x86)/cypress/psoc creator/4.0/psoc creator/import/gnu/arm/4.9.3/bin/../lib/gcc/arm-none-eabi/4.9.3/../../../../arm-none-eabi/lib/armv7-m\libm.a(lib_a-e_pow.o)
 .debug_frame   0x000025d0       0x30 c:/program files (x86)/cypress/psoc creator/4.0/psoc creator/import/gnu/arm/4.9.3/bin/../lib/gcc/arm-none-eabi/4.9.3/../../../../arm-none-eabi/lib/armv7-m\libm.a(lib_a-e_sqrt.o)
 .debug_frame   0x00002600       0x38 c:/program files (x86)/cypress/psoc creator/4.0/psoc creator/import/gnu/arm/4.9.3/bin/../lib/gcc/arm-none-eabi/4.9.3/../../../../arm-none-eabi/lib/armv7-m\libm.a(lib_a-s_atan.o)
 .debug_frame   0x00002638       0x20 c:/program files (x86)/cypress/psoc creator/4.0/psoc creator/import/gnu/arm/4.9.3/bin/../lib/gcc/arm-none-eabi/4.9.3/../../../../arm-none-eabi/lib/armv7-m\libm.a(lib_a-s_fabs.o)
 .debug_frame   0x00002658       0x20 c:/program files (x86)/cypress/psoc creator/4.0/psoc creator/import/gnu/arm/4.9.3/bin/../lib/gcc/arm-none-eabi/4.9.3/../../../../arm-none-eabi/lib/armv7-m\libm.a(lib_a-s_finite.o)
 .debug_frame   0x00002678       0x34 c:/program files (x86)/cypress/psoc creator/4.0/psoc creator/import/gnu/arm/4.9.3/bin/../lib/gcc/arm-none-eabi/4.9.3/../../../../arm-none-eabi/lib/armv7-m\libm.a(lib_a-s_fpclassify.o)
 .debug_frame   0x000026ac       0x20 c:/program files (x86)/cypress/psoc creator/4.0/psoc creator/import/gnu/arm/4.9.3/bin/../lib/gcc/arm-none-eabi/4.9.3/../../../../arm-none-eabi/lib/armv7-m\libm.a(lib_a-s_matherr.o)
 .debug_frame   0x000026cc       0x20 c:/program files (x86)/cypress/psoc creator/4.0/psoc creator/import/gnu/arm/4.9.3/bin/../lib/gcc/arm-none-eabi/4.9.3/../../../../arm-none-eabi/lib/armv7-m\libm.a(lib_a-s_nan.o)
 .debug_frame   0x000026ec       0x3c c:/program files (x86)/cypress/psoc creator/4.0/psoc creator/import/gnu/arm/4.9.3/bin/../lib/gcc/arm-none-eabi/4.9.3/../../../../arm-none-eabi/lib/armv7-m\libm.a(lib_a-s_rint.o)
 .debug_frame   0x00002728       0x30 c:/program files (x86)/cypress/psoc creator/4.0/psoc creator/import/gnu/arm/4.9.3/bin/../lib/gcc/arm-none-eabi/4.9.3/../../../../arm-none-eabi/lib/armv7-m\libm.a(lib_a-s_scalbn.o)
 .debug_frame   0x00002758       0x20 c:/program files (x86)/cypress/psoc creator/4.0/psoc creator/import/gnu/arm/4.9.3/bin/../lib/gcc/arm-none-eabi/4.9.3/../../../../arm-none-eabi/lib/armv7-m\libm.a(lib_a-s_copysign.o)
 .debug_frame   0x00002778       0x20 c:/program files (x86)/cypress/psoc creator/4.0/psoc creator/import/gnu/arm/4.9.3/bin/../lib/gcc/arm-none-eabi/4.9.3/../../../../arm-none-eabi/lib/armv7-m\libg.a(lib_a-errno.o)
 .debug_frame   0x00002798       0x28 c:/program files (x86)/cypress/psoc creator/4.0/psoc creator/import/gnu/arm/4.9.3/bin/../lib/gcc/arm-none-eabi/4.9.3/../../../../arm-none-eabi/lib/armv7-m\libg.a(lib_a-exit.o)
 .debug_frame   0x000027c0       0x2c c:/program files (x86)/cypress/psoc creator/4.0/psoc creator/import/gnu/arm/4.9.3/bin/../lib/gcc/arm-none-eabi/4.9.3/../../../../arm-none-eabi/lib/armv7-m\libg.a(lib_a-init.o)
 .debug_frame   0x000027ec       0x34 c:/program files (x86)/cypress/psoc creator/4.0/psoc creator/import/gnu/arm/4.9.3/bin/../lib/gcc/arm-none-eabi/4.9.3/../../../../arm-none-eabi/lib/armv7-m\libg.a(lib_a-memset.o)
 .debug_frame   0x00002820       0x78 c:/program files (x86)/cypress/psoc creator/4.0/psoc creator/import/gnu/arm/4.9.3/bin/../lib/gcc/arm-none-eabi/4.9.3/../../../../arm-none-eabi/lib/armv7-m\libg.a(lib_a-printf.o)
 .debug_frame   0x00002898       0x44 c:/program files (x86)/cypress/psoc creator/4.0/psoc creator/import/gnu/arm/4.9.3/bin/../lib/gcc/arm-none-eabi/4.9.3/../../../../arm-none-eabi/lib/armv7-m\libg.a(lib_a-puts.o)
 .debug_frame   0x000028dc       0x20 c:/program files (x86)/cypress/psoc creator/4.0/psoc creator/import/gnu/arm/4.9.3/bin/../lib/gcc/arm-none-eabi/4.9.3/../../../../arm-none-eabi/lib/armv7-m\libg.a(lib_a-strlen.o)
 .debug_frame   0x000028fc       0x90 c:/program files (x86)/cypress/psoc creator/4.0/psoc creator/import/gnu/arm/4.9.3/bin/../lib/gcc/arm-none-eabi/4.9.3/../../../../arm-none-eabi/lib/armv7-m\libg.a(lib_a-vfprintf.o)
 .debug_frame   0x0000298c       0x2c c:/program files (x86)/cypress/psoc creator/4.0/psoc creator/import/gnu/arm/4.9.3/bin/../lib/gcc/arm-none-eabi/4.9.3/../../../../arm-none-eabi/lib/armv7-m\libg.a(lib_a-wsetup.o)
 .debug_frame   0x000029b8       0x50 c:/program files (x86)/cypress/psoc creator/4.0/psoc creator/import/gnu/arm/4.9.3/bin/../lib/gcc/arm-none-eabi/4.9.3/../../../../arm-none-eabi/lib/armv7-m\libg.a(lib_a-__call_atexit.o)
 .debug_frame   0x00002a08       0x20 c:/program files (x86)/cypress/psoc creator/4.0/psoc creator/import/gnu/arm/4.9.3/bin/../lib/gcc/arm-none-eabi/4.9.3/../../../../arm-none-eabi/lib/armv7-m\libg.a(lib_a-atexit.o)
 .debug_frame   0x00002a28       0x84 c:/program files (x86)/cypress/psoc creator/4.0/psoc creator/import/gnu/arm/4.9.3/bin/../lib/gcc/arm-none-eabi/4.9.3/../../../../arm-none-eabi/lib/armv7-m\libg.a(lib_a-dtoa.o)
 .debug_frame   0x00002aac       0x6c c:/program files (x86)/cypress/psoc creator/4.0/psoc creator/import/gnu/arm/4.9.3/bin/../lib/gcc/arm-none-eabi/4.9.3/../../../../arm-none-eabi/lib/armv7-m\libg.a(lib_a-fflush.o)
 .debug_frame   0x00002b18      0x124 c:/program files (x86)/cypress/psoc creator/4.0/psoc creator/import/gnu/arm/4.9.3/bin/../lib/gcc/arm-none-eabi/4.9.3/../../../../arm-none-eabi/lib/armv7-m\libg.a(lib_a-findfp.o)